Archive member included to satisfy reference by file (symbol)

/opt/st/stm32cubeide_1.6.0/plugins/com.st.stm32cube.ide.mcu.externaltools.gnu-tools-for-stm32.9-2020-q2-update.linux64_1.5.0.202011040924/tools/bin/../lib/gcc/arm-none-eabi/9.3.1/../../../../arm-none-eabi/lib/thumb/v7e-m+fp/hard/libc_nano.a(lib_a-errno.o)
                              Core/Src/syscalls.o (__errno)
/opt/st/stm32cubeide_1.6.0/plugins/com.st.stm32cube.ide.mcu.externaltools.gnu-tools-for-stm32.9-2020-q2-update.linux64_1.5.0.202011040924/tools/bin/../lib/gcc/arm-none-eabi/9.3.1/../../../../arm-none-eabi/lib/thumb/v7e-m+fp/hard/libc_nano.a(lib_a-exit.o)
                              /opt/st/stm32cubeide_1.6.0/plugins/com.st.stm32cube.ide.mcu.externaltools.gnu-tools-for-stm32.9-2020-q2-update.linux64_1.5.0.202011040924/tools/bin/../lib/gcc/arm-none-eabi/9.3.1/../../../../arm-none-eabi/lib/thumb/v7e-m+fp/hard/crt0.o (exit)
/opt/st/stm32cubeide_1.6.0/plugins/com.st.stm32cube.ide.mcu.externaltools.gnu-tools-for-stm32.9-2020-q2-update.linux64_1.5.0.202011040924/tools/bin/../lib/gcc/arm-none-eabi/9.3.1/../../../../arm-none-eabi/lib/thumb/v7e-m+fp/hard/libc_nano.a(lib_a-impure.o)
                              /opt/st/stm32cubeide_1.6.0/plugins/com.st.stm32cube.ide.mcu.externaltools.gnu-tools-for-stm32.9-2020-q2-update.linux64_1.5.0.202011040924/tools/bin/../lib/gcc/arm-none-eabi/9.3.1/../../../../arm-none-eabi/lib/thumb/v7e-m+fp/hard/libc_nano.a(lib_a-exit.o) (_global_impure_ptr)
/opt/st/stm32cubeide_1.6.0/plugins/com.st.stm32cube.ide.mcu.externaltools.gnu-tools-for-stm32.9-2020-q2-update.linux64_1.5.0.202011040924/tools/bin/../lib/gcc/arm-none-eabi/9.3.1/../../../../arm-none-eabi/lib/thumb/v7e-m+fp/hard/libc_nano.a(lib_a-init.o)
                              /opt/st/stm32cubeide_1.6.0/plugins/com.st.stm32cube.ide.mcu.externaltools.gnu-tools-for-stm32.9-2020-q2-update.linux64_1.5.0.202011040924/tools/bin/../lib/gcc/arm-none-eabi/9.3.1/../../../../arm-none-eabi/lib/thumb/v7e-m+fp/hard/crt0.o (__libc_init_array)
/opt/st/stm32cubeide_1.6.0/plugins/com.st.stm32cube.ide.mcu.externaltools.gnu-tools-for-stm32.9-2020-q2-update.linux64_1.5.0.202011040924/tools/bin/../lib/gcc/arm-none-eabi/9.3.1/../../../../arm-none-eabi/lib/thumb/v7e-m+fp/hard/libc_nano.a(lib_a-memcpy-stub.o)
                              Core/Src/app_serial.o (memcpy)
/opt/st/stm32cubeide_1.6.0/plugins/com.st.stm32cube.ide.mcu.externaltools.gnu-tools-for-stm32.9-2020-q2-update.linux64_1.5.0.202011040924/tools/bin/../lib/gcc/arm-none-eabi/9.3.1/../../../../arm-none-eabi/lib/thumb/v7e-m+fp/hard/libc_nano.a(lib_a-memset.o)
                              /opt/st/stm32cubeide_1.6.0/plugins/com.st.stm32cube.ide.mcu.externaltools.gnu-tools-for-stm32.9-2020-q2-update.linux64_1.5.0.202011040924/tools/bin/../lib/gcc/arm-none-eabi/9.3.1/../../../../arm-none-eabi/lib/thumb/v7e-m+fp/hard/crt0.o (memset)
/opt/st/stm32cubeide_1.6.0/plugins/com.st.stm32cube.ide.mcu.externaltools.gnu-tools-for-stm32.9-2020-q2-update.linux64_1.5.0.202011040924/tools/bin/../lib/gcc/arm-none-eabi/9.3.1/thumb/v7e-m+fp/hard/libgcc.a(_arm_muldf3.o)
                              Core/Src/mission.o (__aeabi_dmul)
/opt/st/stm32cubeide_1.6.0/plugins/com.st.stm32cube.ide.mcu.externaltools.gnu-tools-for-stm32.9-2020-q2-update.linux64_1.5.0.202011040924/tools/bin/../lib/gcc/arm-none-eabi/9.3.1/thumb/v7e-m+fp/hard/libgcc.a(_arm_addsubdf3.o)
                              Core/Src/mission.o (__aeabi_dsub)
/opt/st/stm32cubeide_1.6.0/plugins/com.st.stm32cube.ide.mcu.externaltools.gnu-tools-for-stm32.9-2020-q2-update.linux64_1.5.0.202011040924/tools/bin/../lib/gcc/arm-none-eabi/9.3.1/thumb/v7e-m+fp/hard/libgcc.a(_arm_truncdfsf2.o)
                              Core/Src/mission.o (__aeabi_d2f)
/opt/st/stm32cubeide_1.6.0/plugins/com.st.stm32cube.ide.mcu.externaltools.gnu-tools-for-stm32.9-2020-q2-update.linux64_1.5.0.202011040924/tools/bin/../lib/gcc/arm-none-eabi/9.3.1/thumb/v7e-m+fp/hard/libgcc.a(_aeabi_uldivmod.o)
                              Drivers/STM32F4xx_HAL_Driver/Src/stm32f4xx_hal_rcc.o (__aeabi_uldivmod)
/opt/st/stm32cubeide_1.6.0/plugins/com.st.stm32cube.ide.mcu.externaltools.gnu-tools-for-stm32.9-2020-q2-update.linux64_1.5.0.202011040924/tools/bin/../lib/gcc/arm-none-eabi/9.3.1/thumb/v7e-m+fp/hard/libgcc.a(_udivmoddi4.o)
                              /opt/st/stm32cubeide_1.6.0/plugins/com.st.stm32cube.ide.mcu.externaltools.gnu-tools-for-stm32.9-2020-q2-update.linux64_1.5.0.202011040924/tools/bin/../lib/gcc/arm-none-eabi/9.3.1/thumb/v7e-m+fp/hard/libgcc.a(_aeabi_uldivmod.o) (__udivmoddi4)
/opt/st/stm32cubeide_1.6.0/plugins/com.st.stm32cube.ide.mcu.externaltools.gnu-tools-for-stm32.9-2020-q2-update.linux64_1.5.0.202011040924/tools/bin/../lib/gcc/arm-none-eabi/9.3.1/thumb/v7e-m+fp/hard/libgcc.a(_dvmd_tls.o)
[...]
Memory Configuration

Name             Origin             Length             Attributes
CCMRAM           0x0000000010000000 0x0000000000010000 xrw
RAM              0x0000000020000000 0x0000000000030000 xrw
FLASH            0x0000000008000000 0x0000000000200000 xr
*default*        0x0000000000000000 0xffffffffffffffff

Linker script and memory map

LOAD /opt/st/stm32cubeide_1.6.0/plugins/com.st.stm32cube.ide.mcu.externaltools.gnu-tools-for-stm32.9-2020-q2-update.linux64_1.5.0.202011040924/tools/bin/../lib/gcc/arm-none-eabi/9.3.1/thumb/v7e-m+fp/hard/crti.o
LOAD /opt/st/stm32cubeide_1.6.0/plugins/com.st.stm32cube.ide.mcu.externaltools.gnu-tools-for-stm32.9-2020-q2-update.linux64_1.5.0.202011040924/tools/bin/../lib/gcc/arm-none-eabi/9.3.1/thumb/v7e-m+fp/hard/crtbegin.o
LOAD /opt/st/stm32cubeide_1.6.0/plugins/com.st.stm32cube.ide.mcu.externaltools.gnu-tools-for-stm32.9-2020-q2-update.linux64_1.5.0.202011040924/tools/bin/../lib/gcc/arm-none-eabi/9.3.1/../../../../arm-none-eabi/lib/thumb/v7e-m+fp/hard/crt0.o
LOAD Core/Src/GM6020.o
LOAD Core/Src/app_serial.o
LOAD Core/Src/can.o
LOAD Core/Src/can_app.o
LOAD Core/Src/definition.o
LOAD Core/Src/dma.o
LOAD Core/Src/gpio.o
LOAD Core/Src/main.o
LOAD Core/Src/mission.o
LOAD Core/Src/proj_init.o
LOAD Core/Src/stm32f4xx_hal_msp.o
LOAD Core/Src/stm32f4xx_it.o
LOAD Core/Src/syscalls.o
LOAD Core/Src/sysmem.o
LOAD Core/Src/system_stm32f4xx.o
LOAD Core/Src/tim.o
LOAD Core/Src/usart.o
LOAD Core/Startup/startup_stm32f427iihx.o
LOAD Drivers/STM32F4xx_HAL_Driver/Src/stm32f4xx_hal.o
LOAD Drivers/STM32F4xx_HAL_Driver/Src/stm32f4xx_hal_can.o
LOAD Drivers/STM32F4xx_HAL_Driver/Src/stm32f4xx_hal_cortex.o
LOAD Drivers/STM32F4xx_HAL_Driver/Src/stm32f4xx_hal_dma.o
LOAD Drivers/STM32F4xx_HAL_Driver/Src/stm32f4xx_hal_dma_ex.o
LOAD Drivers/STM32F4xx_HAL_Driver/Src/stm32f4xx_hal_exti.o
LOAD Drivers/STM32F4xx_HAL_Driver/Src/stm32f4xx_hal_flash.o
LOAD Drivers/STM32F4xx_HAL_Driver/Src/stm32f4xx_hal_flash_ex.o
LOAD Drivers/STM32F4xx_HAL_Driver/Src/stm32f4xx_hal_flash_ramfunc.o
LOAD Drivers/STM32F4xx_HAL_Driver/Src/stm32f4xx_hal_gpio.o
LOAD Drivers/STM32F4xx_HAL_Driver/Src/stm32f4xx_hal_pwr.o
LOAD Drivers/STM32F4xx_HAL_Driver/Src/stm32f4xx_hal_pwr_ex.o
LOAD Drivers/STM32F4xx_HAL_Driver/Src/stm32f4xx_hal_rcc.o
LOAD Drivers/STM32F4xx_HAL_Driver/Src/stm32f4xx_hal_rcc_ex.o
LOAD Drivers/STM32F4xx_HAL_Driver/Src/stm32f4xx_hal_tim.o
LOAD Drivers/STM32F4xx_HAL_Driver/Src/stm32f4xx_hal_tim_ex.o
LOAD Drivers/STM32F4xx_HAL_Driver/Src/stm32f4xx_hal_uart.o
START GROUP
LOAD /opt/st/stm32cubeide_1.6.0/plugins/com.st.stm32cube.ide.mcu.externaltools.gnu-tools-for-stm32.9-2020-q2-update.linux64_1.5.0.202011040924/tools/bin/../lib/gcc/arm-none-eabi/9.3.1/../../../../arm-none-eabi/lib/thumb/v7e-m+fp/hard/libc_nano.a
LOAD /opt/st/stm32cubeide_1.6.0/plugins/com.st.stm32cube.ide.mcu.externaltools.gnu-tools-for-stm32.9-2020-q2-update.linux64_1.5.0.202011040924/tools/bin/../lib/gcc/arm-none-eabi/9.3.1/../../../../arm-none-eabi/lib/thumb/v7e-m+fp/hard/libm.a
END GROUP
START GROUP
LOAD /opt/st/stm32cubeide_1.6.0/plugins/com.st.stm32cube.ide.mcu.externaltools.gnu-tools-for-stm32.9-2020-q2-update.linux64_1.5.0.202011040924/tools/bin/../lib/gcc/arm-none-eabi/9.3.1/thumb/v7e-m+fp/hard/libgcc.a
LOAD /opt/st/stm32cubeide_1.6.0/plugins/com.st.stm32cube.ide.mcu.externaltools.gnu-tools-for-stm32.9-2020-q2-update.linux64_1.5.0.202011040924/tools/bin/../lib/gcc/arm-none-eabi/9.3.1/../../../../arm-none-eabi/lib/thumb/v7e-m+fp/hard/libc_nano.a
END GROUP
START GROUP
LOAD /opt/st/stm32cubeide_1.6.0/plugins/com.st.stm32cube.ide.mcu.externaltools.gnu-tools-for-stm32.9-2020-q2-update.linux64_1.5.0.202011040924/tools/bin/../lib/gcc/arm-none-eabi/9.3.1/thumb/v7e-m+fp/hard/libgcc.a
LOAD /opt/st/stm32cubeide_1.6.0/plugins/com.st.stm32cube.ide.mcu.externaltools.gnu-tools-for-stm32.9-2020-q2-update.linux64_1.5.0.202011040924/tools/bin/../lib/gcc/arm-none-eabi/9.3.1/../../../../arm-none-eabi/lib/thumb/v7e-m+fp/hard/libc_nano.a
LOAD /opt/st/stm32cubeide_1.6.0/plugins/com.st.stm32cube.ide.mcu.externaltools.gnu-tools-for-stm32.9-2020-q2-update.linux64_1.5.0.202011040924/tools/bin/../lib/gcc/arm-none-eabi/9.3.1/../../../../arm-none-eabi/lib/thumb/v7e-m+fp/hard/libnosys.a
END GROUP
START GROUP
LOAD /opt/st/stm32cubeide_1.6.0/plugins/com.st.stm32cube.ide.mcu.externaltools.gnu-tools-for-stm32.9-2020-q2-update.linux64_1.5.0.202011040924/tools/bin/../lib/gcc/arm-none-eabi/9.3.1/thumb/v7e-m+fp/hard/libgcc.a
LOAD /opt/st/stm32cubeide_1.6.0/plugins/com.st.stm32cube.ide.mcu.externaltools.gnu-tools-for-stm32.9-2020-q2-update.linux64_1.5.0.202011040924/tools/bin/../lib/gcc/arm-none-eabi/9.3.1/../../../../arm-none-eabi/lib/thumb/v7e-m+fp/hard/libc_nano.a
LOAD /opt/st/stm32cubeide_1.6.0/plugins/com.st.stm32cube.ide.mcu.externaltools.gnu-tools-for-stm32.9-2020-q2-update.linux64_1.5.0.202011040924/tools/bin/../lib/gcc/arm-none-eabi/9.3.1/../../../../arm-none-eabi/lib/thumb/v7e-m+fp/hard/libnosys.a
END GROUP
LOAD /opt/st/stm32cubeide_1.6.0/plugins/com.st.stm32cube.ide.mcu.externaltools.gnu-tools-for-stm32.9-2020-q2-update.linux64_1.5.0.202011040924/tools/bin/../lib/gcc/arm-none-eabi/9.3.1/thumb/v7e-m+fp/hard/crtend.o
LOAD /opt/st/stm32cubeide_1.6.0/plugins/com.st.stm32cube.ide.mcu.externaltools.gnu-tools-for-stm32.9-2020-q2-update.linux64_1.5.0.202011040924/tools/bin/../lib/gcc/arm-none-eabi/9.3.1/thumb/v7e-m+fp/hard/crtn.o
                0x0000000020030000                _estack = (ORIGIN (RAM) + LENGTH (RAM))
                0x0000000000000200                _Min_Heap_Size = 0x200
                0x0000000000000400                _Min_Stack_Size = 0x400

.isr_vector     0x0000000008000000      0x1ac
                0x0000000008000000                . = ALIGN (0x4)
 *(.isr_vector)
 .isr_vector    0x0000000008000000      0x1ac Core/Startup/startup_stm32f427iihx.o
                0x0000000008000000                g_pfnVectors
                0x00000000080001ac                . = ALIGN (0x4)

.text           0x00000000080001ac     0x56f0
                0x00000000080001ac                . = ALIGN (0x4)
 *(.text)
 .text          0x00000000080001ac       0x40 /opt/st/stm32cubeide_1.6.0/plugins/com.st.stm32cube.ide.mcu.externaltools.gnu-tools-for-stm32.9-2020-q2-update.linux64_1.5.0.202011040924/tools/bin/../lib/gcc/arm-none-eabi/9.3.1/thumb/v7e-m+fp/hard/crtbegin.o
 .text          0x00000000080001ec      0x254 /opt/st/stm32cubeide_1.6.0/plugins/com.st.stm32cube.ide.mcu.externaltools.gnu-tools-for-stm32.9-2020-q2-update.linux64_1.5.0.202011040924/tools/bin/../lib/gcc/arm-none-eabi/9.3.1/thumb/v7e-m+fp/hard/libgcc.a(_arm_muldf3.o)
                0x00000000080001ec                __aeabi_dmul
                0x00000000080001ec                __muldf3
 .text          0x0000000008000440      0x378 /opt/st/stm32cubeide_1.6.0/plugins/com.st.stm32cube.ide.mcu.externaltools.gnu-tools-for-stm32.9-2020-q2-update.linux64_1.5.0.202011040924/tools/bin/../lib/gcc/arm-none-eabi/9.3.1/thumb/v7e-m+fp/hard/libgcc.a(_arm_addsubdf3.o)
                0x0000000008000440                __aeabi_drsub
                0x0000000008000448                __aeabi_dsub
                0x0000000008000448                __subdf3
                0x000000000800044c                __adddf3
                0x000000000800044c                __aeabi_dadd
                0x00000000080006c4                __aeabi_ui2d
                0x00000000080006c4                __floatunsidf
                0x00000000080006e4                __floatsidf
                0x00000000080006e4                __aeabi_i2d
                0x0000000008000708                __extendsfdf2
                0x0000000008000708                __aeabi_f2d
                0x000000000800074c                __aeabi_ul2d
                0x000000000800074c                __floatundidf
                0x000000000800075c                __floatdidf
                0x000000000800075c                __aeabi_l2d
 .text          0x00000000080007b8       0xa0 /opt/st/stm32cubeide_1.6.0/plugins/com.st.stm32cube.ide.mcu.externaltools.gnu-tools-for-stm32.9-2020-q2-update.linux64_1.5.0.202011040924/tools/bin/../lib/gcc/arm-none-eabi/9.3.1/thumb/v7e-m+fp/hard/libgcc.a(_arm_truncdfsf2.o)
                0x00000000080007b8                __aeabi_d2f
                0x00000000080007b8                __truncdfsf2
 .text          0x0000000008000858       0x30 /opt/st/stm32cubeide_1.6.0/plugins/com.st.stm32cube.ide.mcu.externaltools.gnu-tools-for-stm32.9-2020-q2-update.linux64_1.5.0.202011040924/tools/bin/../lib/gcc/arm-none-eabi/9.3.1/thumb/v7e-m+fp/hard/libgcc.a(_aeabi_uldivmod.o)
                0x0000000008000858                __aeabi_uldivmod
 .text          0x0000000008000888      0x2c4 /opt/st/stm32cubeide_1.6.0/plugins/com.st.stm32cube.ide.mcu.externaltools.gnu-tools-for-stm32.9-2020-q2-update.linux64_1.5.0.202011040924/tools/bin/../lib/gcc/arm-none-eabi/9.3.1/thumb/v7e-m+fp/hard/libgcc.a(_udivmoddi4.o)
                0x0000000008000888                __udivmoddi4
 .text          0x0000000008000b4c        0x4 /opt/st/stm32cubeide_1.6.0/plugins/com.st.stm32cube.ide.mcu.externaltools.gnu-tools-for-stm32.9-2020-q2-update.linux64_1.5.0.202011040924/tools/bin/../lib/gcc/arm-none-eabi/9.3.1/thumb/v7e-m+fp/hard/libgcc.a(_dvmd_tls.o)
                0x0000000008000b4c                __aeabi_ldiv0
                0x0000000008000b4c                __aeabi_idiv0
 *(.text*)
 .text.GM6020_Init
                0x0000000008000b50      0x110 Core/Src/GM6020.o
                0x0000000008000b50                GM6020_Init
 .text.P_Calc   0x0000000008000c60       0x8a Core/Src/GM6020.o
                0x0000000008000c60                P_Calc
 .text.PID_Calc
                0x0000000008000cea       0xfc Core/Src/GM6020.o
                0x0000000008000cea                PID_Calc
 *fill*         0x0000000008000de6        0x2 
 .text.CanTransmit_GM6020_1234
                0x0000000008000de8       0xa8 Core/Src/GM6020.o
                0x0000000008000de8                CanTransmit_GM6020_1234
 .text.get_dji_offset
                0x0000000008000e90       0x60 Core/Src/GM6020.o
                0x0000000008000e90                get_dji_offset
 .text.GM6020_CanMsgDecode
                0x0000000008000ef0       0x88 Core/Src/GM6020.o
                0x0000000008000ef0                GM6020_CanMsgDecode
 .text.GM6020_Update
                0x0000000008000f78      0x34c Core/Src/GM6020.o
                0x0000000008000f78                GM6020_Update
 .text.GM6020_ctrl
                0x00000000080012c4       0xa8 Core/Src/GM6020.o
                0x00000000080012c4                GM6020_ctrl
 .text.Joy_Decode
                0x000000000800136c       0x68 Core/Src/app_serial.o
                0x000000000800136c                Joy_Decode
 .text.IMU_Decode
                0x00000000080013d4       0x58 Core/Src/app_serial.o
                0x00000000080013d4                IMU_Decode
 .text.YOLO_Decode
                0x000000000800142c       0x88 Core/Src/app_serial.o
                0x000000000800142c                YOLO_Decode
 .text.HAL_UART_RxCpltCallback
                0x00000000080014b4       0x4c Core/Src/app_serial.o
                0x00000000080014b4                HAL_UART_RxCpltCallback
 .text.MX_CAN1_Init
                0x0000000008001500       0x6c Core/Src/can.o
                0x0000000008001500                MX_CAN1_Init
 .text.HAL_CAN_MspInit
                0x000000000800156c       0xa0 Core/Src/can.o
                0x000000000800156c                HAL_CAN_MspInit
 .text.CANFilterInit
                0x000000000800160c       0x72 Core/Src/can_app.o
                0x000000000800160c                CANFilterInit
 *fill*         0x000000000800167e        0x2 
 .text.CanDataDecode
                0x0000000008001680       0x30 Core/Src/can_app.o
                0x0000000008001680                CanDataDecode
 .text.HAL_CAN_RxFifo0MsgPendingCallback
                0x00000000080016b0       0x44 Core/Src/can_app.o
                0x00000000080016b0                HAL_CAN_RxFifo0MsgPendingCallback
 .text.MX_DMA_Init
                0x00000000080016f4       0x7c Core/Src/dma.o
                0x00000000080016f4                MX_DMA_Init
 .text.MX_GPIO_Init
                0x0000000008001770       0xa4 Core/Src/gpio.o
                0x0000000008001770                MX_GPIO_Init
 .text.main     0x0000000008001814       0x2e Core/Src/main.o
                0x0000000008001814                main
 *fill*         0x0000000008001842        0x2 
 .text.SystemClock_Config
                0x0000000008001844       0xe0 Core/Src/main.o
                0x0000000008001844                SystemClock_Config
 .text.Error_Handler
                0x0000000008001924        0xa Core/Src/main.o
                0x0000000008001924                Error_Handler
 *fill*         0x000000000800192e        0x2 
 .text.pid_update_for_object_tracking
                0x0000000008001930      0x110 Core/Src/mission.o
                0x0000000008001930                pid_update_for_object_tracking
 .text.mode_change
                0x0000000008001a40      0x1a8 Core/Src/mission.o
                0x0000000008001a40                mode_change
 .text.HAL_TIM_PeriodElapsedCallback
                0x0000000008001be8       0x22 Core/Src/mission.o
                0x0000000008001be8                HAL_TIM_PeriodElapsedCallback
 *fill*         0x0000000008001c0a        0x2 
 .text.proj_init
                0x0000000008001c0c       0x58 Core/Src/proj_init.o
                0x0000000008001c0c                proj_init
 .text.HAL_MspInit
                0x0000000008001c64       0x50 Core/Src/stm32f4xx_hal_msp.o
                0x0000000008001c64                HAL_MspInit
 .text.NMI_Handler
                0x0000000008001cb4        0x6 Core/Src/stm32f4xx_it.o
                0x0000000008001cb4                NMI_Handler
 .text.HardFault_Handler
                0x0000000008001cba        0x6 Core/Src/stm32f4xx_it.o
                0x0000000008001cba                HardFault_Handler
 .text.MemManage_Handler
                0x0000000008001cc0        0x6 Core/Src/stm32f4xx_it.o
                0x0000000008001cc0                MemManage_Handler
 .text.BusFault_Handler
                0x0000000008001cc6        0x6 Core/Src/stm32f4xx_it.o
                0x0000000008001cc6                BusFault_Handler
 .text.UsageFault_Handler
                0x0000000008001ccc        0x6 Core/Src/stm32f4xx_it.o
                0x0000000008001ccc                UsageFault_Handler
 .text.SVC_Handler
                0x0000000008001cd2        0xe Core/Src/stm32f4xx_it.o
                0x0000000008001cd2                SVC_Handler
 .text.DebugMon_Handler
                0x0000000008001ce0        0xe Core/Src/stm32f4xx_it.o
                0x0000000008001ce0                DebugMon_Handler
 .text.PendSV_Handler
                0x0000000008001cee        0xe Core/Src/stm32f4xx_it.o
                0x0000000008001cee                PendSV_Handler
 .text.SysTick_Handler
                0x0000000008001cfc        0xc Core/Src/stm32f4xx_it.o
                0x0000000008001cfc                SysTick_Handler
 .text.DMA1_Stream1_IRQHandler
                0x0000000008001d08       0x14 Core/Src/stm32f4xx_it.o
                0x0000000008001d08                DMA1_Stream1_IRQHandler
 .text.DMA1_Stream6_IRQHandler
                0x0000000008001d1c       0x14 Core/Src/stm32f4xx_it.o
                0x0000000008001d1c                DMA1_Stream6_IRQHandler
 .text.CAN1_RX0_IRQHandler
                0x0000000008001d30       0x14 Core/Src/stm32f4xx_it.o
                0x0000000008001d30                CAN1_RX0_IRQHandler
 .text.TIM2_IRQHandler
                0x0000000008001d44       0x14 Core/Src/stm32f4xx_it.o
                0x0000000008001d44                TIM2_IRQHandler
 .text.DMA2_Stream1_IRQHandler
                0x0000000008001d58       0x14 Core/Src/stm32f4xx_it.o
                0x0000000008001d58                DMA2_Stream1_IRQHandler
 .text.SystemInit
                0x0000000008001d6c       0x24 Core/Src/system_stm32f4xx.o
                0x0000000008001d6c                SystemInit
 .text.MX_TIM2_Init
                0x0000000008001d90       0x9c Core/Src/tim.o
                0x0000000008001d90                MX_TIM2_Init
 .text.HAL_TIM_Base_MspInit
                0x0000000008001e2c       0x4c Core/Src/tim.o
                0x0000000008001e2c                HAL_TIM_Base_MspInit
 .text.MX_UART8_Init
                0x0000000008001e78       0x54 Core/Src/usart.o
                0x0000000008001e78                MX_UART8_Init
 .text.MX_USART3_UART_Init
                0x0000000008001ecc       0x54 Core/Src/usart.o
                0x0000000008001ecc                MX_USART3_UART_Init
 .text.MX_USART6_UART_Init
                0x0000000008001f20       0x54 Core/Src/usart.o
                0x0000000008001f20                MX_USART6_UART_Init
 .text.HAL_UART_MspInit
                0x0000000008001f74      0x29c Core/Src/usart.o
                0x0000000008001f74                HAL_UART_MspInit
 .text.Reset_Handler
                0x0000000008002210       0x50 Core/Startup/startup_stm32f427iihx.o
                0x0000000008002210                Reset_Handler
 .text.Default_Handler
                0x0000000008002260        0x2 Core/Startup/startup_stm32f427iihx.o
                0x0000000008002260                RTC_Alarm_IRQHandler
                0x0000000008002260                HASH_RNG_IRQHandler
                0x0000000008002260                EXTI2_IRQHandler
                0x0000000008002260                TIM8_CC_IRQHandler
                0x0000000008002260                UART8_IRQHandler
                0x0000000008002260                SPI4_IRQHandler
                0x0000000008002260                TIM1_CC_IRQHandler
                0x0000000008002260                DMA2_Stream5_IRQHandler
                0x0000000008002260                DMA1_Stream5_IRQHandler
                0x0000000008002260                PVD_IRQHandler
                0x0000000008002260                SDIO_IRQHandler
                0x0000000008002260                TAMP_STAMP_IRQHandler
                0x0000000008002260                CAN2_RX1_IRQHandler
                0x0000000008002260                EXTI3_IRQHandler
                0x0000000008002260                TIM8_TRG_COM_TIM14_IRQHandler
                0x0000000008002260                TIM1_UP_TIM10_IRQHandler
                0x0000000008002260                TIM8_UP_TIM13_IRQHandler
                0x0000000008002260                I2C3_ER_IRQHandler
                0x0000000008002260                EXTI0_IRQHandler
                0x0000000008002260                I2C2_EV_IRQHandler
                0x0000000008002260                DMA1_Stream2_IRQHandler
                0x0000000008002260                FPU_IRQHandler
                0x0000000008002260                OTG_HS_WKUP_IRQHandler
                0x0000000008002260                CAN2_SCE_IRQHandler
                0x0000000008002260                DMA2_Stream2_IRQHandler
                0x0000000008002260                SPI1_IRQHandler
                0x0000000008002260                TIM6_DAC_IRQHandler
                0x0000000008002260                TIM1_BRK_TIM9_IRQHandler
                0x0000000008002260                DCMI_IRQHandler
                0x0000000008002260                CAN2_RX0_IRQHandler
                0x0000000008002260                DMA2_Stream3_IRQHandler
                0x0000000008002260                USART6_IRQHandler
                0x0000000008002260                USART3_IRQHandler
                0x0000000008002260                CAN1_RX1_IRQHandler
                0x0000000008002260                UART5_IRQHandler
                0x0000000008002260                DMA2_Stream0_IRQHandler
                0x0000000008002260                TIM4_IRQHandler
                0x0000000008002260                I2C1_EV_IRQHandler
                0x0000000008002260                UART4_IRQHandler
                0x0000000008002260                TIM3_IRQHandler
                0x0000000008002260                RCC_IRQHandler
                0x0000000008002260                TIM8_BRK_TIM12_IRQHandler
                0x0000000008002260                Default_Handler
                0x0000000008002260                EXTI15_10_IRQHandler
                0x0000000008002260                ADC_IRQHandler
                0x0000000008002260                DMA1_Stream7_IRQHandler
                0x0000000008002260                SPI5_IRQHandler
                0x0000000008002260                TIM7_IRQHandler
                0x0000000008002260                CAN2_TX_IRQHandler
                0x0000000008002260                TIM5_IRQHandler
                0x0000000008002260                DMA2_Stream7_IRQHandler
                0x0000000008002260                I2C3_EV_IRQHandler
                0x0000000008002260                EXTI9_5_IRQHandler
                0x0000000008002260                RTC_WKUP_IRQHandler
                0x0000000008002260                ETH_WKUP_IRQHandler
                0x0000000008002260                SPI2_IRQHandler
                0x0000000008002260                OTG_HS_EP1_IN_IRQHandler
                0x0000000008002260                DMA1_Stream0_IRQHandler
                0x0000000008002260                CAN1_TX_IRQHandler
                0x0000000008002260                EXTI4_IRQHandler
                0x0000000008002260                ETH_IRQHandler
                0x0000000008002260                OTG_HS_EP1_OUT_IRQHandler
                0x0000000008002260                WWDG_IRQHandler
                0x0000000008002260                SPI6_IRQHandler
                0x0000000008002260                OTG_FS_WKUP_IRQHandler
                0x0000000008002260                TIM1_TRG_COM_TIM11_IRQHandler
                0x0000000008002260                OTG_HS_IRQHandler
                0x0000000008002260                DMA2D_IRQHandler
                0x0000000008002260                EXTI1_IRQHandler
                0x0000000008002260                UART7_IRQHandler
                0x0000000008002260                USART2_IRQHandler
                0x0000000008002260                I2C2_ER_IRQHandler
                0x0000000008002260                CAN1_SCE_IRQHandler
                0x0000000008002260                FLASH_IRQHandler
                0x0000000008002260                DMA2_Stream4_IRQHandler
                0x0000000008002260                USART1_IRQHandler
                0x0000000008002260                OTG_FS_IRQHandler
                0x0000000008002260                SPI3_IRQHandler
                0x0000000008002260                DMA1_Stream4_IRQHandler
                0x0000000008002260                I2C1_ER_IRQHandler
                0x0000000008002260                FMC_IRQHandler
                0x0000000008002260                DMA2_Stream6_IRQHandler
                0x0000000008002260                SAI1_IRQHandler
                0x0000000008002260                DMA1_Stream3_IRQHandler
 *fill*         0x0000000008002262        0x2 
 .text.HAL_Init
                0x0000000008002264       0x44 Drivers/STM32F4xx_HAL_Driver/Src/stm32f4xx_hal.o
                0x0000000008002264                HAL_Init
 .text.HAL_InitTick
                0x00000000080022a8       0x60 Drivers/STM32F4xx_HAL_Driver/Src/stm32f4xx_hal.o
                0x00000000080022a8                HAL_InitTick
 .text.HAL_IncTick
                0x0000000008002308       0x28 Drivers/STM32F4xx_HAL_Driver/Src/stm32f4xx_hal.o
                0x0000000008002308                HAL_IncTick
 .text.HAL_GetTick
                0x0000000008002330       0x18 Drivers/STM32F4xx_HAL_Driver/Src/stm32f4xx_hal.o
                0x0000000008002330                HAL_GetTick
 .text.HAL_CAN_Init
                0x0000000008002348      0x1f6 Drivers/STM32F4xx_HAL_Driver/Src/stm32f4xx_hal_can.o
                0x0000000008002348                HAL_CAN_Init
 *fill*         0x000000000800253e        0x2 
 .text.HAL_CAN_ConfigFilter
                0x0000000008002540      0x1c0 Drivers/STM32F4xx_HAL_Driver/Src/stm32f4xx_hal_can.o
                0x0000000008002540                HAL_CAN_ConfigFilter
 .text.HAL_CAN_Start
                0x0000000008002700       0x88 Drivers/STM32F4xx_HAL_Driver/Src/stm32f4xx_hal_can.o
                0x0000000008002700                HAL_CAN_Start
 .text.HAL_CAN_AddTxMessage
                0x0000000008002788      0x1b6 Drivers/STM32F4xx_HAL_Driver/Src/stm32f4xx_hal_can.o
                0x0000000008002788                HAL_CAN_AddTxMessage
 .text.HAL_CAN_GetTxMailboxesFreeLevel
                0x000000000800293e       0x6a Drivers/STM32F4xx_HAL_Driver/Src/stm32f4xx_hal_can.o
                0x000000000800293e                HAL_CAN_GetTxMailboxesFreeLevel
 .text.HAL_CAN_GetRxMessage
                0x00000000080029a8      0x224 Drivers/STM32F4xx_HAL_Driver/Src/stm32f4xx_hal_can.o
                0x00000000080029a8                HAL_CAN_GetRxMessage
 .text.HAL_CAN_ActivateNotification
                0x0000000008002bcc       0x4c Drivers/STM32F4xx_HAL_Driver/Src/stm32f4xx_hal_can.o
                0x0000000008002bcc                HAL_CAN_ActivateNotification
 .text.HAL_CAN_IRQHandler
                0x0000000008002c18      0x36e Drivers/STM32F4xx_HAL_Driver/Src/stm32f4xx_hal_can.o
                0x0000000008002c18                HAL_CAN_IRQHandler
 .text.HAL_CAN_TxMailbox0CompleteCallback
                0x0000000008002f86       0x14 Drivers/STM32F4xx_HAL_Driver/Src/stm32f4xx_hal_can.o
                0x0000000008002f86                HAL_CAN_TxMailbox0CompleteCallback
 .text.HAL_CAN_TxMailbox1CompleteCallback
                0x0000000008002f9a       0x14 Drivers/STM32F4xx_HAL_Driver/Src/stm32f4xx_hal_can.o
                0x0000000008002f9a                HAL_CAN_TxMailbox1CompleteCallback
 .text.HAL_CAN_TxMailbox2CompleteCallback
                0x0000000008002fae       0x14 Drivers/STM32F4xx_HAL_Driver/Src/stm32f4xx_hal_can.o
                0x0000000008002fae                HAL_CAN_TxMailbox2CompleteCallback
 .text.HAL_CAN_TxMailbox0AbortCallback
                0x0000000008002fc2       0x14 Drivers/STM32F4xx_HAL_Driver/Src/stm32f4xx_hal_can.o
                0x0000000008002fc2                HAL_CAN_TxMailbox0AbortCallback
 .text.HAL_CAN_TxMailbox1AbortCallback
                0x0000000008002fd6       0x14 Drivers/STM32F4xx_HAL_Driver/Src/stm32f4xx_hal_can.o
                0x0000000008002fd6                HAL_CAN_TxMailbox1AbortCallback
 .text.HAL_CAN_TxMailbox2AbortCallback
                0x0000000008002fea       0x14 Drivers/STM32F4xx_HAL_Driver/Src/stm32f4xx_hal_can.o
                0x0000000008002fea                HAL_CAN_TxMailbox2AbortCallback
 .text.HAL_CAN_RxFifo0FullCallback
                0x0000000008002ffe       0x14 Drivers/STM32F4xx_HAL_Driver/Src/stm32f4xx_hal_can.o
                0x0000000008002ffe                HAL_CAN_RxFifo0FullCallback
 .text.HAL_CAN_RxFifo1MsgPendingCallback
                0x0000000008003012       0x14 Drivers/STM32F4xx_HAL_Driver/Src/stm32f4xx_hal_can.o
                0x0000000008003012                HAL_CAN_RxFifo1MsgPendingCallback
 .text.HAL_CAN_RxFifo1FullCallback
                0x0000000008003026       0x14 Drivers/STM32F4xx_HAL_Driver/Src/stm32f4xx_hal_can.o
                0x0000000008003026                HAL_CAN_RxFifo1FullCallback
 .text.HAL_CAN_SleepCallback
                0x000000000800303a       0x14 Drivers/STM32F4xx_HAL_Driver/Src/stm32f4xx_hal_can.o
                0x000000000800303a                HAL_CAN_SleepCallback
 .text.HAL_CAN_WakeUpFromRxMsgCallback
                0x000000000800304e       0x14 Drivers/STM32F4xx_HAL_Driver/Src/stm32f4xx_hal_can.o
                0x000000000800304e                HAL_CAN_WakeUpFromRxMsgCallback
 .text.HAL_CAN_ErrorCallback
                0x0000000008003062       0x14 Drivers/STM32F4xx_HAL_Driver/Src/stm32f4xx_hal_can.o
                0x0000000008003062                HAL_CAN_ErrorCallback
 *fill*         0x0000000008003076        0x2 
 .text.__NVIC_SetPriorityGrouping
                0x0000000008003078       0x48 Drivers/STM32F4xx_HAL_Driver/Src/stm32f4xx_hal_cortex.o
 .text.__NVIC_GetPriorityGrouping
                0x00000000080030c0       0x1c Drivers/STM32F4xx_HAL_Driver/Src/stm32f4xx_hal_cortex.o
 .text.__NVIC_EnableIRQ
                0x00000000080030dc       0x3c Drivers/STM32F4xx_HAL_Driver/Src/stm32f4xx_hal_cortex.o
 .text.__NVIC_SetPriority
                0x0000000008003118       0x54 Drivers/STM32F4xx_HAL_Driver/Src/stm32f4xx_hal_cortex.o
 .text.NVIC_EncodePriority
                0x000000000800316c       0x66 Drivers/STM32F4xx_HAL_Driver/Src/stm32f4xx_hal_cortex.o
 *fill*         0x00000000080031d2        0x2 
 .text.SysTick_Config
                0x00000000080031d4       0x44 Drivers/STM32F4xx_HAL_Driver/Src/stm32f4xx_hal_cortex.o
 .text.HAL_NVIC_SetPriorityGrouping
                0x0000000008003218       0x16 Drivers/STM32F4xx_HAL_Driver/Src/stm32f4xx_hal_cortex.o
                0x0000000008003218                HAL_NVIC_SetPriorityGrouping
 .text.HAL_NVIC_SetPriority
                0x000000000800322e       0x38 Drivers/STM32F4xx_HAL_Driver/Src/stm32f4xx_hal_cortex.o
                0x000000000800322e                HAL_NVIC_SetPriority
 .text.HAL_NVIC_EnableIRQ
                0x0000000008003266       0x1c Drivers/STM32F4xx_HAL_Driver/Src/stm32f4xx_hal_cortex.o
                0x0000000008003266                HAL_NVIC_EnableIRQ
 .text.HAL_SYSTICK_Config
                0x0000000008003282       0x18 Drivers/STM32F4xx_HAL_Driver/Src/stm32f4xx_hal_cortex.o
                0x0000000008003282                HAL_SYSTICK_Config
 *fill*         0x000000000800329a        0x2 
 .text.HAL_DMA_Init
                0x000000000800329c      0x15c Drivers/STM32F4xx_HAL_Driver/Src/stm32f4xx_hal_dma.o
                0x000000000800329c                HAL_DMA_Init
 .text.HAL_DMA_Start_IT
                0x00000000080033f8       0xb0 Drivers/STM32F4xx_HAL_Driver/Src/stm32f4xx_hal_dma.o
                0x00000000080033f8                HAL_DMA_Start_IT
 .text.HAL_DMA_IRQHandler
                0x00000000080034a8      0x314 Drivers/STM32F4xx_HAL_Driver/Src/stm32f4xx_hal_dma.o
                0x00000000080034a8                HAL_DMA_IRQHandler
 .text.DMA_SetConfig
                0x00000000080037bc       0x5c Drivers/STM32F4xx_HAL_Driver/Src/stm32f4xx_hal_dma.o
 .text.DMA_CalcBaseAndBitshift
                0x0000000008003818       0x6c Drivers/STM32F4xx_HAL_Driver/Src/stm32f4xx_hal_dma.o
 .text.DMA_CheckFifoParam
                0x0000000008003884       0xf8 Drivers/STM32F4xx_HAL_Driver/Src/stm32f4xx_hal_dma.o
 .text.HAL_GPIO_Init
                0x000000000800397c      0x358 Drivers/STM32F4xx_HAL_Driver/Src/stm32f4xx_hal_gpio.o
                0x000000000800397c                HAL_GPIO_Init
 .text.HAL_PWREx_EnableOverDrive
                0x0000000008003cd4       0xa0 Drivers/STM32F4xx_HAL_Driver/Src/stm32f4xx_hal_pwr_ex.o
                0x0000000008003cd4                HAL_PWREx_EnableOverDrive
 .text.HAL_RCC_OscConfig
                0x0000000008003d74      0x4f0 Drivers/STM32F4xx_HAL_Driver/Src/stm32f4xx_hal_rcc.o
                0x0000000008003d74                HAL_RCC_OscConfig
 .text.HAL_RCC_ClockConfig
                0x0000000008004264      0x1cc Drivers/STM32F4xx_HAL_Driver/Src/stm32f4xx_hal_rcc.o
                0x0000000008004264                HAL_RCC_ClockConfig
 .text.HAL_RCC_GetSysClockFreq
                0x0000000008004430      0x16c Drivers/STM32F4xx_HAL_Driver/Src/stm32f4xx_hal_rcc.o
                0x0000000008004430                HAL_RCC_GetSysClockFreq
 .text.HAL_RCC_GetHCLKFreq
                0x000000000800459c       0x18 Drivers/STM32F4xx_HAL_Driver/Src/stm32f4xx_hal_rcc.o
                0x000000000800459c                HAL_RCC_GetHCLKFreq
 .text.HAL_RCC_GetPCLK1Freq
                0x00000000080045b4       0x28 Drivers/STM32F4xx_HAL_Driver/Src/stm32f4xx_hal_rcc.o
                0x00000000080045b4                HAL_RCC_GetPCLK1Freq
 .text.HAL_RCC_GetPCLK2Freq
                0x00000000080045dc       0x28 Drivers/STM32F4xx_HAL_Driver/Src/stm32f4xx_hal_rcc.o
                0x00000000080045dc                HAL_RCC_GetPCLK2Freq
 .text.HAL_TIM_Base_Init
                0x0000000008004604       0x9e Drivers/STM32F4xx_HAL_Driver/Src/stm32f4xx_hal_tim.o
                0x0000000008004604                HAL_TIM_Base_Init
 *fill*         0x00000000080046a2        0x2 
 .text.HAL_TIM_Base_Start_IT
                0x00000000080046a4       0xe0 Drivers/STM32F4xx_HAL_Driver/Src/stm32f4xx_hal_tim.o
                0x00000000080046a4                HAL_TIM_Base_Start_IT
 .text.HAL_TIM_IRQHandler
                0x0000000008004784      0x210 Drivers/STM32F4xx_HAL_Driver/Src/stm32f4xx_hal_tim.o
                0x0000000008004784                HAL_TIM_IRQHandler
 .text.HAL_TIM_ConfigClockSource
                0x0000000008004994      0x18e Drivers/STM32F4xx_HAL_Driver/Src/stm32f4xx_hal_tim.o
                0x0000000008004994                HAL_TIM_ConfigClockSource
 .text.HAL_TIM_OC_DelayElapsedCallback
                0x0000000008004b22       0x14 Drivers/STM32F4xx_HAL_Driver/Src/stm32f4xx_hal_tim.o
                0x0000000008004b22                HAL_TIM_OC_DelayElapsedCallback
 .text.HAL_TIM_IC_CaptureCallback
                0x0000000008004b36       0x14 Drivers/STM32F4xx_HAL_Driver/Src/stm32f4xx_hal_tim.o
                0x0000000008004b36                HAL_TIM_IC_CaptureCallback
 .text.HAL_TIM_PWM_PulseFinishedCallback
                0x0000000008004b4a       0x14 Drivers/STM32F4xx_HAL_Driver/Src/stm32f4xx_hal_tim.o
                0x0000000008004b4a                HAL_TIM_PWM_PulseFinishedCallback
 .text.HAL_TIM_TriggerCallback
                0x0000000008004b5e       0x14 Drivers/STM32F4xx_HAL_Driver/Src/stm32f4xx_hal_tim.o
                0x0000000008004b5e                HAL_TIM_TriggerCallback
 *fill*         0x0000000008004b72        0x2 
 .text.TIM_Base_SetConfig
                0x0000000008004b74      0x140 Drivers/STM32F4xx_HAL_Driver/Src/stm32f4xx_hal_tim.o
                0x0000000008004b74                TIM_Base_SetConfig
 .text.TIM_TI1_ConfigInputStage
                0x0000000008004cb4       0x5e Drivers/STM32F4xx_HAL_Driver/Src/stm32f4xx_hal_tim.o
 .text.TIM_TI2_ConfigInputStage
                0x0000000008004d12       0x60 Drivers/STM32F4xx_HAL_Driver/Src/stm32f4xx_hal_tim.o
 .text.TIM_ITRx_SetConfig
                0x0000000008004d72       0x36 Drivers/STM32F4xx_HAL_Driver/Src/stm32f4xx_hal_tim.o
 .text.TIM_ETR_SetConfig
                0x0000000008004da8       0x40 Drivers/STM32F4xx_HAL_Driver/Src/stm32f4xx_hal_tim.o
                0x0000000008004da8                TIM_ETR_SetConfig
 .text.HAL_TIMEx_MasterConfigSynchronization
                0x0000000008004de8       0xf8 Drivers/STM32F4xx_HAL_Driver/Src/stm32f4xx_hal_tim_ex.o
                0x0000000008004de8                HAL_TIMEx_MasterConfigSynchronization
 .text.HAL_TIMEx_CommutCallback
                0x0000000008004ee0       0x14 Drivers/STM32F4xx_HAL_Driver/Src/stm32f4xx_hal_tim_ex.o
                0x0000000008004ee0                HAL_TIMEx_CommutCallback
 .text.HAL_TIMEx_BreakCallback
                0x0000000008004ef4       0x14 Drivers/STM32F4xx_HAL_Driver/Src/stm32f4xx_hal_tim_ex.o
                0x0000000008004ef4                HAL_TIMEx_BreakCallback
 .text.HAL_UART_Init
                0x0000000008004f08       0x9a Drivers/STM32F4xx_HAL_Driver/Src/stm32f4xx_hal_uart.o
                0x0000000008004f08                HAL_UART_Init
 .text.HAL_UART_Receive_DMA
                0x0000000008004fa2       0x60 Drivers/STM32F4xx_HAL_Driver/Src/stm32f4xx_hal_uart.o
                0x0000000008004fa2                HAL_UART_Receive_DMA
 .text.HAL_UART_RxHalfCpltCallback
                0x0000000008005002       0x14 Drivers/STM32F4xx_HAL_Driver/Src/stm32f4xx_hal_uart.o
                0x0000000008005002                HAL_UART_RxHalfCpltCallback
 .text.HAL_UART_ErrorCallback
                0x0000000008005016       0x14 Drivers/STM32F4xx_HAL_Driver/Src/stm32f4xx_hal_uart.o
                0x0000000008005016                HAL_UART_ErrorCallback
 .text.HAL_UARTEx_RxEventCallback
                0x000000000800502a       0x18 Drivers/STM32F4xx_HAL_Driver/Src/stm32f4xx_hal_uart.o
                0x000000000800502a                HAL_UARTEx_RxEventCallback
 .text.UART_DMAReceiveCplt
                0x0000000008005042      0x126 Drivers/STM32F4xx_HAL_Driver/Src/stm32f4xx_hal_uart.o
 .text.UART_DMARxHalfCplt
                0x0000000008005168       0x36 Drivers/STM32F4xx_HAL_Driver/Src/stm32f4xx_hal_uart.o
 .text.UART_DMAError
                0x000000000800519e       0x94 Drivers/STM32F4xx_HAL_Driver/Src/stm32f4xx_hal_uart.o
 *fill*         0x0000000008005232        0x2 
 .text.UART_Start_Receive_DMA
                0x0000000008005234      0x134 Drivers/STM32F4xx_HAL_Driver/Src/stm32f4xx_hal_uart.o
                0x0000000008005234                UART_Start_Receive_DMA
 .text.UART_EndTxTransfer
                0x0000000008005368       0x50 Drivers/STM32F4xx_HAL_Driver/Src/stm32f4xx_hal_uart.o
 .text.UART_EndRxTransfer
                0x00000000080053b8       0xc6 Drivers/STM32F4xx_HAL_Driver/Src/stm32f4xx_hal_uart.o
 *fill*         0x000000000800547e        0x2 
 .text.UART_SetConfig
                0x0000000008005480      0x390 Drivers/STM32F4xx_HAL_Driver/Src/stm32f4xx_hal_uart.o
 .text.__libc_init_array
                0x0000000008005810       0x48 /opt/st/stm32cubeide_1.6.0/plugins/com.st.stm32cube.ide.mcu.externaltools.gnu-tools-for-stm32.9-2020-q2-update.linux64_1.5.0.202011040924/tools/bin/../lib/gcc/arm-none-eabi/9.3.1/../../../../arm-none-eabi/lib/thumb/v7e-m+fp/hard/libc_nano.a(lib_a-init.o)
                0x0000000008005810                __libc_init_array
 .text.memcpy   0x0000000008005858       0x1c /opt/st/stm32cubeide_1.6.0/plugins/com.st.stm32cube.ide.mcu.externaltools.gnu-tools-for-stm32.9-2020-q2-update.linux64_1.5.0.202011040924/tools/bin/../lib/gcc/arm-none-eabi/9.3.1/../../../../arm-none-eabi/lib/thumb/v7e-m+fp/hard/libc_nano.a(lib_a-memcpy-stub.o)
                0x0000000008005858                memcpy
 .text.memset   0x0000000008005874       0x10 /opt/st/stm32cubeide_1.6.0/plugins/com.st.stm32cube.ide.mcu.externaltools.gnu-tools-for-stm32.9-2020-q2-update.linux64_1.5.0.202011040924/tools/bin/../lib/gcc/arm-none-eabi/9.3.1/../../../../arm-none-eabi/lib/thumb/v7e-m+fp/hard/libc_nano.a(lib_a-memset.o)
                0x0000000008005874                memset
 *(.glue_7)
 .glue_7        0x0000000008005884        0x0 linker stubs
 *(.glue_7t)
 .glue_7t       0x0000000008005884        0x0 linker stubs
 *(.eh_frame)
 .eh_frame      0x0000000008005884        0x0 /opt/st/stm32cubeide_1.6.0/plugins/com.st.stm32cube.ide.mcu.externaltools.gnu-tools-for-stm32.9-2020-q2-update.linux64_1.5.0.202011040924/tools/bin/../lib/gcc/arm-none-eabi/9.3.1/thumb/v7e-m+fp/hard/crtbegin.o
 *(.init)
 .init          0x0000000008005884        0x4 /opt/st/stm32cubeide_1.6.0/plugins/com.st.stm32cube.ide.mcu.externaltools.gnu-tools-for-stm32.9-2020-q2-update.linux64_1.5.0.202011040924/tools/bin/../lib/gcc/arm-none-eabi/9.3.1/thumb/v7e-m+fp/hard/crti.o
                0x0000000008005884                _init
 .init          0x0000000008005888        0x8 /opt/st/stm32cubeide_1.6.0/plugins/com.st.stm32cube.ide.mcu.externaltools.gnu-tools-for-stm32.9-2020-q2-update.linux64_1.5.0.202011040924/tools/bin/../lib/gcc/arm-none-eabi/9.3.1/thumb/v7e-m+fp/hard/crtn.o
 *(.fini)
 .fini          0x0000000008005890        0x4 /opt/st/stm32cubeide_1.6.0/plugins/com.st.stm32cube.ide.mcu.externaltools.gnu-tools-for-stm32.9-2020-q2-update.linux64_1.5.0.202011040924/tools/bin/../lib/gcc/arm-none-eabi/9.3.1/thumb/v7e-m+fp/hard/crti.o
                0x0000000008005890                _fini
 .fini          0x0000000008005894        0x8 /opt/st/stm32cubeide_1.6.0/plugins/com.st.stm32cube.ide.mcu.externaltools.gnu-tools-for-stm32.9-2020-q2-update.linux64_1.5.0.202011040924/tools/bin/../lib/gcc/arm-none-eabi/9.3.1/thumb/v7e-m+fp/hard/crtn.o
                0x000000000800589c                . = ALIGN (0x4)
                0x000000000800589c                _etext = .

.vfp11_veneer   0x000000000800589c        0x0
 .vfp11_veneer  0x000000000800589c        0x0 linker stubs

.v4_bx          0x000000000800589c        0x0
 .v4_bx         0x000000000800589c        0x0 linker stubs

.iplt           0x000000000800589c        0x0
 .iplt          0x000000000800589c        0x0 /opt/st/stm32cubeide_1.6.0/plugins/com.st.stm32cube.ide.mcu.externaltools.gnu-tools-for-stm32.9-2020-q2-update.linux64_1.5.0.202011040924/tools/bin/../lib/gcc/arm-none-eabi/9.3.1/thumb/v7e-m+fp/hard/crtbegin.o

.rodata         0x000000000800589c       0x20
                0x000000000800589c                . = ALIGN (0x4)
 *(.rodata)
 *(.rodata*)
 .rodata.AHBPrescTable
                0x000000000800589c       0x10 Core/Src/system_stm32f4xx.o
                0x000000000800589c                AHBPrescTable
 .rodata.APBPrescTable
                0x00000000080058ac        0x8 Core/Src/system_stm32f4xx.o
                0x00000000080058ac                APBPrescTable
 .rodata.flagBitshiftOffset.8551
                0x00000000080058b4        0x8 Drivers/STM32F4xx_HAL_Driver/Src/stm32f4xx_hal_dma.o
                0x00000000080058bc                . = ALIGN (0x4)

.ARM.extab      0x00000000080058bc        0x0
                0x00000000080058bc                . = ALIGN (0x4)
 *(.ARM.extab* .gnu.linkonce.armextab.*)
                0x00000000080058bc                . = ALIGN (0x4)

.ARM            0x00000000080058bc        0x8
                0x00000000080058bc                . = ALIGN (0x4)
                0x00000000080058bc                __exidx_start = .
 *(.ARM.exidx*)
 .ARM.exidx     0x00000000080058bc        0x8 /opt/st/stm32cubeide_1.6.0/plugins/com.st.stm32cube.ide.mcu.externaltools.gnu-tools-for-stm32.9-2020-q2-update.linux64_1.5.0.202011040924/tools/bin/../lib/gcc/arm-none-eabi/9.3.1/thumb/v7e-m+fp/hard/libgcc.a(_udivmoddi4.o)
                0x00000000080058c4                __exidx_end = .
                0x00000000080058c4                . = ALIGN (0x4)

.rel.dyn        0x00000000080058c4        0x0
 .rel.iplt      0x00000000080058c4        0x0 /opt/st/stm32cubeide_1.6.0/plugins/com.st.stm32cube.ide.mcu.externaltools.gnu-tools-for-stm32.9-2020-q2-update.linux64_1.5.0.202011040924/tools/bin/../lib/gcc/arm-none-eabi/9.3.1/thumb/v7e-m+fp/hard/crtbegin.o

.preinit_array  0x00000000080058c4        0x0
                0x00000000080058c4                . = ALIGN (0x4)
                0x00000000080058c4                PROVIDE (__preinit_array_start = .)
 *(.preinit_array*)
                0x00000000080058c4                PROVIDE (__preinit_array_end = .)
                0x00000000080058c4                . = ALIGN (0x4)

.init_array     0x00000000080058c4        0x4
                0x00000000080058c4                . = ALIGN (0x4)
                0x00000000080058c4                PROVIDE (__init_array_start = .)
 *(SORT_BY_NAME(.init_array.*))
 *(.init_array*)
 .init_array    0x00000000080058c4        0x4 /opt/st/stm32cubeide_1.6.0/plugins/com.st.stm32cube.ide.mcu.externaltools.gnu-tools-for-stm32.9-2020-q2-update.linux64_1.5.0.202011040924/tools/bin/../lib/gcc/arm-none-eabi/9.3.1/thumb/v7e-m+fp/hard/crtbegin.o
                0x00000000080058c8                PROVIDE (__init_array_end = .)
                0x00000000080058c8                . = ALIGN (0x4)

.fini_array     0x00000000080058c8        0x4
                0x00000000080058c8                . = ALIGN (0x4)
                [!provide]                        PROVIDE (__fini_array_start = .)
 *(SORT_BY_NAME(.fini_array.*))
 *(.fini_array*)
 .fini_array    0x00000000080058c8        0x4 /opt/st/stm32cubeide_1.6.0/plugins/com.st.stm32cube.ide.mcu.externaltools.gnu-tools-for-stm32.9-2020-q2-update.linux64_1.5.0.202011040924/tools/bin/../lib/gcc/arm-none-eabi/9.3.1/thumb/v7e-m+fp/hard/crtbegin.o
                [!provide]                        PROVIDE (__fini_array_end = .)
                0x00000000080058cc                . = ALIGN (0x4)
                0x00000000080058cc                _sidata = LOADADDR (.data)

.data           0x0000000020000000        0xc load address 0x00000000080058cc
                0x0000000020000000                . = ALIGN (0x4)
                0x0000000020000000                _sdata = .
 *(.data)
 *(.data*)
 .data.SystemCoreClock
                0x0000000020000000        0x4 Core/Src/system_stm32f4xx.o
                0x0000000020000000                SystemCoreClock
 .data.uwTickPrio
                0x0000000020000004        0x4 Drivers/STM32F4xx_HAL_Driver/Src/stm32f4xx_hal.o
                0x0000000020000004                uwTickPrio
 .data.uwTickFreq
                0x0000000020000008        0x1 Drivers/STM32F4xx_HAL_Driver/Src/stm32f4xx_hal.o
                0x0000000020000008                uwTickFreq
 *(.RamFunc)
 *(.RamFunc*)
                0x000000002000000c                . = ALIGN (0x4)
 *fill*         0x0000000020000009        0x3 
                0x000000002000000c                _edata = .

.igot.plt       0x000000002000000c        0x0 load address 0x00000000080058d8
 .igot.plt      0x000000002000000c        0x0 /opt/st/stm32cubeide_1.6.0/plugins/com.st.stm32cube.ide.mcu.externaltools.gnu-tools-for-stm32.9-2020-q2-update.linux64_1.5.0.202011040924/tools/bin/../lib/gcc/arm-none-eabi/9.3.1/thumb/v7e-m+fp/hard/crtbegin.o
                0x000000002000000c                . = ALIGN (0x4)

.bss            0x000000002000000c      0x794 load address 0x00000000080058d8
                0x000000002000000c                _sbss = .
                0x000000002000000c                __bss_start__ = _sbss
 *(.bss)
 .bss           0x000000002000000c       0x1c /opt/st/stm32cubeide_1.6.0/plugins/com.st.stm32cube.ide.mcu.externaltools.gnu-tools-for-stm32.9-2020-q2-update.linux64_1.5.0.202011040924/tools/bin/../lib/gcc/arm-none-eabi/9.3.1/thumb/v7e-m+fp/hard/crtbegin.o
 *(.bss*)
 .bss.TxMailbox
                0x0000000020000028        0x4 Core/Src/GM6020.o
 .bss.flag_counter
                0x000000002000002c        0x1 Core/Src/definition.o
                0x000000002000002c                flag_counter
 *(COMMON)
 *fill*         0x000000002000002d        0x3 
 COMMON         0x0000000020000030      0x39c Core/Src/GM6020.o
                0x0000000020000030                h6020s
 COMMON         0x00000000200003cc       0x28 Core/Src/can.o
                0x00000000200003cc                hcan1
 COMMON         0x00000000200003f4        0x8 Core/Src/can_app.o
                0x00000000200003f4                CanReceiveData
 COMMON         0x00000000200003fc      0x16a Core/Src/definition.o
                0x00000000200003fc                imu_raw_data
                0x00000000200004a0                joy_raw_data
                0x00000000200004bc                imu_revbag
                0x0000000020000510                yolo_revbag
                0x0000000020000528                joy_revbag
                0x0000000020000538                yolo_raw_data
 *fill*         0x0000000020000566        0x2 
 COMMON         0x0000000020000568       0x48 Core/Src/tim.o
                0x0000000020000568                htim2
 COMMON         0x00000000200005b0      0x1ec Core/Src/usart.o
                0x00000000200005b0                hdma_usart6_rx
                0x0000000020000610                hdma_usart3_rx
                0x0000000020000670                huart3
                0x00000000200006b4                hdma_uart8_rx
                0x0000000020000714                huart8
                0x0000000020000758                huart6
 COMMON         0x000000002000079c        0x4 Drivers/STM32F4xx_HAL_Driver/Src/stm32f4xx_hal.o
                0x000000002000079c                uwTick
                0x00000000200007a0                . = ALIGN (0x4)
                0x00000000200007a0                _ebss = .
                0x00000000200007a0                __bss_end__ = _ebss

._user_heap_stack
                0x00000000200007a0      0x600 load address 0x00000000080058d8
                0x00000000200007a0                . = ALIGN (0x8)
                [!provide]                        PROVIDE (end = .)
                0x00000000200007a0                PROVIDE (_end = .)
                0x00000000200009a0                . = (. + _Min_Heap_Size)
 *fill*         0x00000000200007a0      0x200 
                0x0000000020000da0                . = (. + _Min_Stack_Size)
 *fill*         0x00000000200009a0      0x400 
                0x0000000020000da0                . = ALIGN (0x8)

/DISCARD/
 libc.a(*)
 libm.a(*)
 libgcc.a(*)

.ARM.attributes
                0x0000000000000000       0x30
 *(.ARM.attributes)
 .ARM.attributes
                0x0000000000000000       0x1e /opt/st/stm32cubeide_1.6.0/plugins/com.st.stm32cube.ide.mcu.externaltools.gnu-tools-for-stm32.9-2020-q2-update.linux64_1.5.0.202011040924/tools/bin/../lib/gcc/arm-none-eabi/9.3.1/thumb/v7e-m+fp/hard/crti.o
 .ARM.attributes
                0x000000000000001e       0x34 /opt/st/stm32cubeide_1.6.0/plugins/com.st.stm32cube.ide.mcu.externaltools.gnu-tools-for-stm32.9-2020-q2-update.linux64_1.5.0.202011040924/tools/bin/../lib/gcc/arm-none-eabi/9.3.1/thumb/v7e-m+fp/hard/crtbegin.o
 .ARM.attributes
                0x0000000000000052       0x34 Core/Src/GM6020.o
 .ARM.attributes
                0x0000000000000086       0x34 Core/Src/app_serial.o
 .ARM.attributes
                0x00000000000000ba       0x34 Core/Src/can.o
 .ARM.attributes
                0x00000000000000ee       0x34 Core/Src/can_app.o
 .ARM.attributes
                0x0000000000000122       0x39 Core/Src/definition.o
 .ARM.attributes
                0x000000000000015b       0x34 Core/Src/dma.o
 .ARM.attributes
                0x000000000000018f       0x34 Core/Src/gpio.o
 .ARM.attributes
                0x00000000000001c3       0x34 Core/Src/main.o
 .ARM.attributes
                0x00000000000001f7       0x34 Core/Src/mission.o
 .ARM.attributes
                0x000000000000022b       0x34 Core/Src/proj_init.o
 .ARM.attributes
                0x000000000000025f       0x34 Core/Src/stm32f4xx_hal_msp.o
 .ARM.attributes
                0x0000000000000293       0x34 Core/Src/stm32f4xx_it.o
 .ARM.attributes
                0x00000000000002c7       0x34 Core/Src/system_stm32f4xx.o
 .ARM.attributes
                0x00000000000002fb       0x34 Core/Src/tim.o
 .ARM.attributes
                0x000000000000032f       0x34 Core/Src/usart.o
 .ARM.attributes
                0x0000000000000363       0x21 Core/Startup/startup_stm32f427iihx.o
 .ARM.attributes
                0x0000000000000384       0x34 Drivers/STM32F4xx_HAL_Driver/Src/stm32f4xx_hal.o
 .ARM.attributes
                0x00000000000003b8       0x34 Drivers/STM32F4xx_HAL_Driver/Src/stm32f4xx_hal_can.o
 .ARM.attributes
                0x00000000000003ec       0x34 Drivers/STM32F4xx_HAL_Driver/Src/stm32f4xx_hal_cortex.o
 .ARM.attributes
                0x0000000000000420       0x34 Drivers/STM32F4xx_HAL_Driver/Src/stm32f4xx_hal_dma.o
 .ARM.attributes
                0x0000000000000454       0x34 Drivers/STM32F4xx_HAL_Driver/Src/stm32f4xx_hal_gpio.o
 .ARM.attributes
                0x0000000000000488       0x34 Drivers/STM32F4xx_HAL_Driver/Src/stm32f4xx_hal_pwr_ex.o
 .ARM.attributes
                0x00000000000004bc       0x34 Drivers/STM32F4xx_HAL_Driver/Src/stm32f4xx_hal_rcc.o
 .ARM.attributes
                0x00000000000004f0       0x34 Drivers/STM32F4xx_HAL_Driver/Src/stm32f4xx_hal_tim.o
 .ARM.attributes
                0x0000000000000524       0x34 Drivers/STM32F4xx_HAL_Driver/Src/stm32f4xx_hal_tim_ex.o
 .ARM.attributes
                0x0000000000000558       0x34 Drivers/STM32F4xx_HAL_Driver/Src/stm32f4xx_hal_uart.o
 .ARM.attributes
                0x000000000000058c       0x34 /opt/st/stm32cubeide_1.6.0/plugins/com.st.stm32cube.ide.mcu.externaltools.gnu-tools-for-stm32.9-2020-q2-update.linux64_1.5.0.202011040924/tools/bin/../lib/gcc/arm-none-eabi/9.3.1/../../../../arm-none-eabi/lib/thumb/v7e-m+fp/hard/libc_nano.a(lib_a-init.o)
 .ARM.attributes
                0x00000000000005c0       0x34 /opt/st/stm32cubeide_1.6.0/plugins/com.st.stm32cube.ide.mcu.externaltools.gnu-tools-for-stm32.9-2020-q2-update.linux64_1.5.0.202011040924/tools/bin/../lib/gcc/arm-none-eabi/9.3.1/../../../../arm-none-eabi/lib/thumb/v7e-m+fp/hard/libc_nano.a(lib_a-memcpy-stub.o)
 .ARM.attributes
                0x00000000000005f4       0x34 /opt/st/stm32cubeide_1.6.0/plugins/com.st.stm32cube.ide.mcu.externaltools.gnu-tools-for-stm32.9-2020-q2-update.linux64_1.5.0.202011040924/tools/bin/../lib/gcc/arm-none-eabi/9.3.1/../../../../arm-none-eabi/lib/thumb/v7e-m+fp/hard/libc_nano.a(lib_a-memset.o)
 .ARM.attributes
                0x0000000000000628       0x1e /opt/st/stm32cubeide_1.6.0/plugins/com.st.stm32cube.ide.mcu.externaltools.gnu-tools-for-stm32.9-2020-q2-update.linux64_1.5.0.202011040924/tools/bin/../lib/gcc/arm-none-eabi/9.3.1/thumb/v7e-m+fp/hard/libgcc.a(_arm_muldf3.o)
 .ARM.attributes
                0x0000000000000646       0x1e /opt/st/stm32cubeide_1.6.0/plugins/com.st.stm32cube.ide.mcu.externaltools.gnu-tools-for-stm32.9-2020-q2-update.linux64_1.5.0.202011040924/tools/bin/../lib/gcc/arm-none-eabi/9.3.1/thumb/v7e-m+fp/hard/libgcc.a(_arm_addsubdf3.o)
 .ARM.attributes
                0x0000000000000664       0x1e /opt/st/stm32cubeide_1.6.0/plugins/com.st.stm32cube.ide.mcu.externaltools.gnu-tools-for-stm32.9-2020-q2-update.linux64_1.5.0.202011040924/tools/bin/../lib/gcc/arm-none-eabi/9.3.1/thumb/v7e-m+fp/hard/libgcc.a(_arm_truncdfsf2.o)
 .ARM.attributes
                0x0000000000000682       0x1e /opt/st/stm32cubeide_1.6.0/plugins/com.st.stm32cube.ide.mcu.externaltools.gnu-tools-for-stm32.9-2020-q2-update.linux64_1.5.0.202011040924/tools/bin/../lib/gcc/arm-none-eabi/9.3.1/thumb/v7e-m+fp/hard/libgcc.a(_aeabi_uldivmod.o)
 .ARM.attributes
                0x00000000000006a0       0x34 /opt/st/stm32cubeide_1.6.0/plugins/com.st.stm32cube.ide.mcu.externaltools.gnu-tools-for-stm32.9-2020-q2-update.linux64_1.5.0.202011040924/tools/bin/../lib/gcc/arm-none-eabi/9.3.1/thumb/v7e-m+fp/hard/libgcc.a(_udivmoddi4.o)
 .ARM.attributes
                0x00000000000006d4       0x1e /opt/st/stm32cubeide_1.6.0/plugins/com.st.stm32cube.ide.mcu.externaltools.gnu-tools-for-stm32.9-2020-q2-update.linux64_1.5.0.202011040924/tools/bin/../lib/gcc/arm-none-eabi/9.3.1/thumb/v7e-m+fp/hard/libgcc.a(_dvmd_tls.o)
 .ARM.attributes
                0x00000000000006f2       0x1e /opt/st/stm32cubeide_1.6.0/plugins/com.st.stm32cube.ide.mcu.externaltools.gnu-tools-for-stm32.9-2020-q2-update.linux64_1.5.0.202011040924/tools/bin/../lib/gcc/arm-none-eabi/9.3.1/thumb/v7e-m+fp/hard/crtn.o
OUTPUT(yuntai_code_ubuntu.elf elf32-littlearm)
LOAD linker stubs
LOAD /opt/st/stm32cubeide_1.6.0/plugins/com.st.stm32cube.ide.mcu.externaltools.gnu-tools-for-stm32.9-2020-q2-update.linux64_1.5.0.202011040924/tools/bin/../lib/gcc/arm-none-eabi/9.3.1/../../../../arm-none-eabi/lib/thumb/v7e-m+fp/hard/libc.a
LOAD /opt/st/stm32cubeide_1.6.0/plugins/com.st.stm32cube.ide.mcu.externaltools.gnu-tools-for-stm32.9-2020-q2-update.linux64_1.5.0.202011040924/tools/bin/../lib/gcc/arm-none-eabi/9.3.1/../../../../arm-none-eabi/lib/thumb/v7e-m+fp/hard/libm.a
LOAD /opt/st/stm32cubeide_1.6.0/plugins/com.st.stm32cube.ide.mcu.externaltools.gnu-tools-for-stm32.9-2020-q2-update.linux64_1.5.0.202011040924/tools/bin/../lib/gcc/arm-none-eabi/9.3.1/thumb/v7e-m+fp/hard/libgcc.a

.debug_info     0x0000000000000000    0x279b6
 .debug_info    0x0000000000000000     0x1fa4 Core/Src/GM6020.o
 .debug_info    0x0000000000001fa4     0x1d5a Core/Src/app_serial.o
 .debug_info    0x0000000000003cfe     0x2272 Core/Src/can.o
 .debug_info    0x0000000000005f70     0x1e50 Core/Src/can_app.o
 .debug_info    0x0000000000007dc0     0x1cb6 Core/Src/definition.o
 .debug_info    0x0000000000009a76     0x20db Core/Src/dma.o
 .debug_info    0x000000000000bb51     0x1ee3 Core/Src/gpio.o
 .debug_info    0x000000000000da34     0x207d Core/Src/main.o
 .debug_info    0x000000000000fab1     0x1cc4 Core/Src/mission.o
 .debug_info    0x0000000000011775     0x1c6e Core/Src/proj_init.o
 .debug_info    0x00000000000133e3     0x1e8c Core/Src/stm32f4xx_hal_msp.o
 .debug_info    0x000000000001526f     0x1d7d Core/Src/stm32f4xx_it.o
 .debug_info    0x0000000000016fec      0x5c0 Core/Src/system_stm32f4xx.o
 .debug_info    0x00000000000175ac     0x21dd Core/Src/tim.o
 .debug_info    0x0000000000019789     0x210f Core/Src/usart.o
 .debug_info    0x000000000001b898       0x22 Core/Startup/startup_stm32f427iihx.o
 .debug_info    0x000000000001b8ba      0xa1e Drivers/STM32F4xx_HAL_Driver/Src/stm32f4xx_hal.o
 .debug_info    0x000000000001c2d8     0x1090 Drivers/STM32F4xx_HAL_Driver/Src/stm32f4xx_hal_can.o
 .debug_info    0x000000000001d368      0xf01 Drivers/STM32F4xx_HAL_Driver/Src/stm32f4xx_hal_cortex.o
 .debug_info    0x000000000001e269      0x9f1 Drivers/STM32F4xx_HAL_Driver/Src/stm32f4xx_hal_dma.o
 .debug_info    0x000000000001ec5a      0x85a Drivers/STM32F4xx_HAL_Driver/Src/stm32f4xx_hal_gpio.o
 .debug_info    0x000000000001f4b4      0x7ae Drivers/STM32F4xx_HAL_Driver/Src/stm32f4xx_hal_pwr_ex.o
 .debug_info    0x000000000001fc62      0x9b2 Drivers/STM32F4xx_HAL_Driver/Src/stm32f4xx_hal_rcc.o
 .debug_info    0x0000000000020614     0x2c22 Drivers/STM32F4xx_HAL_Driver/Src/stm32f4xx_hal_tim.o
 .debug_info    0x0000000000023236     0x15a2 Drivers/STM32F4xx_HAL_Driver/Src/stm32f4xx_hal_tim_ex.o
 .debug_info    0x00000000000247d8     0x31de Drivers/STM32F4xx_HAL_Driver/Src/stm32f4xx_hal_uart.o

.debug_abbrev   0x0000000000000000     0x3d4a
 .debug_abbrev  0x0000000000000000      0x30c Core/Src/GM6020.o
 .debug_abbrev  0x000000000000030c      0x2bb Core/Src/app_serial.o
 .debug_abbrev  0x00000000000005c7      0x2a8 Core/Src/can.o
 .debug_abbrev  0x000000000000086f      0x29a Core/Src/can_app.o
 .debug_abbrev  0x0000000000000b09      0x238 Core/Src/definition.o
 .debug_abbrev  0x0000000000000d41      0x26c Core/Src/dma.o
 .debug_abbrev  0x0000000000000fad      0x26c Core/Src/gpio.o
 .debug_abbrev  0x0000000000001219      0x2c8 Core/Src/main.o
 .debug_abbrev  0x00000000000014e1      0x2a8 Core/Src/mission.o
 .debug_abbrev  0x0000000000001789      0x247 Core/Src/proj_init.o
 .debug_abbrev  0x00000000000019d0      0x26c Core/Src/stm32f4xx_hal_msp.o
 .debug_abbrev  0x0000000000001c3c      0x27b Core/Src/stm32f4xx_it.o
 .debug_abbrev  0x0000000000001eb7      0x145 Core/Src/system_stm32f4xx.o
 .debug_abbrev  0x0000000000001ffc      0x29d Core/Src/tim.o
 .debug_abbrev  0x0000000000002299      0x2e8 Core/Src/usart.o
 .debug_abbrev  0x0000000000002581       0x12 Core/Startup/startup_stm32f427iihx.o
 .debug_abbrev  0x0000000000002593      0x1ed Drivers/STM32F4xx_HAL_Driver/Src/stm32f4xx_hal.o
 .debug_abbrev  0x0000000000002780      0x246 Drivers/STM32F4xx_HAL_Driver/Src/stm32f4xx_hal_can.o
 .debug_abbrev  0x00000000000029c6      0x33c Drivers/STM32F4xx_HAL_Driver/Src/stm32f4xx_hal_cortex.o
 .debug_abbrev  0x0000000000002d02      0x259 Drivers/STM32F4xx_HAL_Driver/Src/stm32f4xx_hal_dma.o
 .debug_abbrev  0x0000000000002f5b      0x1f1 Drivers/STM32F4xx_HAL_Driver/Src/stm32f4xx_hal_gpio.o
 .debug_abbrev  0x000000000000314c      0x1da Drivers/STM32F4xx_HAL_Driver/Src/stm32f4xx_hal_pwr_ex.o
 .debug_abbrev  0x0000000000003326      0x275 Drivers/STM32F4xx_HAL_Driver/Src/stm32f4xx_hal_rcc.o
 .debug_abbrev  0x000000000000359b      0x25e Drivers/STM32F4xx_HAL_Driver/Src/stm32f4xx_hal_tim.o
 .debug_abbrev  0x00000000000037f9      0x266 Drivers/STM32F4xx_HAL_Driver/Src/stm32f4xx_hal_tim_ex.o
 .debug_abbrev  0x0000000000003a5f      0x2eb Drivers/STM32F4xx_HAL_Driver/Src/stm32f4xx_hal_uart.o

.debug_aranges  0x0000000000000000      0xf90
 .debug_aranges
                0x0000000000000000       0x60 Core/Src/GM6020.o
 .debug_aranges
                0x0000000000000060       0x38 Core/Src/app_serial.o
 .debug_aranges
                0x0000000000000098       0x30 Core/Src/can.o
 .debug_aranges
                0x00000000000000c8       0x30 Core/Src/can_app.o
 .debug_aranges
                0x00000000000000f8       0x18 Core/Src/definition.o
 .debug_aranges
                0x0000000000000110       0x20 Core/Src/dma.o
 .debug_aranges
                0x0000000000000130       0x20 Core/Src/gpio.o
 .debug_aranges
                0x0000000000000150       0x30 Core/Src/main.o
 .debug_aranges
                0x0000000000000180       0x30 Core/Src/mission.o
 .debug_aranges
                0x00000000000001b0       0x20 Core/Src/proj_init.o
 .debug_aranges
                0x00000000000001d0       0x20 Core/Src/stm32f4xx_hal_msp.o
 .debug_aranges
                0x00000000000001f0       0x88 Core/Src/stm32f4xx_it.o
 .debug_aranges
                0x0000000000000278       0x28 Core/Src/system_stm32f4xx.o
 .debug_aranges
                0x00000000000002a0       0x30 Core/Src/tim.o
 .debug_aranges
                0x00000000000002d0       0x40 Core/Src/usart.o
 .debug_aranges
                0x0000000000000310       0x28 Core/Startup/startup_stm32f427iihx.o
 .debug_aranges
                0x0000000000000338      0x100 Drivers/STM32F4xx_HAL_Driver/Src/stm32f4xx_hal.o
 .debug_aranges
                0x0000000000000438      0x138 Drivers/STM32F4xx_HAL_Driver/Src/stm32f4xx_hal_can.o
 .debug_aranges
                0x0000000000000570      0x118 Drivers/STM32F4xx_HAL_Driver/Src/stm32f4xx_hal_cortex.o
 .debug_aranges
                0x0000000000000688       0x90 Drivers/STM32F4xx_HAL_Driver/Src/stm32f4xx_hal_dma.o
 .debug_aranges
                0x0000000000000718       0x58 Drivers/STM32F4xx_HAL_Driver/Src/stm32f4xx_hal_gpio.o
 .debug_aranges
                0x0000000000000770       0x60 Drivers/STM32F4xx_HAL_Driver/Src/stm32f4xx_hal_pwr_ex.o
 .debug_aranges
                0x00000000000007d0       0x88 Drivers/STM32F4xx_HAL_Driver/Src/stm32f4xx_hal_rcc.o
 .debug_aranges
                0x0000000000000858      0x3d0 Drivers/STM32F4xx_HAL_Driver/Src/stm32f4xx_hal_tim.o
 .debug_aranges
                0x0000000000000c28      0x168 Drivers/STM32F4xx_HAL_Driver/Src/stm32f4xx_hal_tim_ex.o
 .debug_aranges
                0x0000000000000d90      0x200 Drivers/STM32F4xx_HAL_Driver/Src/stm32f4xx_hal_uart.o

.debug_ranges   0x0000000000000000      0xe20
 .debug_ranges  0x0000000000000000       0x50 Core/Src/GM6020.o
 .debug_ranges  0x0000000000000050       0x28 Core/Src/app_serial.o
 .debug_ranges  0x0000000000000078       0x20 Core/Src/can.o
 .debug_ranges  0x0000000000000098       0x20 Core/Src/can_app.o
 .debug_ranges  0x00000000000000b8       0x10 Core/Src/dma.o
 .debug_ranges  0x00000000000000c8       0x10 Core/Src/gpio.o
 .debug_ranges  0x00000000000000d8       0x20 Core/Src/main.o
 .debug_ranges  0x00000000000000f8       0x20 Core/Src/mission.o
 .debug_ranges  0x0000000000000118       0x10 Core/Src/proj_init.o
 .debug_ranges  0x0000000000000128       0x10 Core/Src/stm32f4xx_hal_msp.o
 .debug_ranges  0x0000000000000138       0x78 Core/Src/stm32f4xx_it.o
 .debug_ranges  0x00000000000001b0       0x18 Core/Src/system_stm32f4xx.o
 .debug_ranges  0x00000000000001c8       0x20 Core/Src/tim.o
 .debug_ranges  0x00000000000001e8       0x30 Core/Src/usart.o
 .debug_ranges  0x0000000000000218       0x20 Core/Startup/startup_stm32f427iihx.o
 .debug_ranges  0x0000000000000238       0xf0 Drivers/STM32F4xx_HAL_Driver/Src/stm32f4xx_hal.o
 .debug_ranges  0x0000000000000328      0x128 Drivers/STM32F4xx_HAL_Driver/Src/stm32f4xx_hal_can.o
 .debug_ranges  0x0000000000000450      0x108 Drivers/STM32F4xx_HAL_Driver/Src/stm32f4xx_hal_cortex.o
 .debug_ranges  0x0000000000000558       0x80 Drivers/STM32F4xx_HAL_Driver/Src/stm32f4xx_hal_dma.o
 .debug_ranges  0x00000000000005d8       0x48 Drivers/STM32F4xx_HAL_Driver/Src/stm32f4xx_hal_gpio.o
 .debug_ranges  0x0000000000000620       0x50 Drivers/STM32F4xx_HAL_Driver/Src/stm32f4xx_hal_pwr_ex.o
 .debug_ranges  0x0000000000000670       0x78 Drivers/STM32F4xx_HAL_Driver/Src/stm32f4xx_hal_rcc.o
 .debug_ranges  0x00000000000006e8      0x3c0 Drivers/STM32F4xx_HAL_Driver/Src/stm32f4xx_hal_tim.o
 .debug_ranges  0x0000000000000aa8      0x158 Drivers/STM32F4xx_HAL_Driver/Src/stm32f4xx_hal_tim_ex.o
 .debug_ranges  0x0000000000000c00      0x220 Drivers/STM32F4xx_HAL_Driver/Src/stm32f4xx_hal_uart.o

.debug_macro    0x0000000000000000    0x2666c
 .debug_macro   0x0000000000000000      0x3cd Core/Src/GM6020.o
 .debug_macro   0x00000000000003cd      0xaa8 Core/Src/GM6020.o
 .debug_macro   0x0000000000000e75       0x16 Core/Src/GM6020.o
 .debug_macro   0x0000000000000e8b      0x2a1 Core/Src/GM6020.o
 .debug_macro   0x000000000000112c       0x2e Core/Src/GM6020.o
 .debug_macro   0x000000000000115a       0x28 Core/Src/GM6020.o
 .debug_macro   0x0000000000001182       0x22 Core/Src/GM6020.o
 .debug_macro   0x00000000000011a4       0x8e Core/Src/GM6020.o
 .debug_macro   0x0000000000001232       0x51 Core/Src/GM6020.o
 .debug_macro   0x0000000000001283      0x103 Core/Src/GM6020.o
 .debug_macro   0x0000000000001386       0x6a Core/Src/GM6020.o
 .debug_macro   0x00000000000013f0      0x1df Core/Src/GM6020.o
 .debug_macro   0x00000000000015cf       0x1c Core/Src/GM6020.o
 .debug_macro   0x00000000000015eb       0x22 Core/Src/GM6020.o
 .debug_macro   0x000000000000160d       0xdf Core/Src/GM6020.o
 .debug_macro   0x00000000000016ec     0x102d Core/Src/GM6020.o
 .debug_macro   0x0000000000002719      0x11f Core/Src/GM6020.o
 .debug_macro   0x0000000000002838    0x17876 Core/Src/GM6020.o
 .debug_macro   0x000000000001a0ae       0x6d Core/Src/GM6020.o
 .debug_macro   0x000000000001a11b     0x36dd Core/Src/GM6020.o
 .debug_macro   0x000000000001d7f8      0x174 Core/Src/GM6020.o
 .debug_macro   0x000000000001d96c       0x5c Core/Src/GM6020.o
 .debug_macro   0x000000000001d9c8      0xc6d Core/Src/GM6020.o
 .debug_macro   0x000000000001e635      0x9fe Core/Src/GM6020.o
 .debug_macro   0x000000000001f033      0x116 Core/Src/GM6020.o
 .debug_macro   0x000000000001f149      0x16f Core/Src/GM6020.o
 .debug_macro   0x000000000001f2b8       0xa5 Core/Src/GM6020.o
 .debug_macro   0x000000000001f35d      0x182 Core/Src/GM6020.o
 .debug_macro   0x000000000001f4df      0x287 Core/Src/GM6020.o
 .debug_macro   0x000000000001f766       0x5f Core/Src/GM6020.o
 .debug_macro   0x000000000001f7c5      0x236 Core/Src/GM6020.o
 .debug_macro   0x000000000001f9fb      0x40f Core/Src/GM6020.o
 .debug_macro   0x000000000001fe0a      0x132 Core/Src/GM6020.o
 .debug_macro   0x000000000001ff3c      0x41d Core/Src/GM6020.o
 .debug_macro   0x0000000000020359       0x2e Core/Src/GM6020.o
 .debug_macro   0x0000000000020387      0x11a Core/Src/GM6020.o
 .debug_macro   0x00000000000204a1       0xe2 Core/Src/GM6020.o
 .debug_macro   0x0000000000020583       0x89 Core/Src/GM6020.o
 .debug_macro   0x000000000002060c      0x8d1 Core/Src/GM6020.o
 .debug_macro   0x0000000000020edd       0x47 Core/Src/GM6020.o
 .debug_macro   0x0000000000020f24      0x295 Core/Src/GM6020.o
 .debug_macro   0x00000000000211b9      0x134 Core/Src/GM6020.o
 .debug_macro   0x00000000000212ed       0x52 Core/Src/GM6020.o
 .debug_macro   0x000000000002133f       0x18 Core/Src/GM6020.o
 .debug_macro   0x0000000000021357       0x3c Core/Src/GM6020.o
 .debug_macro   0x0000000000021393       0x34 Core/Src/GM6020.o
 .debug_macro   0x00000000000213c7       0x16 Core/Src/GM6020.o
 .debug_macro   0x00000000000213dd       0x43 Core/Src/GM6020.o
 .debug_macro   0x0000000000021420       0x34 Core/Src/GM6020.o
 .debug_macro   0x0000000000021454       0x10 Core/Src/GM6020.o
 .debug_macro   0x0000000000021464       0x58 Core/Src/GM6020.o
 .debug_macro   0x00000000000214bc       0x71 Core/Src/GM6020.o
 .debug_macro   0x000000000002152d       0x1c Core/Src/GM6020.o
 .debug_macro   0x0000000000021549      0x12a Core/Src/GM6020.o
 .debug_macro   0x0000000000021673      0x333 Core/Src/GM6020.o
 .debug_macro   0x00000000000219a6      0x1a9 Core/Src/GM6020.o
 .debug_macro   0x0000000000021b4f       0x1c Core/Src/GM6020.o
 .debug_macro   0x0000000000021b6b       0x35 Core/Src/GM6020.o
 .debug_macro   0x0000000000021ba0       0x10 Core/Src/GM6020.o
 .debug_macro   0x0000000000021bb0       0x10 Core/Src/GM6020.o
 .debug_macro   0x0000000000021bc0       0x1c Core/Src/GM6020.o
 .debug_macro   0x0000000000021bdc       0x52 Core/Src/GM6020.o
 .debug_macro   0x0000000000021c2e       0x22 Core/Src/GM6020.o
 .debug_macro   0x0000000000021c50       0x10 Core/Src/GM6020.o
 .debug_macro   0x0000000000021c60       0x40 Core/Src/GM6020.o
 .debug_macro   0x0000000000021ca0       0xd5 Core/Src/GM6020.o
 .debug_macro   0x0000000000021d75       0x1c Core/Src/GM6020.o
 .debug_macro   0x0000000000021d91       0x3d Core/Src/GM6020.o
 .debug_macro   0x0000000000021dce       0x16 Core/Src/GM6020.o
 .debug_macro   0x0000000000021de4      0x145 Core/Src/GM6020.o
 .debug_macro   0x0000000000021f29       0xa0 Core/Src/GM6020.o
 .debug_macro   0x0000000000021fc9       0x10 Core/Src/GM6020.o
 .debug_macro   0x0000000000021fd9      0x3c7 Core/Src/app_serial.o
 .debug_macro   0x00000000000223a0       0x16 Core/Src/app_serial.o
 .debug_macro   0x00000000000223b6      0x3d1 Core/Src/can.o
 .debug_macro   0x0000000000022787      0x3d1 Core/Src/can_app.o
 .debug_macro   0x0000000000022b58      0x3c3 Core/Src/definition.o
 .debug_macro   0x0000000000022f1b      0x3d1 Core/Src/dma.o
 .debug_macro   0x00000000000232ec      0x3d1 Core/Src/gpio.o
 .debug_macro   0x00000000000236bd      0x3e1 Core/Src/main.o
 .debug_macro   0x0000000000023a9e      0x3c7 Core/Src/mission.o
 .debug_macro   0x0000000000023e65      0x3c7 Core/Src/proj_init.o
 .debug_macro   0x000000000002422c      0x3cd Core/Src/stm32f4xx_hal_msp.o
 .debug_macro   0x00000000000245f9      0x3d7 Core/Src/stm32f4xx_it.o
 .debug_macro   0x00000000000249d0      0x1d8 Core/Src/system_stm32f4xx.o
 .debug_macro   0x0000000000024ba8      0x3d1 Core/Src/tim.o
 .debug_macro   0x0000000000024f79      0x3d1 Core/Src/usart.o
 .debug_macro   0x000000000002534a      0x238 Drivers/STM32F4xx_HAL_Driver/Src/stm32f4xx_hal.o
 .debug_macro   0x0000000000025582      0x1e0 Drivers/STM32F4xx_HAL_Driver/Src/stm32f4xx_hal_can.o
 .debug_macro   0x0000000000025762      0x1d8 Drivers/STM32F4xx_HAL_Driver/Src/stm32f4xx_hal_cortex.o
 .debug_macro   0x000000000002593a      0x1de Drivers/STM32F4xx_HAL_Driver/Src/stm32f4xx_hal_dma.o
 .debug_macro   0x0000000000025b18      0x1de Drivers/STM32F4xx_HAL_Driver/Src/stm32f4xx_hal_gpio.o
 .debug_macro   0x0000000000025cf6      0x1f0 Drivers/STM32F4xx_HAL_Driver/Src/stm32f4xx_hal_pwr_ex.o
 .debug_macro   0x0000000000025ee6      0x1fc Drivers/STM32F4xx_HAL_Driver/Src/stm32f4xx_hal_rcc.o
 .debug_macro   0x00000000000260e2      0x1d9 Drivers/STM32F4xx_HAL_Driver/Src/stm32f4xx_hal_tim.o
 .debug_macro   0x00000000000262bb      0x1d8 Drivers/STM32F4xx_HAL_Driver/Src/stm32f4xx_hal_tim_ex.o
 .debug_macro   0x0000000000026493      0x1d9 Drivers/STM32F4xx_HAL_Driver/Src/stm32f4xx_hal_uart.o

.debug_line     0x0000000000000000    0x1636d
 .debug_line    0x0000000000000000      0xccf Core/Src/GM6020.o
 .debug_line    0x0000000000000ccf      0xa22 Core/Src/app_serial.o
 .debug_line    0x00000000000016f1      0x988 Core/Src/can.o
 .debug_line    0x0000000000002079      0x985 Core/Src/can_app.o
 .debug_line    0x00000000000029fe      0x901 Core/Src/definition.o
 .debug_line    0x00000000000032ff      0x918 Core/Src/dma.o
 .debug_line    0x0000000000003c17      0x916 Core/Src/gpio.o
 .debug_line    0x000000000000452d      0x99e Core/Src/main.o
 .debug_line    0x0000000000004ecb      0xa3c Core/Src/mission.o
 .debug_line    0x0000000000005907      0x918 Core/Src/proj_init.o
 .debug_line    0x000000000000621f      0x921 Core/Src/stm32f4xx_hal_msp.o
 .debug_line    0x0000000000006b40      0xa5b Core/Src/stm32f4xx_it.o
 .debug_line    0x000000000000759b      0x73b Core/Src/system_stm32f4xx.o
 .debug_line    0x0000000000007cd6      0x985 Core/Src/tim.o
 .debug_line    0x000000000000865b      0xacb Core/Src/usart.o
 .debug_line    0x0000000000009126       0x88 Core/Startup/startup_stm32f427iihx.o
 .debug_line    0x00000000000091ae      0x9d7 Drivers/STM32F4xx_HAL_Driver/Src/stm32f4xx_hal.o
 .debug_line    0x0000000000009b85     0x110d Drivers/STM32F4xx_HAL_Driver/Src/stm32f4xx_hal_can.o
 .debug_line    0x000000000000ac92      0xc50 Drivers/STM32F4xx_HAL_Driver/Src/stm32f4xx_hal_cortex.o
 .debug_line    0x000000000000b8e2      0xf06 Drivers/STM32F4xx_HAL_Driver/Src/stm32f4xx_hal_dma.o
 .debug_line    0x000000000000c7e8      0xb3f Drivers/STM32F4xx_HAL_Driver/Src/stm32f4xx_hal_gpio.o
 .debug_line    0x000000000000d327      0x8d0 Drivers/STM32F4xx_HAL_Driver/Src/stm32f4xx_hal_pwr_ex.o
 .debug_line    0x000000000000dbf7      0xd1b Drivers/STM32F4xx_HAL_Driver/Src/stm32f4xx_hal_rcc.o
 .debug_line    0x000000000000e912     0x3695 Drivers/STM32F4xx_HAL_Driver/Src/stm32f4xx_hal_tim.o
 .debug_line    0x0000000000011fa7     0x199e Drivers/STM32F4xx_HAL_Driver/Src/stm32f4xx_hal_tim_ex.o
 .debug_line    0x0000000000013945     0x2a28 Drivers/STM32F4xx_HAL_Driver/Src/stm32f4xx_hal_uart.o

.debug_str      0x0000000000000000    0xdb32b
 .debug_str     0x0000000000000000    0xd767d Core/Src/GM6020.o
                                      0xd7add (size before relaxing)
 .debug_str     0x00000000000d767d       0x61 Core/Src/app_serial.o
                                      0xd79b7 (size before relaxing)
 .debug_str     0x00000000000d76de      0x6b0 Core/Src/can.o
                                      0xd8044 (size before relaxing)
 .debug_str     0x00000000000d7d8e      0x142 Core/Src/can_app.o
                                      0xd7af1 (size before relaxing)
 .debug_str     0x00000000000d7ed0       0x19 Core/Src/definition.o
                                      0xd796f (size before relaxing)
 .debug_str     0x00000000000d7ee9       0x1e Core/Src/dma.o
                                      0xd7f89 (size before relaxing)
 .debug_str     0x00000000000d7f07       0x20 Core/Src/gpio.o
                                      0xd7a50 (size before relaxing)
 .debug_str     0x00000000000d7f27      0x15c Core/Src/main.o
                                      0xd7bb7 (size before relaxing)
 .debug_str     0x00000000000d8083       0x64 Core/Src/mission.o
                                      0xd79ba (size before relaxing)
 .debug_str     0x00000000000d80e7       0x22 Core/Src/proj_init.o
                                      0xd7978 (size before relaxing)
 .debug_str     0x00000000000d8109       0x2c Core/Src/stm32f4xx_hal_msp.o
                                      0xd7a5c (size before relaxing)
 .debug_str     0x00000000000d8135      0x155 Core/Src/stm32f4xx_it.o
                                      0xd7aab (size before relaxing)
 .debug_str     0x00000000000d828a       0xaf Core/Src/system_stm32f4xx.o
                                      0xd22f9 (size before relaxing)
 .debug_str     0x00000000000d8339       0xf7 Core/Src/tim.o
                                      0xd8094 (size before relaxing)
 .debug_str     0x00000000000d8430       0x79 Core/Src/usart.o
                                      0xd7b63 (size before relaxing)
 .debug_str     0x00000000000d84a9       0x36 Core/Startup/startup_stm32f427iihx.o
                                         0x7f (size before relaxing)
 .debug_str     0x00000000000d84df      0x5b6 Drivers/STM32F4xx_HAL_Driver/Src/stm32f4xx_hal.o
                                      0xd2e63 (size before relaxing)
 .debug_str     0x00000000000d8a95      0x448 Drivers/STM32F4xx_HAL_Driver/Src/stm32f4xx_hal_can.o
                                      0xd29f2 (size before relaxing)
 .debug_str     0x00000000000d8edd      0x393 Drivers/STM32F4xx_HAL_Driver/Src/stm32f4xx_hal_cortex.o
                                      0xd2c04 (size before relaxing)
 .debug_str     0x00000000000d9270      0x315 Drivers/STM32F4xx_HAL_Driver/Src/stm32f4xx_hal_dma.o
                                      0xd2710 (size before relaxing)
 .debug_str     0x00000000000d9585      0x17b Drivers/STM32F4xx_HAL_Driver/Src/stm32f4xx_hal_gpio.o
                                      0xd24a0 (size before relaxing)
 .debug_str     0x00000000000d9700      0x135 Drivers/STM32F4xx_HAL_Driver/Src/stm32f4xx_hal_pwr_ex.o
                                      0xd24f1 (size before relaxing)
 .debug_str     0x00000000000d9835      0x259 Drivers/STM32F4xx_HAL_Driver/Src/stm32f4xx_hal_rcc.o
                                      0xd26fb (size before relaxing)
 .debug_str     0x00000000000d9a8e      0xdc3 Drivers/STM32F4xx_HAL_Driver/Src/stm32f4xx_hal_tim.o
                                      0xd3615 (size before relaxing)
 .debug_str     0x00000000000da851      0x4ee Drivers/STM32F4xx_HAL_Driver/Src/stm32f4xx_hal_tim_ex.o
                                      0xd2dc6 (size before relaxing)
 .debug_str     0x00000000000dad3f      0x5ec Drivers/STM32F4xx_HAL_Driver/Src/stm32f4xx_hal_uart.o
                                      0xd2c6e (size before relaxing)

.comment        0x0000000000000000       0x53
 .comment       0x0000000000000000       0x53 Core/Src/GM6020.o
                                         0x54 (size before relaxing)
 .comment       0x0000000000000053       0x54 Core/Src/app_serial.o
 .comment       0x0000000000000053       0x54 Core/Src/can.o
 .comment       0x0000000000000053       0x54 Core/Src/can_app.o
 .comment       0x0000000000000053       0x54 Core/Src/definition.o
 .comment       0x0000000000000053       0x54 Core/Src/dma.o
 .comment       0x0000000000000053       0x54 Core/Src/gpio.o
 .comment       0x0000000000000053       0x54 Core/Src/main.o
 .comment       0x0000000000000053       0x54 Core/Src/mission.o
 .comment       0x0000000000000053       0x54 Core/Src/proj_init.o
 .comment       0x0000000000000053       0x54 Core/Src/stm32f4xx_hal_msp.o
 .comment       0x0000000000000053       0x54 Core/Src/stm32f4xx_it.o
 .comment       0x0000000000000053       0x54 Core/Src/system_stm32f4xx.o
 .comment       0x0000000000000053       0x54 Core/Src/tim.o
 .comment       0x0000000000000053       0x54 Core/Src/usart.o
 .comment       0x0000000000000053       0x54 Drivers/STM32F4xx_HAL_Driver/Src/stm32f4xx_hal.o
 .comment       0x0000000000000053       0x54 Drivers/STM32F4xx_HAL_Driver/Src/stm32f4xx_hal_can.o
 .comment       0x0000000000000053       0x54 Drivers/STM32F4xx_HAL_Driver/Src/stm32f4xx_hal_cortex.o
 .comment       0x0000000000000053       0x54 Drivers/STM32F4xx_HAL_Driver/Src/stm32f4xx_hal_dma.o
 .comment       0x0000000000000053       0x54 Drivers/STM32F4xx_HAL_Driver/Src/stm32f4xx_hal_gpio.o
 .comment       0x0000000000000053       0x54 Drivers/STM32F4xx_HAL_Driver/Src/stm32f4xx_hal_pwr_ex.o
 .comment       0x0000000000000053       0x54 Drivers/STM32F4xx_HAL_Driver/Src/stm32f4xx_hal_rcc.o
 .comment       0x0000000000000053       0x54 Drivers/STM32F4xx_HAL_Driver/Src/stm32f4xx_hal_tim.o
 .comment       0x0000000000000053       0x54 Drivers/STM32F4xx_HAL_Driver/Src/stm32f4xx_hal_tim_ex.o
 .comment       0x0000000000000053       0x54 Drivers/STM32F4xx_HAL_Driver/Src/stm32f4xx_hal_uart.o

.debug_frame    0x0000000000000000     0x3f90
 .debug_frame   0x0000000000000000      0x16c Core/Src/GM6020.o
 .debug_frame   0x000000000000016c       0xac Core/Src/app_serial.o
 .debug_frame   0x0000000000000218       0x74 Core/Src/can.o
 .debug_frame   0x000000000000028c       0x84 Core/Src/can_app.o
 .debug_frame   0x0000000000000310       0x34 Core/Src/dma.o
 .debug_frame   0x0000000000000344       0x38 Core/Src/gpio.o
 .debug_frame   0x000000000000037c       0x68 Core/Src/main.o
 .debug_frame   0x00000000000003e4       0x78 Core/Src/mission.o
 .debug_frame   0x000000000000045c       0x2c Core/Src/proj_init.o
 .debug_frame   0x0000000000000488       0x38 Core/Src/stm32f4xx_hal_msp.o
 .debug_frame   0x00000000000004c0      0x190 Core/Src/stm32f4xx_it.o
 .debug_frame   0x0000000000000650       0x58 Core/Src/system_stm32f4xx.o
 .debug_frame   0x00000000000006a8       0x7c Core/Src/tim.o
 .debug_frame   0x0000000000000724       0xb0 Core/Src/usart.o
 .debug_frame   0x00000000000007d4      0x3b4 Drivers/STM32F4xx_HAL_Driver/Src/stm32f4xx_hal.o
 .debug_frame   0x0000000000000b88      0x5a0 Drivers/STM32F4xx_HAL_Driver/Src/stm32f4xx_hal_can.o
 .debug_frame   0x0000000000001128      0x498 Drivers/STM32F4xx_HAL_Driver/Src/stm32f4xx_hal_cortex.o
 .debug_frame   0x00000000000015c0      0x250 Drivers/STM32F4xx_HAL_Driver/Src/stm32f4xx_hal_dma.o
 .debug_frame   0x0000000000001810      0x14c Drivers/STM32F4xx_HAL_Driver/Src/stm32f4xx_hal_gpio.o
 .debug_frame   0x000000000000195c      0x14c Drivers/STM32F4xx_HAL_Driver/Src/stm32f4xx_hal_pwr_ex.o
 .debug_frame   0x0000000000001aa8      0x1ec Drivers/STM32F4xx_HAL_Driver/Src/stm32f4xx_hal_rcc.o
 .debug_frame   0x0000000000001c94     0x11c4 Drivers/STM32F4xx_HAL_Driver/Src/stm32f4xx_hal_tim.o
 .debug_frame   0x0000000000002e58      0x638 Drivers/STM32F4xx_HAL_Driver/Src/stm32f4xx_hal_tim_ex.o
 .debug_frame   0x0000000000003490      0x92c Drivers/STM32F4xx_HAL_Driver/Src/stm32f4xx_hal_uart.o
 .debug_frame   0x0000000000003dbc       0x2c /opt/st/stm32cubeide_1.6.0/plugins/com.st.stm32cube.ide.mcu.externaltools.gnu-tools-for-stm32.9-2020-q2-update.linux64_1.5.0.202011040924/tools/bin/../lib/gcc/arm-none-eabi/9.3.1/../../../../arm-none-eabi/lib/thumb/v7e-m+fp/hard/libc_nano.a(lib_a-init.o)
 .debug_frame   0x0000000000003de8       0x28 /opt/st/stm32cubeide_1.6.0/plugins/com.st.stm32cube.ide.mcu.externaltools.gnu-tools-for-stm32.9-2020-q2-update.linux64_1.5.0.202011040924/tools/bin/../lib/gcc/arm-none-eabi/9.3.1/../../../../arm-none-eabi/lib/thumb/v7e-m+fp/hard/libc_nano.a(lib_a-memcpy-stub.o)
 .debug_frame   0x0000000000003e10       0x20 /opt/st/stm32cubeide_1.6.0/plugins/com.st.stm32cube.ide.mcu.externaltools.gnu-tools-for-stm32.9-2020-q2-update.linux64_1.5.0.202011040924/tools/bin/../lib/gcc/arm-none-eabi/9.3.1/../../../../arm-none-eabi/lib/thumb/v7e-m+fp/hard/libc_nano.a(lib_a-memset.o)
 .debug_frame   0x0000000000003e30       0x30 /opt/st/stm32cubeide_1.6.0/plugins/com.st.stm32cube.ide.mcu.externaltools.gnu-tools-for-stm32.9-2020-q2-update.linux64_1.5.0.202011040924/tools/bin/../lib/gcc/arm-none-eabi/9.3.1/thumb/v7e-m+fp/hard/libgcc.a(_arm_muldf3.o)
 .debug_frame   0x0000000000003e60       0xac /opt/st/stm32cubeide_1.6.0/plugins/com.st.stm32cube.ide.mcu.externaltools.gnu-tools-for-stm32.9-2020-q2-update.linux64_1.5.0.202011040924/tools/bin/../lib/gcc/arm-none-eabi/9.3.1/thumb/v7e-m+fp/hard/libgcc.a(_arm_addsubdf3.o)
 .debug_frame   0x0000000000003f0c       0x24 /opt/st/stm32cubeide_1.6.0/plugins/com.st.stm32cube.ide.mcu.externaltools.gnu-tools-for-stm32.9-2020-q2-update.linux64_1.5.0.202011040924/tools/bin/../lib/gcc/arm-none-eabi/9.3.1/thumb/v7e-m+fp/hard/libgcc.a(_arm_truncdfsf2.o)
 .debug_frame   0x0000000000003f30       0x2c /opt/st/stm32cubeide_1.6.0/plugins/com.st.stm32cube.ide.mcu.externaltools.gnu-tools-for-stm32.9-2020-q2-update.linux64_1.5.0.202011040924/tools/bin/../lib/gcc/arm-none-eabi/9.3.1/thumb/v7e-m+fp/hard/libgcc.a(_aeabi_uldivmod.o)
 .debug_frame   0x0000000000003f5c       0x34 /opt/st/stm32cubeide_1.6.0/plugins/com.st.stm32cube.ide.mcu.externaltools.gnu-tools-for-stm32.9-2020-q2-update.linux64_1.5.0.202011040924/tools/bin/../lib/gcc/arm-none-eabi/9.3.1/thumb/v7e-m+fp/hard/libgcc.a(_udivmoddi4.o)
