Archive member included to satisfy reference by file (symbol)

/opt/st/stm32cubeide_1.6.0/plugins/com.st.stm32cube.ide.mcu.externaltools.gnu-tools-for-stm32.9-2020-q2-update.linux64_1.5.0.202011040924/tools/bin/../lib/gcc/arm-none-eabi/9.3.1/../../../../arm-none-eabi/lib/thumb/v7e-m+fp/hard/libc_nano.a(lib_a-errno.o)
                              Core/Src/syscalls.o (__errno)
/opt/st/stm32cubeide_1.6.0/plugins/com.st.stm32cube.ide.mcu.externaltools.gnu-tools-for-stm32.9-2020-q2-update.linux64_1.5.0.202011040924/tools/bin/../lib/gcc/arm-none-eabi/9.3.1/../../../../arm-none-eabi/lib/thumb/v7e-m+fp/hard/libc_nano.a(lib_a-exit.o)
                              /opt/st/stm32cubeide_1.6.0/plugins/com.st.stm32cube.ide.mcu.externaltools.gnu-tools-for-stm32.9-2020-q2-update.linux64_1.5.0.202011040924/tools/bin/../lib/gcc/arm-none-eabi/9.3.1/../../../../arm-none-eabi/lib/thumb/v7e-m+fp/hard/crt0.o (exit)
/opt/st/stm32cubeide_1.6.0/plugins/com.st.stm32cube.ide.mcu.externaltools.gnu-tools-for-stm32.9-2020-q2-update.linux64_1.5.0.202011040924/tools/bin/../lib/gcc/arm-none-eabi/9.3.1/../../../../arm-none-eabi/lib/thumb/v7e-m+fp/hard/libc_nano.a(lib_a-impure.o)
                              /opt/st/stm32cubeide_1.6.0/plugins/com.st.stm32cube.ide.mcu.externaltools.gnu-tools-for-stm32.9-2020-q2-update.linux64_1.5.0.202011040924/tools/bin/../lib/gcc/arm-none-eabi/9.3.1/../../../../arm-none-eabi/lib/thumb/v7e-m+fp/hard/libc_nano.a(lib_a-exit.o) (_global_impure_ptr)
/opt/st/stm32cubeide_1.6.0/plugins/com.st.stm32cube.ide.mcu.externaltools.gnu-tools-for-stm32.9-2020-q2-update.linux64_1.5.0.202011040924/tools/bin/../lib/gcc/arm-none-eabi/9.3.1/../../../../arm-none-eabi/lib/thumb/v7e-m+fp/hard/libc_nano.a(lib_a-init.o)
                              /opt/st/stm32cubeide_1.6.0/plugins/com.st.stm32cube.ide.mcu.externaltools.gnu-tools-for-stm32.9-2020-q2-update.linux64_1.5.0.202011040924/tools/bin/../lib/gcc/arm-none-eabi/9.3.1/../../../../arm-none-eabi/lib/thumb/v7e-m+fp/hard/crt0.o (__libc_init_array)
/opt/st/stm32cubeide_1.6.0/plugins/com.st.stm32cube.ide.mcu.externaltools.gnu-tools-for-stm32.9-2020-q2-update.linux64_1.5.0.202011040924/tools/bin/../lib/gcc/arm-none-eabi/9.3.1/../../../../arm-none-eabi/lib/thumb/v7e-m+fp/hard/libc_nano.a(lib_a-memcpy-stub.o)
                              Core/Src/app_serial.o (memcpy)
/opt/st/stm32cubeide_1.6.0/plugins/com.st.stm32cube.ide.mcu.externaltools.gnu-tools-for-stm32.9-2020-q2-update.linux64_1.5.0.202011040924/tools/bin/../lib/gcc/arm-none-eabi/9.3.1/../../../../arm-none-eabi/lib/thumb/v7e-m+fp/hard/libc_nano.a(lib_a-memset.o)
                              /opt/st/stm32cubeide_1.6.0/plugins/com.st.stm32cube.ide.mcu.externaltools.gnu-tools-for-stm32.9-2020-q2-update.linux64_1.5.0.202011040924/tools/bin/../lib/gcc/arm-none-eabi/9.3.1/../../../../arm-none-eabi/lib/thumb/v7e-m+fp/hard/crt0.o (memset)
/opt/st/stm32cubeide_1.6.0/plugins/com.st.stm32cube.ide.mcu.externaltools.gnu-tools-for-stm32.9-2020-q2-update.linux64_1.5.0.202011040924/tools/bin/../lib/gcc/arm-none-eabi/9.3.1/thumb/v7e-m+fp/hard/libgcc.a(_arm_muldf3.o)
                              Core/Src/mission.o (__aeabi_dmul)
/opt/st/stm32cubeide_1.6.0/plugins/com.st.stm32cube.ide.mcu.externaltools.gnu-tools-for-stm32.9-2020-q2-update.linux64_1.5.0.202011040924/tools/bin/../lib/gcc/arm-none-eabi/9.3.1/thumb/v7e-m+fp/hard/libgcc.a(_arm_addsubdf3.o)
                              Core/Src/mission.o (__aeabi_dsub)
/opt/st/stm32cubeide_1.6.0/plugins/com.st.stm32cube.ide.mcu.externaltools.gnu-tools-for-stm32.9-2020-q2-update.linux64_1.5.0.202011040924/tools/bin/../lib/gcc/arm-none-eabi/9.3.1/thumb/v7e-m+fp/hard/libgcc.a(_arm_truncdfsf2.o)
                              Core/Src/mission.o (__aeabi_d2f)
/opt/st/stm32cubeide_1.6.0/plugins/com.st.stm32cube.ide.mcu.externaltools.gnu-tools-for-stm32.9-2020-q2-update.linux64_1.5.0.202011040924/tools/bin/../lib/gcc/arm-none-eabi/9.3.1/thumb/v7e-m+fp/hard/libgcc.a(_aeabi_uldivmod.o)
                              Drivers/STM32F4xx_HAL_Driver/Src/stm32f4xx_hal_rcc.o (__aeabi_uldivmod)
/opt/st/stm32cubeide_1.6.0/plugins/com.st.stm32cube.ide.mcu.externaltools.gnu-tools-for-stm32.9-2020-q2-update.linux64_1.5.0.202011040924/tools/bin/../lib/gcc/arm-none-eabi/9.3.1/thumb/v7e-m+fp/hard/libgcc.a(_udivmoddi4.o)
                              /opt/st/stm32cubeide_1.6.0/plugins/com.st.stm32cube.ide.mcu.externaltools.gnu-tools-for-stm32.9-2020-q2-update.linux64_1.5.0.202011040924/tools/bin/../lib/gcc/arm-none-eabi/9.3.1/thumb/v7e-m+fp/hard/libgcc.a(_aeabi_uldivmod.o) (__udivmoddi4)
/opt/st/stm32cubeide_1.6.0/plugins/com.st.stm32cube.ide.mcu.externaltools.gnu-tools-for-stm32.9-2020-q2-update.linux64_1.5.0.202011040924/tools/bin/../lib/gcc/arm-none-eabi/9.3.1/thumb/v7e-m+fp/hard/libgcc.a(_dvmd_tls.o)
[...]
Memory Configuration

Name             Origin             Length             Attributes
CCMRAM           0x0000000010000000 0x0000000000010000 xrw
RAM              0x0000000020000000 0x0000000000030000 xrw
FLASH            0x0000000008000000 0x0000000000200000 xr
*default*        0x0000000000000000 0xffffffffffffffff

Linker script and memory map

LOAD /opt/st/stm32cubeide_1.6.0/plugins/com.st.stm32cube.ide.mcu.externaltools.gnu-tools-for-stm32.9-2020-q2-update.linux64_1.5.0.202011040924/tools/bin/../lib/gcc/arm-none-eabi/9.3.1/thumb/v7e-m+fp/hard/crti.o
LOAD /opt/st/stm32cubeide_1.6.0/plugins/com.st.stm32cube.ide.mcu.externaltools.gnu-tools-for-stm32.9-2020-q2-update.linux64_1.5.0.202011040924/tools/bin/../lib/gcc/arm-none-eabi/9.3.1/thumb/v7e-m+fp/hard/crtbegin.o
LOAD /opt/st/stm32cubeide_1.6.0/plugins/com.st.stm32cube.ide.mcu.externaltools.gnu-tools-for-stm32.9-2020-q2-update.linux64_1.5.0.202011040924/tools/bin/../lib/gcc/arm-none-eabi/9.3.1/../../../../arm-none-eabi/lib/thumb/v7e-m+fp/hard/crt0.o
LOAD Core/Src/GM6020.o
LOAD Core/Src/app_serial.o
LOAD Core/Src/can.o
LOAD Core/Src/can_app.o
LOAD Core/Src/definition.o
LOAD Core/Src/dma.o
LOAD Core/Src/gpio.o
LOAD Core/Src/main.o
LOAD Core/Src/mission.o
LOAD Core/Src/proj_init.o
LOAD Core/Src/stm32f4xx_hal_msp.o
LOAD Core/Src/stm32f4xx_it.o
LOAD Core/Src/syscalls.o
LOAD Core/Src/sysmem.o
LOAD Core/Src/system_stm32f4xx.o
LOAD Core/Src/tim.o
LOAD Core/Src/usart.o
LOAD Core/Startup/startup_stm32f427iihx.o
LOAD Drivers/STM32F4xx_HAL_Driver/Src/stm32f4xx_hal.o
LOAD Drivers/STM32F4xx_HAL_Driver/Src/stm32f4xx_hal_can.o
LOAD Drivers/STM32F4xx_HAL_Driver/Src/stm32f4xx_hal_cortex.o
LOAD Drivers/STM32F4xx_HAL_Driver/Src/stm32f4xx_hal_dma.o
LOAD Drivers/STM32F4xx_HAL_Driver/Src/stm32f4xx_hal_dma_ex.o
LOAD Drivers/STM32F4xx_HAL_Driver/Src/stm32f4xx_hal_exti.o
LOAD Drivers/STM32F4xx_HAL_Driver/Src/stm32f4xx_hal_flash.o
LOAD Drivers/STM32F4xx_HAL_Driver/Src/stm32f4xx_hal_flash_ex.o
LOAD Drivers/STM32F4xx_HAL_Driver/Src/stm32f4xx_hal_flash_ramfunc.o
LOAD Drivers/STM32F4xx_HAL_Driver/Src/stm32f4xx_hal_gpio.o
LOAD Drivers/STM32F4xx_HAL_Driver/Src/stm32f4xx_hal_pwr.o
LOAD Drivers/STM32F4xx_HAL_Driver/Src/stm32f4xx_hal_pwr_ex.o
LOAD Drivers/STM32F4xx_HAL_Driver/Src/stm32f4xx_hal_rcc.o
LOAD Drivers/STM32F4xx_HAL_Driver/Src/stm32f4xx_hal_rcc_ex.o
LOAD Drivers/STM32F4xx_HAL_Driver/Src/stm32f4xx_hal_tim.o
LOAD Drivers/STM32F4xx_HAL_Driver/Src/stm32f4xx_hal_tim_ex.o
LOAD Drivers/STM32F4xx_HAL_Driver/Src/stm32f4xx_hal_uart.o
START GROUP
LOAD /opt/st/stm32cubeide_1.6.0/plugins/com.st.stm32cube.ide.mcu.externaltools.gnu-tools-for-stm32.9-2020-q2-update.linux64_1.5.0.202011040924/tools/bin/../lib/gcc/arm-none-eabi/9.3.1/../../../../arm-none-eabi/lib/thumb/v7e-m+fp/hard/libc_nano.a
LOAD /opt/st/stm32cubeide_1.6.0/plugins/com.st.stm32cube.ide.mcu.externaltools.gnu-tools-for-stm32.9-2020-q2-update.linux64_1.5.0.202011040924/tools/bin/../lib/gcc/arm-none-eabi/9.3.1/../../../../arm-none-eabi/lib/thumb/v7e-m+fp/hard/libm.a
END GROUP
START GROUP
LOAD /opt/st/stm32cubeide_1.6.0/plugins/com.st.stm32cube.ide.mcu.externaltools.gnu-tools-for-stm32.9-2020-q2-update.linux64_1.5.0.202011040924/tools/bin/../lib/gcc/arm-none-eabi/9.3.1/thumb/v7e-m+fp/hard/libgcc.a
LOAD /opt/st/stm32cubeide_1.6.0/plugins/com.st.stm32cube.ide.mcu.externaltools.gnu-tools-for-stm32.9-2020-q2-update.linux64_1.5.0.202011040924/tools/bin/../lib/gcc/arm-none-eabi/9.3.1/../../../../arm-none-eabi/lib/thumb/v7e-m+fp/hard/libc_nano.a
END GROUP
START GROUP
LOAD /opt/st/stm32cubeide_1.6.0/plugins/com.st.stm32cube.ide.mcu.externaltools.gnu-tools-for-stm32.9-2020-q2-update.linux64_1.5.0.202011040924/tools/bin/../lib/gcc/arm-none-eabi/9.3.1/thumb/v7e-m+fp/hard/libgcc.a
LOAD /opt/st/stm32cubeide_1.6.0/plugins/com.st.stm32cube.ide.mcu.externaltools.gnu-tools-for-stm32.9-2020-q2-update.linux64_1.5.0.202011040924/tools/bin/../lib/gcc/arm-none-eabi/9.3.1/../../../../arm-none-eabi/lib/thumb/v7e-m+fp/hard/libc_nano.a
LOAD /opt/st/stm32cubeide_1.6.0/plugins/com.st.stm32cube.ide.mcu.externaltools.gnu-tools-for-stm32.9-2020-q2-update.linux64_1.5.0.202011040924/tools/bin/../lib/gcc/arm-none-eabi/9.3.1/../../../../arm-none-eabi/lib/thumb/v7e-m+fp/hard/libnosys.a
END GROUP
START GROUP
LOAD /opt/st/stm32cubeide_1.6.0/plugins/com.st.stm32cube.ide.mcu.externaltools.gnu-tools-for-stm32.9-2020-q2-update.linux64_1.5.0.202011040924/tools/bin/../lib/gcc/arm-none-eabi/9.3.1/thumb/v7e-m+fp/hard/libgcc.a
LOAD /opt/st/stm32cubeide_1.6.0/plugins/com.st.stm32cube.ide.mcu.externaltools.gnu-tools-for-stm32.9-2020-q2-update.linux64_1.5.0.202011040924/tools/bin/../lib/gcc/arm-none-eabi/9.3.1/../../../../arm-none-eabi/lib/thumb/v7e-m+fp/hard/libc_nano.a
LOAD /opt/st/stm32cubeide_1.6.0/plugins/com.st.stm32cube.ide.mcu.externaltools.gnu-tools-for-stm32.9-2020-q2-update.linux64_1.5.0.202011040924/tools/bin/../lib/gcc/arm-none-eabi/9.3.1/../../../../arm-none-eabi/lib/thumb/v7e-m+fp/hard/libnosys.a
END GROUP
LOAD /opt/st/stm32cubeide_1.6.0/plugins/com.st.stm32cube.ide.mcu.externaltools.gnu-tools-for-stm32.9-2020-q2-update.linux64_1.5.0.202011040924/tools/bin/../lib/gcc/arm-none-eabi/9.3.1/thumb/v7e-m+fp/hard/crtend.o
LOAD /opt/st/stm32cubeide_1.6.0/plugins/com.st.stm32cube.ide.mcu.externaltools.gnu-tools-for-stm32.9-2020-q2-update.linux64_1.5.0.202011040924/tools/bin/../lib/gcc/arm-none-eabi/9.3.1/thumb/v7e-m+fp/hard/crtn.o
                0x0000000020030000                _estack = (ORIGIN (RAM) + LENGTH (RAM))
                0x0000000000000200                _Min_Heap_Size = 0x200
                0x0000000000000400                _Min_Stack_Size = 0x400

.isr_vector     0x0000000008000000      0x1ac
                0x0000000008000000                . = ALIGN (0x4)
 *(.isr_vector)
 .isr_vector    0x0000000008000000      0x1ac Core/Startup/startup_stm32f427iihx.o
                0x0000000008000000                g_pfnVectors
                0x00000000080001ac                . = ALIGN (0x4)

.text           0x00000000080001ac     0x5588
                0x00000000080001ac                . = ALIGN (0x4)
 *(.text)
 .text          0x00000000080001ac       0x40 /opt/st/stm32cubeide_1.6.0/plugins/com.st.stm32cube.ide.mcu.externaltools.gnu-tools-for-stm32.9-2020-q2-update.linux64_1.5.0.202011040924/tools/bin/../lib/gcc/arm-none-eabi/9.3.1/thumb/v7e-m+fp/hard/crtbegin.o
 .text          0x00000000080001ec      0x254 /opt/st/stm32cubeide_1.6.0/plugins/com.st.stm32cube.ide.mcu.externaltools.gnu-tools-for-stm32.9-2020-q2-update.linux64_1.5.0.202011040924/tools/bin/../lib/gcc/arm-none-eabi/9.3.1/thumb/v7e-m+fp/hard/libgcc.a(_arm_muldf3.o)
                0x00000000080001ec                __aeabi_dmul
                0x00000000080001ec                __muldf3
 .text          0x0000000008000440      0x378 /opt/st/stm32cubeide_1.6.0/plugins/com.st.stm32cube.ide.mcu.externaltools.gnu-tools-for-stm32.9-2020-q2-update.linux64_1.5.0.202011040924/tools/bin/../lib/gcc/arm-none-eabi/9.3.1/thumb/v7e-m+fp/hard/libgcc.a(_arm_addsubdf3.o)
                0x0000000008000440                __aeabi_drsub
                0x0000000008000448                __aeabi_dsub
                0x0000000008000448                __subdf3
                0x000000000800044c                __adddf3
                0x000000000800044c                __aeabi_dadd
                0x00000000080006c4                __aeabi_ui2d
                0x00000000080006c4                __floatunsidf
                0x00000000080006e4                __floatsidf
                0x00000000080006e4                __aeabi_i2d
                0x0000000008000708                __extendsfdf2
                0x0000000008000708                __aeabi_f2d
                0x000000000800074c                __aeabi_ul2d
                0x000000000800074c                __floatundidf
                0x000000000800075c                __floatdidf
                0x000000000800075c                __aeabi_l2d
 .text          0x00000000080007b8       0xa0 /opt/st/stm32cubeide_1.6.0/plugins/com.st.stm32cube.ide.mcu.externaltools.gnu-tools-for-stm32.9-2020-q2-update.linux64_1.5.0.202011040924/tools/bin/../lib/gcc/arm-none-eabi/9.3.1/thumb/v7e-m+fp/hard/libgcc.a(_arm_truncdfsf2.o)
                0x00000000080007b8                __aeabi_d2f
                0x00000000080007b8                __truncdfsf2
 .text          0x0000000008000858       0x30 /opt/st/stm32cubeide_1.6.0/plugins/com.st.stm32cube.ide.mcu.externaltools.gnu-tools-for-stm32.9-2020-q2-update.linux64_1.5.0.202011040924/tools/bin/../lib/gcc/arm-none-eabi/9.3.1/thumb/v7e-m+fp/hard/libgcc.a(_aeabi_uldivmod.o)
                0x0000000008000858                __aeabi_uldivmod
 .text          0x0000000008000888      0x2c4 /opt/st/stm32cubeide_1.6.0/plugins/com.st.stm32cube.ide.mcu.externaltools.gnu-tools-for-stm32.9-2020-q2-update.linux64_1.5.0.202011040924/tools/bin/../lib/gcc/arm-none-eabi/9.3.1/thumb/v7e-m+fp/hard/libgcc.a(_udivmoddi4.o)
                0x0000000008000888                __udivmoddi4
 .text          0x0000000008000b4c        0x4 /opt/st/stm32cubeide_1.6.0/plugins/com.st.stm32cube.ide.mcu.externaltools.gnu-tools-for-stm32.9-2020-q2-update.linux64_1.5.0.202011040924/tools/bin/../lib/gcc/arm-none-eabi/9.3.1/thumb/v7e-m+fp/hard/libgcc.a(_dvmd_tls.o)
                0x0000000008000b4c                __aeabi_ldiv0
                0x0000000008000b4c                __aeabi_idiv0
 *(.text*)
 .text.GM6020_Init
                0x0000000008000b50      0x110 Core/Src/GM6020.o
                0x0000000008000b50                GM6020_Init
 .text.P_Calc   0x0000000008000c60       0x8a Core/Src/GM6020.o
                0x0000000008000c60                P_Calc
 .text.PID_Calc
                0x0000000008000cea       0xfc Core/Src/GM6020.o
                0x0000000008000cea                PID_Calc
 *fill*         0x0000000008000de6        0x2 
 .text.CanTransmit_GM6020_1234
                0x0000000008000de8       0xa8 Core/Src/GM6020.o
                0x0000000008000de8                CanTransmit_GM6020_1234
 .text.get_dji_offset
                0x0000000008000e90       0x60 Core/Src/GM6020.o
                0x0000000008000e90                get_dji_offset
 .text.GM6020_CanMsgDecode
                0x0000000008000ef0       0x88 Core/Src/GM6020.o
                0x0000000008000ef0                GM6020_CanMsgDecode
 .text.GM6020_Update
                0x0000000008000f78      0x34c Core/Src/GM6020.o
                0x0000000008000f78                GM6020_Update
 .text.GM6020_ctrl
                0x00000000080012c4       0xa8 Core/Src/GM6020.o
                0x00000000080012c4                GM6020_ctrl
 .text.Joy_Decode
                0x000000000800136c       0x68 Core/Src/app_serial.o
                0x000000000800136c                Joy_Decode
 .text.IMU_Decode
                0x00000000080013d4       0x58 Core/Src/app_serial.o
                0x00000000080013d4                IMU_Decode
 .text.YOLO_Decode
                0x000000000800142c       0x6c Core/Src/app_serial.o
                0x000000000800142c                YOLO_Decode
 .text.HAL_UART_RxCpltCallback
                0x0000000008001498       0x4c Core/Src/app_serial.o
                0x0000000008001498                HAL_UART_RxCpltCallback
 .text.MX_CAN1_Init
                0x00000000080014e4       0x6c Core/Src/can.o
                0x00000000080014e4                MX_CAN1_Init
 .text.HAL_CAN_MspInit
                0x0000000008001550       0xa0 Core/Src/can.o
                0x0000000008001550                HAL_CAN_MspInit
 .text.CANFilterInit
                0x00000000080015f0       0x72 Core/Src/can_app.o
                0x00000000080015f0                CANFilterInit
 *fill*         0x0000000008001662        0x2 
 .text.CanDataDecode
                0x0000000008001664       0x30 Core/Src/can_app.o
                0x0000000008001664                CanDataDecode
 .text.HAL_CAN_RxFifo0MsgPendingCallback
                0x0000000008001694       0x44 Core/Src/can_app.o
                0x0000000008001694                HAL_CAN_RxFifo0MsgPendingCallback
 .text.MX_DMA_Init
                0x00000000080016d8       0x7c Core/Src/dma.o
                0x00000000080016d8                MX_DMA_Init
 .text.MX_GPIO_Init
                0x0000000008001754       0xa4 Core/Src/gpio.o
                0x0000000008001754                MX_GPIO_Init
 .text.main     0x00000000080017f8       0x2e Core/Src/main.o
                0x00000000080017f8                main
 *fill*         0x0000000008001826        0x2 
 .text.SystemClock_Config
                0x0000000008001828       0xe0 Core/Src/main.o
                0x0000000008001828                SystemClock_Config
 .text.Error_Handler
                0x0000000008001908        0xa Core/Src/main.o
                0x0000000008001908                Error_Handler
 *fill*         0x0000000008001912        0x2 
 .text.mode_change
                0x0000000008001914      0x170 Core/Src/mission.o
                0x0000000008001914                mode_change
 .text.HAL_TIM_PeriodElapsedCallback
                0x0000000008001a84       0x22 Core/Src/mission.o
                0x0000000008001a84                HAL_TIM_PeriodElapsedCallback
 *fill*         0x0000000008001aa6        0x2 
 .text.proj_init
                0x0000000008001aa8       0x58 Core/Src/proj_init.o
                0x0000000008001aa8                proj_init
 .text.HAL_MspInit
                0x0000000008001b00       0x50 Core/Src/stm32f4xx_hal_msp.o
                0x0000000008001b00                HAL_MspInit
 .text.NMI_Handler
                0x0000000008001b50        0x6 Core/Src/stm32f4xx_it.o
                0x0000000008001b50                NMI_Handler
 .text.HardFault_Handler
                0x0000000008001b56        0x6 Core/Src/stm32f4xx_it.o
                0x0000000008001b56                HardFault_Handler
 .text.MemManage_Handler
                0x0000000008001b5c        0x6 Core/Src/stm32f4xx_it.o
                0x0000000008001b5c                MemManage_Handler
 .text.BusFault_Handler
                0x0000000008001b62        0x6 Core/Src/stm32f4xx_it.o
                0x0000000008001b62                BusFault_Handler
 .text.UsageFault_Handler
                0x0000000008001b68        0x6 Core/Src/stm32f4xx_it.o
                0x0000000008001b68                UsageFault_Handler
 .text.SVC_Handler
                0x0000000008001b6e        0xe Core/Src/stm32f4xx_it.o
                0x0000000008001b6e                SVC_Handler
 .text.DebugMon_Handler
                0x0000000008001b7c        0xe Core/Src/stm32f4xx_it.o
                0x0000000008001b7c                DebugMon_Handler
 .text.PendSV_Handler
                0x0000000008001b8a        0xe Core/Src/stm32f4xx_it.o
                0x0000000008001b8a                PendSV_Handler
 .text.SysTick_Handler
                0x0000000008001b98        0xc Core/Src/stm32f4xx_it.o
                0x0000000008001b98                SysTick_Handler
 .text.DMA1_Stream1_IRQHandler
                0x0000000008001ba4       0x14 Core/Src/stm32f4xx_it.o
                0x0000000008001ba4                DMA1_Stream1_IRQHandler
 .text.DMA1_Stream6_IRQHandler
                0x0000000008001bb8       0x14 Core/Src/stm32f4xx_it.o
                0x0000000008001bb8                DMA1_Stream6_IRQHandler
 .text.CAN1_RX0_IRQHandler
                0x0000000008001bcc       0x14 Core/Src/stm32f4xx_it.o
                0x0000000008001bcc                CAN1_RX0_IRQHandler
 .text.TIM2_IRQHandler
                0x0000000008001be0       0x14 Core/Src/stm32f4xx_it.o
                0x0000000008001be0                TIM2_IRQHandler
 .text.DMA2_Stream1_IRQHandler
                0x0000000008001bf4       0x14 Core/Src/stm32f4xx_it.o
                0x0000000008001bf4                DMA2_Stream1_IRQHandler
 .text.SystemInit
                0x0000000008001c08       0x24 Core/Src/system_stm32f4xx.o
                0x0000000008001c08                SystemInit
 .text.MX_TIM2_Init
                0x0000000008001c2c       0x98 Core/Src/tim.o
                0x0000000008001c2c                MX_TIM2_Init
 .text.HAL_TIM_Base_MspInit
                0x0000000008001cc4       0x4c Core/Src/tim.o
                0x0000000008001cc4                HAL_TIM_Base_MspInit
 .text.MX_UART8_Init
                0x0000000008001d10       0x54 Core/Src/usart.o
                0x0000000008001d10                MX_UART8_Init
 .text.MX_USART3_UART_Init
                0x0000000008001d64       0x54 Core/Src/usart.o
                0x0000000008001d64                MX_USART3_UART_Init
 .text.MX_USART6_UART_Init
                0x0000000008001db8       0x54 Core/Src/usart.o
                0x0000000008001db8                MX_USART6_UART_Init
 .text.HAL_UART_MspInit
                0x0000000008001e0c      0x29c Core/Src/usart.o
                0x0000000008001e0c                HAL_UART_MspInit
 .text.Reset_Handler
                0x00000000080020a8       0x50 Core/Startup/startup_stm32f427iihx.o
                0x00000000080020a8                Reset_Handler
 .text.Default_Handler
                0x00000000080020f8        0x2 Core/Startup/startup_stm32f427iihx.o
                0x00000000080020f8                RTC_Alarm_IRQHandler
                0x00000000080020f8                HASH_RNG_IRQHandler
                0x00000000080020f8                EXTI2_IRQHandler
                0x00000000080020f8                TIM8_CC_IRQHandler
                0x00000000080020f8                UART8_IRQHandler
                0x00000000080020f8                SPI4_IRQHandler
                0x00000000080020f8                TIM1_CC_IRQHandler
                0x00000000080020f8                DMA2_Stream5_IRQHandler
                0x00000000080020f8                DMA1_Stream5_IRQHandler
                0x00000000080020f8                PVD_IRQHandler
                0x00000000080020f8                SDIO_IRQHandler
                0x00000000080020f8                TAMP_STAMP_IRQHandler
                0x00000000080020f8                CAN2_RX1_IRQHandler
                0x00000000080020f8                EXTI3_IRQHandler
                0x00000000080020f8                TIM8_TRG_COM_TIM14_IRQHandler
                0x00000000080020f8                TIM1_UP_TIM10_IRQHandler
                0x00000000080020f8                TIM8_UP_TIM13_IRQHandler
                0x00000000080020f8                I2C3_ER_IRQHandler
                0x00000000080020f8                EXTI0_IRQHandler
                0x00000000080020f8                I2C2_EV_IRQHandler
                0x00000000080020f8                DMA1_Stream2_IRQHandler
                0x00000000080020f8                FPU_IRQHandler
                0x00000000080020f8                OTG_HS_WKUP_IRQHandler
                0x00000000080020f8                CAN2_SCE_IRQHandler
                0x00000000080020f8                DMA2_Stream2_IRQHandler
                0x00000000080020f8                SPI1_IRQHandler
                0x00000000080020f8                TIM6_DAC_IRQHandler
                0x00000000080020f8                TIM1_BRK_TIM9_IRQHandler
                0x00000000080020f8                DCMI_IRQHandler
                0x00000000080020f8                CAN2_RX0_IRQHandler
                0x00000000080020f8                DMA2_Stream3_IRQHandler
                0x00000000080020f8                USART6_IRQHandler
                0x00000000080020f8                USART3_IRQHandler
                0x00000000080020f8                CAN1_RX1_IRQHandler
                0x00000000080020f8                UART5_IRQHandler
                0x00000000080020f8                DMA2_Stream0_IRQHandler
                0x00000000080020f8                TIM4_IRQHandler
                0x00000000080020f8                I2C1_EV_IRQHandler
                0x00000000080020f8                UART4_IRQHandler
                0x00000000080020f8                TIM3_IRQHandler
                0x00000000080020f8                RCC_IRQHandler
                0x00000000080020f8                TIM8_BRK_TIM12_IRQHandler
                0x00000000080020f8                Default_Handler
                0x00000000080020f8                EXTI15_10_IRQHandler
                0x00000000080020f8                ADC_IRQHandler
                0x00000000080020f8                DMA1_Stream7_IRQHandler
                0x00000000080020f8                SPI5_IRQHandler
                0x00000000080020f8                TIM7_IRQHandler
                0x00000000080020f8                CAN2_TX_IRQHandler
                0x00000000080020f8                TIM5_IRQHandler
                0x00000000080020f8                DMA2_Stream7_IRQHandler
                0x00000000080020f8                I2C3_EV_IRQHandler
                0x00000000080020f8                EXTI9_5_IRQHandler
                0x00000000080020f8                RTC_WKUP_IRQHandler
                0x00000000080020f8                ETH_WKUP_IRQHandler
                0x00000000080020f8                SPI2_IRQHandler
                0x00000000080020f8                OTG_HS_EP1_IN_IRQHandler
                0x00000000080020f8                DMA1_Stream0_IRQHandler
                0x00000000080020f8                CAN1_TX_IRQHandler
                0x00000000080020f8                EXTI4_IRQHandler
                0x00000000080020f8                ETH_IRQHandler
                0x00000000080020f8                OTG_HS_EP1_OUT_IRQHandler
                0x00000000080020f8                WWDG_IRQHandler
                0x00000000080020f8                SPI6_IRQHandler
                0x00000000080020f8                OTG_FS_WKUP_IRQHandler
                0x00000000080020f8                TIM1_TRG_COM_TIM11_IRQHandler
                0x00000000080020f8                OTG_HS_IRQHandler
                0x00000000080020f8                DMA2D_IRQHandler
                0x00000000080020f8                EXTI1_IRQHandler
                0x00000000080020f8                UART7_IRQHandler
                0x00000000080020f8                USART2_IRQHandler
                0x00000000080020f8                I2C2_ER_IRQHandler
                0x00000000080020f8                CAN1_SCE_IRQHandler
                0x00000000080020f8                FLASH_IRQHandler
                0x00000000080020f8                DMA2_Stream4_IRQHandler
                0x00000000080020f8                USART1_IRQHandler
                0x00000000080020f8                OTG_FS_IRQHandler
                0x00000000080020f8                SPI3_IRQHandler
                0x00000000080020f8                DMA1_Stream4_IRQHandler
                0x00000000080020f8                I2C1_ER_IRQHandler
                0x00000000080020f8                FMC_IRQHandler
                0x00000000080020f8                DMA2_Stream6_IRQHandler
                0x00000000080020f8                SAI1_IRQHandler
                0x00000000080020f8                DMA1_Stream3_IRQHandler
 *fill*         0x00000000080020fa        0x2 
 .text.HAL_Init
                0x00000000080020fc       0x44 Drivers/STM32F4xx_HAL_Driver/Src/stm32f4xx_hal.o
                0x00000000080020fc                HAL_Init
 .text.HAL_InitTick
                0x0000000008002140       0x60 Drivers/STM32F4xx_HAL_Driver/Src/stm32f4xx_hal.o
                0x0000000008002140                HAL_InitTick
 .text.HAL_IncTick
                0x00000000080021a0       0x28 Drivers/STM32F4xx_HAL_Driver/Src/stm32f4xx_hal.o
                0x00000000080021a0                HAL_IncTick
 .text.HAL_GetTick
                0x00000000080021c8       0x18 Drivers/STM32F4xx_HAL_Driver/Src/stm32f4xx_hal.o
                0x00000000080021c8                HAL_GetTick
 .text.HAL_CAN_Init
                0x00000000080021e0      0x1f6 Drivers/STM32F4xx_HAL_Driver/Src/stm32f4xx_hal_can.o
                0x00000000080021e0                HAL_CAN_Init
 *fill*         0x00000000080023d6        0x2 
 .text.HAL_CAN_ConfigFilter
                0x00000000080023d8      0x1c0 Drivers/STM32F4xx_HAL_Driver/Src/stm32f4xx_hal_can.o
                0x00000000080023d8                HAL_CAN_ConfigFilter
 .text.HAL_CAN_Start
                0x0000000008002598       0x88 Drivers/STM32F4xx_HAL_Driver/Src/stm32f4xx_hal_can.o
                0x0000000008002598                HAL_CAN_Start
 .text.HAL_CAN_AddTxMessage
                0x0000000008002620      0x1b6 Drivers/STM32F4xx_HAL_Driver/Src/stm32f4xx_hal_can.o
                0x0000000008002620                HAL_CAN_AddTxMessage
 .text.HAL_CAN_GetTxMailboxesFreeLevel
                0x00000000080027d6       0x6a Drivers/STM32F4xx_HAL_Driver/Src/stm32f4xx_hal_can.o
                0x00000000080027d6                HAL_CAN_GetTxMailboxesFreeLevel
 .text.HAL_CAN_GetRxMessage
                0x0000000008002840      0x224 Drivers/STM32F4xx_HAL_Driver/Src/stm32f4xx_hal_can.o
                0x0000000008002840                HAL_CAN_GetRxMessage
 .text.HAL_CAN_ActivateNotification
                0x0000000008002a64       0x4c Drivers/STM32F4xx_HAL_Driver/Src/stm32f4xx_hal_can.o
                0x0000000008002a64                HAL_CAN_ActivateNotification
 .text.HAL_CAN_IRQHandler
                0x0000000008002ab0      0x36e Drivers/STM32F4xx_HAL_Driver/Src/stm32f4xx_hal_can.o
                0x0000000008002ab0                HAL_CAN_IRQHandler
 .text.HAL_CAN_TxMailbox0CompleteCallback
                0x0000000008002e1e       0x14 Drivers/STM32F4xx_HAL_Driver/Src/stm32f4xx_hal_can.o
                0x0000000008002e1e                HAL_CAN_TxMailbox0CompleteCallback
 .text.HAL_CAN_TxMailbox1CompleteCallback
                0x0000000008002e32       0x14 Drivers/STM32F4xx_HAL_Driver/Src/stm32f4xx_hal_can.o
                0x0000000008002e32                HAL_CAN_TxMailbox1CompleteCallback
 .text.HAL_CAN_TxMailbox2CompleteCallback
                0x0000000008002e46       0x14 Drivers/STM32F4xx_HAL_Driver/Src/stm32f4xx_hal_can.o
                0x0000000008002e46                HAL_CAN_TxMailbox2CompleteCallback
 .text.HAL_CAN_TxMailbox0AbortCallback
                0x0000000008002e5a       0x14 Drivers/STM32F4xx_HAL_Driver/Src/stm32f4xx_hal_can.o
                0x0000000008002e5a                HAL_CAN_TxMailbox0AbortCallback
 .text.HAL_CAN_TxMailbox1AbortCallback
                0x0000000008002e6e       0x14 Drivers/STM32F4xx_HAL_Driver/Src/stm32f4xx_hal_can.o
                0x0000000008002e6e                HAL_CAN_TxMailbox1AbortCallback
 .text.HAL_CAN_TxMailbox2AbortCallback
                0x0000000008002e82       0x14 Drivers/STM32F4xx_HAL_Driver/Src/stm32f4xx_hal_can.o
                0x0000000008002e82                HAL_CAN_TxMailbox2AbortCallback
 .text.HAL_CAN_RxFifo0FullCallback
                0x0000000008002e96       0x14 Drivers/STM32F4xx_HAL_Driver/Src/stm32f4xx_hal_can.o
                0x0000000008002e96                HAL_CAN_RxFifo0FullCallback
 .text.HAL_CAN_RxFifo1MsgPendingCallback
                0x0000000008002eaa       0x14 Drivers/STM32F4xx_HAL_Driver/Src/stm32f4xx_hal_can.o
                0x0000000008002eaa                HAL_CAN_RxFifo1MsgPendingCallback
 .text.HAL_CAN_RxFifo1FullCallback
                0x0000000008002ebe       0x14 Drivers/STM32F4xx_HAL_Driver/Src/stm32f4xx_hal_can.o
                0x0000000008002ebe                HAL_CAN_RxFifo1FullCallback
 .text.HAL_CAN_SleepCallback
                0x0000000008002ed2       0x14 Drivers/STM32F4xx_HAL_Driver/Src/stm32f4xx_hal_can.o
                0x0000000008002ed2                HAL_CAN_SleepCallback
 .text.HAL_CAN_WakeUpFromRxMsgCallback
                0x0000000008002ee6       0x14 Drivers/STM32F4xx_HAL_Driver/Src/stm32f4xx_hal_can.o
                0x0000000008002ee6                HAL_CAN_WakeUpFromRxMsgCallback
 .text.HAL_CAN_ErrorCallback
                0x0000000008002efa       0x14 Drivers/STM32F4xx_HAL_Driver/Src/stm32f4xx_hal_can.o
                0x0000000008002efa                HAL_CAN_ErrorCallback
 *fill*         0x0000000008002f0e        0x2 
 .text.__NVIC_SetPriorityGrouping
                0x0000000008002f10       0x48 Drivers/STM32F4xx_HAL_Driver/Src/stm32f4xx_hal_cortex.o
 .text.__NVIC_GetPriorityGrouping
                0x0000000008002f58       0x1c Drivers/STM32F4xx_HAL_Driver/Src/stm32f4xx_hal_cortex.o
 .text.__NVIC_EnableIRQ
                0x0000000008002f74       0x3c Drivers/STM32F4xx_HAL_Driver/Src/stm32f4xx_hal_cortex.o
 .text.__NVIC_SetPriority
                0x0000000008002fb0       0x54 Drivers/STM32F4xx_HAL_Driver/Src/stm32f4xx_hal_cortex.o
 .text.NVIC_EncodePriority
                0x0000000008003004       0x66 Drivers/STM32F4xx_HAL_Driver/Src/stm32f4xx_hal_cortex.o
 *fill*         0x000000000800306a        0x2 
 .text.SysTick_Config
                0x000000000800306c       0x44 Drivers/STM32F4xx_HAL_Driver/Src/stm32f4xx_hal_cortex.o
 .text.HAL_NVIC_SetPriorityGrouping
                0x00000000080030b0       0x16 Drivers/STM32F4xx_HAL_Driver/Src/stm32f4xx_hal_cortex.o
                0x00000000080030b0                HAL_NVIC_SetPriorityGrouping
 .text.HAL_NVIC_SetPriority
                0x00000000080030c6       0x38 Drivers/STM32F4xx_HAL_Driver/Src/stm32f4xx_hal_cortex.o
                0x00000000080030c6                HAL_NVIC_SetPriority
 .text.HAL_NVIC_EnableIRQ
                0x00000000080030fe       0x1c Drivers/STM32F4xx_HAL_Driver/Src/stm32f4xx_hal_cortex.o
                0x00000000080030fe                HAL_NVIC_EnableIRQ
 .text.HAL_SYSTICK_Config
                0x000000000800311a       0x18 Drivers/STM32F4xx_HAL_Driver/Src/stm32f4xx_hal_cortex.o
                0x000000000800311a                HAL_SYSTICK_Config
 *fill*         0x0000000008003132        0x2 
 .text.HAL_DMA_Init
                0x0000000008003134      0x15c Drivers/STM32F4xx_HAL_Driver/Src/stm32f4xx_hal_dma.o
                0x0000000008003134                HAL_DMA_Init
 .text.HAL_DMA_Start_IT
                0x0000000008003290       0xb0 Drivers/STM32F4xx_HAL_Driver/Src/stm32f4xx_hal_dma.o
                0x0000000008003290                HAL_DMA_Start_IT
 .text.HAL_DMA_IRQHandler
                0x0000000008003340      0x314 Drivers/STM32F4xx_HAL_Driver/Src/stm32f4xx_hal_dma.o
                0x0000000008003340                HAL_DMA_IRQHandler
 .text.DMA_SetConfig
                0x0000000008003654       0x5c Drivers/STM32F4xx_HAL_Driver/Src/stm32f4xx_hal_dma.o
 .text.DMA_CalcBaseAndBitshift
                0x00000000080036b0       0x6c Drivers/STM32F4xx_HAL_Driver/Src/stm32f4xx_hal_dma.o
 .text.DMA_CheckFifoParam
                0x000000000800371c       0xf8 Drivers/STM32F4xx_HAL_Driver/Src/stm32f4xx_hal_dma.o
 .text.HAL_GPIO_Init
                0x0000000008003814      0x358 Drivers/STM32F4xx_HAL_Driver/Src/stm32f4xx_hal_gpio.o
                0x0000000008003814                HAL_GPIO_Init
 .text.HAL_PWREx_EnableOverDrive
                0x0000000008003b6c       0xa0 Drivers/STM32F4xx_HAL_Driver/Src/stm32f4xx_hal_pwr_ex.o
                0x0000000008003b6c                HAL_PWREx_EnableOverDrive
 .text.HAL_RCC_OscConfig
                0x0000000008003c0c      0x4f0 Drivers/STM32F4xx_HAL_Driver/Src/stm32f4xx_hal_rcc.o
                0x0000000008003c0c                HAL_RCC_OscConfig
 .text.HAL_RCC_ClockConfig
                0x00000000080040fc      0x1cc Drivers/STM32F4xx_HAL_Driver/Src/stm32f4xx_hal_rcc.o
                0x00000000080040fc                HAL_RCC_ClockConfig
 .text.HAL_RCC_GetSysClockFreq
                0x00000000080042c8      0x16c Drivers/STM32F4xx_HAL_Driver/Src/stm32f4xx_hal_rcc.o
                0x00000000080042c8                HAL_RCC_GetSysClockFreq
 .text.HAL_RCC_GetHCLKFreq
                0x0000000008004434       0x18 Drivers/STM32F4xx_HAL_Driver/Src/stm32f4xx_hal_rcc.o
                0x0000000008004434                HAL_RCC_GetHCLKFreq
 .text.HAL_RCC_GetPCLK1Freq
                0x000000000800444c       0x28 Drivers/STM32F4xx_HAL_Driver/Src/stm32f4xx_hal_rcc.o
                0x000000000800444c                HAL_RCC_GetPCLK1Freq
 .text.HAL_RCC_GetPCLK2Freq
                0x0000000008004474       0x28 Drivers/STM32F4xx_HAL_Driver/Src/stm32f4xx_hal_rcc.o
                0x0000000008004474                HAL_RCC_GetPCLK2Freq
 .text.HAL_TIM_Base_Init
                0x000000000800449c       0x9e Drivers/STM32F4xx_HAL_Driver/Src/stm32f4xx_hal_tim.o
                0x000000000800449c                HAL_TIM_Base_Init
 *fill*         0x000000000800453a        0x2 
 .text.HAL_TIM_Base_Start_IT
                0x000000000800453c       0xe0 Drivers/STM32F4xx_HAL_Driver/Src/stm32f4xx_hal_tim.o
                0x000000000800453c                HAL_TIM_Base_Start_IT
 .text.HAL_TIM_IRQHandler
                0x000000000800461c      0x210 Drivers/STM32F4xx_HAL_Driver/Src/stm32f4xx_hal_tim.o
                0x000000000800461c                HAL_TIM_IRQHandler
 .text.HAL_TIM_ConfigClockSource
                0x000000000800482c      0x18e Drivers/STM32F4xx_HAL_Driver/Src/stm32f4xx_hal_tim.o
                0x000000000800482c                HAL_TIM_ConfigClockSource
 .text.HAL_TIM_OC_DelayElapsedCallback
                0x00000000080049ba       0x14 Drivers/STM32F4xx_HAL_Driver/Src/stm32f4xx_hal_tim.o
                0x00000000080049ba                HAL_TIM_OC_DelayElapsedCallback
 .text.HAL_TIM_IC_CaptureCallback
                0x00000000080049ce       0x14 Drivers/STM32F4xx_HAL_Driver/Src/stm32f4xx_hal_tim.o
                0x00000000080049ce                HAL_TIM_IC_CaptureCallback
 .text.HAL_TIM_PWM_PulseFinishedCallback
                0x00000000080049e2       0x14 Drivers/STM32F4xx_HAL_Driver/Src/stm32f4xx_hal_tim.o
                0x00000000080049e2                HAL_TIM_PWM_PulseFinishedCallback
 .text.HAL_TIM_TriggerCallback
                0x00000000080049f6       0x14 Drivers/STM32F4xx_HAL_Driver/Src/stm32f4xx_hal_tim.o
                0x00000000080049f6                HAL_TIM_TriggerCallback
 *fill*         0x0000000008004a0a        0x2 
 .text.TIM_Base_SetConfig
                0x0000000008004a0c      0x140 Drivers/STM32F4xx_HAL_Driver/Src/stm32f4xx_hal_tim.o
                0x0000000008004a0c                TIM_Base_SetConfig
 .text.TIM_TI1_ConfigInputStage
                0x0000000008004b4c       0x5e Drivers/STM32F4xx_HAL_Driver/Src/stm32f4xx_hal_tim.o
 .text.TIM_TI2_ConfigInputStage
                0x0000000008004baa       0x60 Drivers/STM32F4xx_HAL_Driver/Src/stm32f4xx_hal_tim.o
 .text.TIM_ITRx_SetConfig
                0x0000000008004c0a       0x36 Drivers/STM32F4xx_HAL_Driver/Src/stm32f4xx_hal_tim.o
 .text.TIM_ETR_SetConfig
                0x0000000008004c40       0x40 Drivers/STM32F4xx_HAL_Driver/Src/stm32f4xx_hal_tim.o
                0x0000000008004c40                TIM_ETR_SetConfig
 .text.HAL_TIMEx_MasterConfigSynchronization
                0x0000000008004c80       0xf8 Drivers/STM32F4xx_HAL_Driver/Src/stm32f4xx_hal_tim_ex.o
                0x0000000008004c80                HAL_TIMEx_MasterConfigSynchronization
 .text.HAL_TIMEx_CommutCallback
                0x0000000008004d78       0x14 Drivers/STM32F4xx_HAL_Driver/Src/stm32f4xx_hal_tim_ex.o
                0x0000000008004d78                HAL_TIMEx_CommutCallback
 .text.HAL_TIMEx_BreakCallback
                0x0000000008004d8c       0x14 Drivers/STM32F4xx_HAL_Driver/Src/stm32f4xx_hal_tim_ex.o
                0x0000000008004d8c                HAL_TIMEx_BreakCallback
 .text.HAL_UART_Init
                0x0000000008004da0       0x9a Drivers/STM32F4xx_HAL_Driver/Src/stm32f4xx_hal_uart.o
                0x0000000008004da0                HAL_UART_Init
 .text.HAL_UART_Receive_DMA
                0x0000000008004e3a       0x60 Drivers/STM32F4xx_HAL_Driver/Src/stm32f4xx_hal_uart.o
                0x0000000008004e3a                HAL_UART_Receive_DMA
 .text.HAL_UART_RxHalfCpltCallback
                0x0000000008004e9a       0x14 Drivers/STM32F4xx_HAL_Driver/Src/stm32f4xx_hal_uart.o
                0x0000000008004e9a                HAL_UART_RxHalfCpltCallback
 .text.HAL_UART_ErrorCallback
                0x0000000008004eae       0x14 Drivers/STM32F4xx_HAL_Driver/Src/stm32f4xx_hal_uart.o
                0x0000000008004eae                HAL_UART_ErrorCallback
 .text.HAL_UARTEx_RxEventCallback
                0x0000000008004ec2       0x18 Drivers/STM32F4xx_HAL_Driver/Src/stm32f4xx_hal_uart.o
                0x0000000008004ec2                HAL_UARTEx_RxEventCallback
 .text.UART_DMAReceiveCplt
                0x0000000008004eda      0x126 Drivers/STM32F4xx_HAL_Driver/Src/stm32f4xx_hal_uart.o
 .text.UART_DMARxHalfCplt
                0x0000000008005000       0x36 Drivers/STM32F4xx_HAL_Driver/Src/stm32f4xx_hal_uart.o
 .text.UART_DMAError
                0x0000000008005036       0x94 Drivers/STM32F4xx_HAL_Driver/Src/stm32f4xx_hal_uart.o
 *fill*         0x00000000080050ca        0x2 
 .text.UART_Start_Receive_DMA
                0x00000000080050cc      0x134 Drivers/STM32F4xx_HAL_Driver/Src/stm32f4xx_hal_uart.o
                0x00000000080050cc                UART_Start_Receive_DMA
 .text.UART_EndTxTransfer
                0x0000000008005200       0x50 Drivers/STM32F4xx_HAL_Driver/Src/stm32f4xx_hal_uart.o
 .text.UART_EndRxTransfer
                0x0000000008005250       0xc6 Drivers/STM32F4xx_HAL_Driver/Src/stm32f4xx_hal_uart.o
 *fill*         0x0000000008005316        0x2 
 .text.UART_SetConfig
                0x0000000008005318      0x390 Drivers/STM32F4xx_HAL_Driver/Src/stm32f4xx_hal_uart.o
 .text.__libc_init_array
                0x00000000080056a8       0x48 /opt/st/stm32cubeide_1.6.0/plugins/com.st.stm32cube.ide.mcu.externaltools.gnu-tools-for-stm32.9-2020-q2-update.linux64_1.5.0.202011040924/tools/bin/../lib/gcc/arm-none-eabi/9.3.1/../../../../arm-none-eabi/lib/thumb/v7e-m+fp/hard/libc_nano.a(lib_a-init.o)
                0x00000000080056a8                __libc_init_array
 .text.memcpy   0x00000000080056f0       0x1c /opt/st/stm32cubeide_1.6.0/plugins/com.st.stm32cube.ide.mcu.externaltools.gnu-tools-for-stm32.9-2020-q2-update.linux64_1.5.0.202011040924/tools/bin/../lib/gcc/arm-none-eabi/9.3.1/../../../../arm-none-eabi/lib/thumb/v7e-m+fp/hard/libc_nano.a(lib_a-memcpy-stub.o)
                0x00000000080056f0                memcpy
 .text.memset   0x000000000800570c       0x10 /opt/st/stm32cubeide_1.6.0/plugins/com.st.stm32cube.ide.mcu.externaltools.gnu-tools-for-stm32.9-2020-q2-update.linux64_1.5.0.202011040924/tools/bin/../lib/gcc/arm-none-eabi/9.3.1/../../../../arm-none-eabi/lib/thumb/v7e-m+fp/hard/libc_nano.a(lib_a-memset.o)
                0x000000000800570c                memset
 *(.glue_7)
 .glue_7        0x000000000800571c        0x0 linker stubs
 *(.glue_7t)
 .glue_7t       0x000000000800571c        0x0 linker stubs
 *(.eh_frame)
 .eh_frame      0x000000000800571c        0x0 /opt/st/stm32cubeide_1.6.0/plugins/com.st.stm32cube.ide.mcu.externaltools.gnu-tools-for-stm32.9-2020-q2-update.linux64_1.5.0.202011040924/tools/bin/../lib/gcc/arm-none-eabi/9.3.1/thumb/v7e-m+fp/hard/crtbegin.o
 *(.init)
 .init          0x000000000800571c        0x4 /opt/st/stm32cubeide_1.6.0/plugins/com.st.stm32cube.ide.mcu.externaltools.gnu-tools-for-stm32.9-2020-q2-update.linux64_1.5.0.202011040924/tools/bin/../lib/gcc/arm-none-eabi/9.3.1/thumb/v7e-m+fp/hard/crti.o
                0x000000000800571c                _init
 .init          0x0000000008005720        0x8 /opt/st/stm32cubeide_1.6.0/plugins/com.st.stm32cube.ide.mcu.externaltools.gnu-tools-for-stm32.9-2020-q2-update.linux64_1.5.0.202011040924/tools/bin/../lib/gcc/arm-none-eabi/9.3.1/thumb/v7e-m+fp/hard/crtn.o
 *(.fini)
 .fini          0x0000000008005728        0x4 /opt/st/stm32cubeide_1.6.0/plugins/com.st.stm32cube.ide.mcu.externaltools.gnu-tools-for-stm32.9-2020-q2-update.linux64_1.5.0.202011040924/tools/bin/../lib/gcc/arm-none-eabi/9.3.1/thumb/v7e-m+fp/hard/crti.o
                0x0000000008005728                _fini
 .fini          0x000000000800572c        0x8 /opt/st/stm32cubeide_1.6.0/plugins/com.st.stm32cube.ide.mcu.externaltools.gnu-tools-for-stm32.9-2020-q2-update.linux64_1.5.0.202011040924/tools/bin/../lib/gcc/arm-none-eabi/9.3.1/thumb/v7e-m+fp/hard/crtn.o
                0x0000000008005734                . = ALIGN (0x4)
                0x0000000008005734                _etext = .

.vfp11_veneer   0x0000000008005734        0x0
 .vfp11_veneer  0x0000000008005734        0x0 linker stubs

.v4_bx          0x0000000008005734        0x0
 .v4_bx         0x0000000008005734        0x0 linker stubs

.iplt           0x0000000008005734        0x0
 .iplt          0x0000000008005734        0x0 /opt/st/stm32cubeide_1.6.0/plugins/com.st.stm32cube.ide.mcu.externaltools.gnu-tools-for-stm32.9-2020-q2-update.linux64_1.5.0.202011040924/tools/bin/../lib/gcc/arm-none-eabi/9.3.1/thumb/v7e-m+fp/hard/crtbegin.o

.rodata         0x0000000008005734       0x20
                0x0000000008005734                . = ALIGN (0x4)
 *(.rodata)
 *(.rodata*)
 .rodata.AHBPrescTable
                0x0000000008005734       0x10 Core/Src/system_stm32f4xx.o
                0x0000000008005734                AHBPrescTable
 .rodata.APBPrescTable
                0x0000000008005744        0x8 Core/Src/system_stm32f4xx.o
                0x0000000008005744                APBPrescTable
 .rodata.flagBitshiftOffset.8551
                0x000000000800574c        0x8 Drivers/STM32F4xx_HAL_Driver/Src/stm32f4xx_hal_dma.o
                0x0000000008005754                . = ALIGN (0x4)

.ARM.extab      0x0000000008005754        0x0
                0x0000000008005754                . = ALIGN (0x4)
 *(.ARM.extab* .gnu.linkonce.armextab.*)
                0x0000000008005754                . = ALIGN (0x4)

.ARM            0x0000000008005754        0x8
                0x0000000008005754                . = ALIGN (0x4)
                0x0000000008005754                __exidx_start = .
 *(.ARM.exidx*)
 .ARM.exidx     0x0000000008005754        0x8 /opt/st/stm32cubeide_1.6.0/plugins/com.st.stm32cube.ide.mcu.externaltools.gnu-tools-for-stm32.9-2020-q2-update.linux64_1.5.0.202011040924/tools/bin/../lib/gcc/arm-none-eabi/9.3.1/thumb/v7e-m+fp/hard/libgcc.a(_udivmoddi4.o)
                0x000000000800575c                __exidx_end = .
                0x000000000800575c                . = ALIGN (0x4)

.rel.dyn        0x000000000800575c        0x0
 .rel.iplt      0x000000000800575c        0x0 /opt/st/stm32cubeide_1.6.0/plugins/com.st.stm32cube.ide.mcu.externaltools.gnu-tools-for-stm32.9-2020-q2-update.linux64_1.5.0.202011040924/tools/bin/../lib/gcc/arm-none-eabi/9.3.1/thumb/v7e-m+fp/hard/crtbegin.o

.preinit_array  0x000000000800575c        0x0
                0x000000000800575c                . = ALIGN (0x4)
                0x000000000800575c                PROVIDE (__preinit_array_start = .)
 *(.preinit_array*)
                0x000000000800575c                PROVIDE (__preinit_array_end = .)
                0x000000000800575c                . = ALIGN (0x4)

.init_array     0x000000000800575c        0x4
                0x000000000800575c                . = ALIGN (0x4)
                0x000000000800575c                PROVIDE (__init_array_start = .)
 *(SORT_BY_NAME(.init_array.*))
 *(.init_array*)
 .init_array    0x000000000800575c        0x4 /opt/st/stm32cubeide_1.6.0/plugins/com.st.stm32cube.ide.mcu.externaltools.gnu-tools-for-stm32.9-2020-q2-update.linux64_1.5.0.202011040924/tools/bin/../lib/gcc/arm-none-eabi/9.3.1/thumb/v7e-m+fp/hard/crtbegin.o
                0x0000000008005760                PROVIDE (__init_array_end = .)
                0x0000000008005760                . = ALIGN (0x4)

.fini_array     0x0000000008005760        0x4
                0x0000000008005760                . = ALIGN (0x4)
                [!provide]                        PROVIDE (__fini_array_start = .)
 *(SORT_BY_NAME(.fini_array.*))
 *(.fini_array*)
 .fini_array    0x0000000008005760        0x4 /opt/st/stm32cubeide_1.6.0/plugins/com.st.stm32cube.ide.mcu.externaltools.gnu-tools-for-stm32.9-2020-q2-update.linux64_1.5.0.202011040924/tools/bin/../lib/gcc/arm-none-eabi/9.3.1/thumb/v7e-m+fp/hard/crtbegin.o
                [!provide]                        PROVIDE (__fini_array_end = .)
                0x0000000008005764                . = ALIGN (0x4)
                0x0000000008005764                _sidata = LOADADDR (.data)

.data           0x0000000020000000        0xc load address 0x0000000008005764
                0x0000000020000000                . = ALIGN (0x4)
                0x0000000020000000                _sdata = .
 *(.data)
 *(.data*)
 .data.SystemCoreClock
                0x0000000020000000        0x4 Core/Src/system_stm32f4xx.o
                0x0000000020000000                SystemCoreClock
 .data.uwTickPrio
                0x0000000020000004        0x4 Drivers/STM32F4xx_HAL_Driver/Src/stm32f4xx_hal.o
                0x0000000020000004                uwTickPrio
 .data.uwTickFreq
                0x0000000020000008        0x1 Drivers/STM32F4xx_HAL_Driver/Src/stm32f4xx_hal.o
                0x0000000020000008                uwTickFreq
 *(.RamFunc)
 *(.RamFunc*)
                0x000000002000000c                . = ALIGN (0x4)
 *fill*         0x0000000020000009        0x3 
                0x000000002000000c                _edata = .

.igot.plt       0x000000002000000c        0x0 load address 0x0000000008005770
 .igot.plt      0x000000002000000c        0x0 /opt/st/stm32cubeide_1.6.0/plugins/com.st.stm32cube.ide.mcu.externaltools.gnu-tools-for-stm32.9-2020-q2-update.linux64_1.5.0.202011040924/tools/bin/../lib/gcc/arm-none-eabi/9.3.1/thumb/v7e-m+fp/hard/crtbegin.o
                0x000000002000000c                . = ALIGN (0x4)

.bss            0x000000002000000c      0x770 load address 0x0000000008005770
                0x000000002000000c                _sbss = .
                0x000000002000000c                __bss_start__ = _sbss
 *(.bss)
 .bss           0x000000002000000c       0x1c /opt/st/stm32cubeide_1.6.0/plugins/com.st.stm32cube.ide.mcu.externaltools.gnu-tools-for-stm32.9-2020-q2-update.linux64_1.5.0.202011040924/tools/bin/../lib/gcc/arm-none-eabi/9.3.1/thumb/v7e-m+fp/hard/crtbegin.o
 *(.bss*)
 .bss.TxMailbox
                0x0000000020000028        0x4 Core/Src/GM6020.o
 .bss.flag_counter
                0x000000002000002c        0x1 Core/Src/definition.o
                0x000000002000002c                flag_counter
 *(COMMON)
 *fill*         0x000000002000002d        0x3 
 COMMON         0x0000000020000030      0x39c Core/Src/GM6020.o
                0x0000000020000030                h6020s
 COMMON         0x00000000200003cc       0x28 Core/Src/can.o
                0x00000000200003cc                hcan1
 COMMON         0x00000000200003f4        0x8 Core/Src/can_app.o
                0x00000000200003f4                CanReceiveData
 COMMON         0x00000000200003fc      0x148 Core/Src/definition.o
                0x00000000200003fc                imu_raw_data
                0x00000000200004a0                joy_raw_data
                0x00000000200004bc                imu_revbag
                0x0000000020000510                yolo_revbag
                0x000000002000051c                joy_revbag
                0x000000002000052c                yolo_raw_data
 COMMON         0x0000000020000544       0x48 Core/Src/tim.o
                0x0000000020000544                htim2
 COMMON         0x000000002000058c      0x1ec Core/Src/usart.o
                0x000000002000058c                hdma_usart6_rx
                0x00000000200005ec                hdma_usart3_rx
                0x000000002000064c                huart3
                0x0000000020000690                hdma_uart8_rx
                0x00000000200006f0                huart8
                0x0000000020000734                huart6
 COMMON         0x0000000020000778        0x4 Drivers/STM32F4xx_HAL_Driver/Src/stm32f4xx_hal.o
                0x0000000020000778                uwTick
                0x000000002000077c                . = ALIGN (0x4)
                0x000000002000077c                _ebss = .
                0x000000002000077c                __bss_end__ = _ebss

._user_heap_stack
                0x000000002000077c      0x604 load address 0x0000000008005770
                0x0000000020000780                . = ALIGN (0x8)
 *fill*         0x000000002000077c        0x4 
                [!provide]                        PROVIDE (end = .)
                0x0000000020000780                PROVIDE (_end = .)
                0x0000000020000980                . = (. + _Min_Heap_Size)
 *fill*         0x0000000020000780      0x200 
                0x0000000020000d80                . = (. + _Min_Stack_Size)
 *fill*         0x0000000020000980      0x400 
                0x0000000020000d80                . = ALIGN (0x8)

/DISCARD/
 libc.a(*)
 libm.a(*)
 libgcc.a(*)

.ARM.attributes
                0x0000000000000000       0x30
 *(.ARM.attributes)
 .ARM.attributes
                0x0000000000000000       0x1e /opt/st/stm32cubeide_1.6.0/plugins/com.st.stm32cube.ide.mcu.externaltools.gnu-tools-for-stm32.9-2020-q2-update.linux64_1.5.0.202011040924/tools/bin/../lib/gcc/arm-none-eabi/9.3.1/thumb/v7e-m+fp/hard/crti.o
 .ARM.attributes
                0x000000000000001e       0x34 /opt/st/stm32cubeide_1.6.0/plugins/com.st.stm32cube.ide.mcu.externaltools.gnu-tools-for-stm32.9-2020-q2-update.linux64_1.5.0.202011040924/tools/bin/../lib/gcc/arm-none-eabi/9.3.1/thumb/v7e-m+fp/hard/crtbegin.o
 .ARM.attributes
                0x0000000000000052       0x34 Core/Src/GM6020.o
 .ARM.attributes
                0x0000000000000086       0x34 Core/Src/app_serial.o
 .ARM.attributes
                0x00000000000000ba       0x34 Core/Src/can.o
 .ARM.attributes
                0x00000000000000ee       0x34 Core/Src/can_app.o
 .ARM.attributes
                0x0000000000000122       0x39 Core/Src/definition.o
 .ARM.attributes
                0x000000000000015b       0x34 Core/Src/dma.o
 .ARM.attributes
                0x000000000000018f       0x34 Core/Src/gpio.o
 .ARM.attributes
                0x00000000000001c3       0x34 Core/Src/main.o
 .ARM.attributes
                0x00000000000001f7       0x34 Core/Src/mission.o
 .ARM.attributes
                0x000000000000022b       0x34 Core/Src/proj_init.o
 .ARM.attributes
                0x000000000000025f       0x34 Core/Src/stm32f4xx_hal_msp.o
 .ARM.attributes
                0x0000000000000293       0x34 Core/Src/stm32f4xx_it.o
 .ARM.attributes
                0x00000000000002c7       0x34 Core/Src/system_stm32f4xx.o
 .ARM.attributes
                0x00000000000002fb       0x34 Core/Src/tim.o
 .ARM.attributes
                0x000000000000032f       0x34 Core/Src/usart.o
 .ARM.attributes
                0x0000000000000363       0x21 Core/Startup/startup_stm32f427iihx.o
 .ARM.attributes
                0x0000000000000384       0x34 Drivers/STM32F4xx_HAL_Driver/Src/stm32f4xx_hal.o
 .ARM.attributes
                0x00000000000003b8       0x34 Drivers/STM32F4xx_HAL_Driver/Src/stm32f4xx_hal_can.o
 .ARM.attributes
                0x00000000000003ec       0x34 Drivers/STM32F4xx_HAL_Driver/Src/stm32f4xx_hal_cortex.o
 .ARM.attributes
                0x0000000000000420       0x34 Drivers/STM32F4xx_HAL_Driver/Src/stm32f4xx_hal_dma.o
 .ARM.attributes
                0x0000000000000454       0x34 Drivers/STM32F4xx_HAL_Driver/Src/stm32f4xx_hal_gpio.o
 .ARM.attributes
                0x0000000000000488       0x34 Drivers/STM32F4xx_HAL_Driver/Src/stm32f4xx_hal_pwr_ex.o
 .ARM.attributes
                0x00000000000004bc       0x34 Drivers/STM32F4xx_HAL_Driver/Src/stm32f4xx_hal_rcc.o
 .ARM.attributes
                0x00000000000004f0       0x34 Drivers/STM32F4xx_HAL_Driver/Src/stm32f4xx_hal_tim.o
 .ARM.attributes
                0x0000000000000524       0x34 Drivers/STM32F4xx_HAL_Driver/Src/stm32f4xx_hal_tim_ex.o
 .ARM.attributes
                0x0000000000000558       0x34 Drivers/STM32F4xx_HAL_Driver/Src/stm32f4xx_hal_uart.o
 .ARM.attributes
                0x000000000000058c       0x34 /opt/st/stm32cubeide_1.6.0/plugins/com.st.stm32cube.ide.mcu.externaltools.gnu-tools-for-stm32.9-2020-q2-update.linux64_1.5.0.202011040924/tools/bin/../lib/gcc/arm-none-eabi/9.3.1/../../../../arm-none-eabi/lib/thumb/v7e-m+fp/hard/libc_nano.a(lib_a-init.o)
 .ARM.attributes
                0x00000000000005c0       0x34 /opt/st/stm32cubeide_1.6.0/plugins/com.st.stm32cube.ide.mcu.externaltools.gnu-tools-for-stm32.9-2020-q2-update.linux64_1.5.0.202011040924/tools/bin/../lib/gcc/arm-none-eabi/9.3.1/../../../../arm-none-eabi/lib/thumb/v7e-m+fp/hard/libc_nano.a(lib_a-memcpy-stub.o)
 .ARM.attributes
                0x00000000000005f4       0x34 /opt/st/stm32cubeide_1.6.0/plugins/com.st.stm32cube.ide.mcu.externaltools.gnu-tools-for-stm32.9-2020-q2-update.linux64_1.5.0.202011040924/tools/bin/../lib/gcc/arm-none-eabi/9.3.1/../../../../arm-none-eabi/lib/thumb/v7e-m+fp/hard/libc_nano.a(lib_a-memset.o)
 .ARM.attributes
                0x0000000000000628       0x1e /opt/st/stm32cubeide_1.6.0/plugins/com.st.stm32cube.ide.mcu.externaltools.gnu-tools-for-stm32.9-2020-q2-update.linux64_1.5.0.202011040924/tools/bin/../lib/gcc/arm-none-eabi/9.3.1/thumb/v7e-m+fp/hard/libgcc.a(_arm_muldf3.o)
 .ARM.attributes
                0x0000000000000646       0x1e /opt/st/stm32cubeide_1.6.0/plugins/com.st.stm32cube.ide.mcu.externaltools.gnu-tools-for-stm32.9-2020-q2-update.linux64_1.5.0.202011040924/tools/bin/../lib/gcc/arm-none-eabi/9.3.1/thumb/v7e-m+fp/hard/libgcc.a(_arm_addsubdf3.o)
 .ARM.attributes
                0x0000000000000664       0x1e /opt/st/stm32cubeide_1.6.0/plugins/com.st.stm32cube.ide.mcu.externaltools.gnu-tools-for-stm32.9-2020-q2-update.linux64_1.5.0.202011040924/tools/bin/../lib/gcc/arm-none-eabi/9.3.1/thumb/v7e-m+fp/hard/libgcc.a(_arm_truncdfsf2.o)
 .ARM.attributes
                0x0000000000000682       0x1e /opt/st/stm32cubeide_1.6.0/plugins/com.st.stm32cube.ide.mcu.externaltools.gnu-tools-for-stm32.9-2020-q2-update.linux64_1.5.0.202011040924/tools/bin/../lib/gcc/arm-none-eabi/9.3.1/thumb/v7e-m+fp/hard/libgcc.a(_aeabi_uldivmod.o)
 .ARM.attributes
                0x00000000000006a0       0x34 /opt/st/stm32cubeide_1.6.0/plugins/com.st.stm32cube.ide.mcu.externaltools.gnu-tools-for-stm32.9-2020-q2-update.linux64_1.5.0.202011040924/tools/bin/../lib/gcc/arm-none-eabi/9.3.1/thumb/v7e-m+fp/hard/libgcc.a(_udivmoddi4.o)
 .ARM.attributes
                0x00000000000006d4       0x1e /opt/st/stm32cubeide_1.6.0/plugins/com.st.stm32cube.ide.mcu.externaltools.gnu-tools-for-stm32.9-2020-q2-update.linux64_1.5.0.202011040924/tools/bin/../lib/gcc/arm-none-eabi/9.3.1/thumb/v7e-m+fp/hard/libgcc.a(_dvmd_tls.o)
 .ARM.attributes
                0x00000000000006f2       0x1e /opt/st/stm32cubeide_1.6.0/plugins/com.st.stm32cube.ide.mcu.externaltools.gnu-tools-for-stm32.9-2020-q2-update.linux64_1.5.0.202011040924/tools/bin/../lib/gcc/arm-none-eabi/9.3.1/thumb/v7e-m+fp/hard/crtn.o
OUTPUT(yuntai_code_ubuntu.elf elf32-littlearm)
LOAD linker stubs
LOAD /opt/st/stm32cubeide_1.6.0/plugins/com.st.stm32cube.ide.mcu.externaltools.gnu-tools-for-stm32.9-2020-q2-update.linux64_1.5.0.202011040924/tools/bin/../lib/gcc/arm-none-eabi/9.3.1/../../../../arm-none-eabi/lib/thumb/v7e-m+fp/hard/libc.a
LOAD /opt/st/stm32cubeide_1.6.0/plugins/com.st.stm32cube.ide.mcu.externaltools.gnu-tools-for-stm32.9-2020-q2-update.linux64_1.5.0.202011040924/tools/bin/../lib/gcc/arm-none-eabi/9.3.1/../../../../arm-none-eabi/lib/thumb/v7e-m+fp/hard/libm.a
LOAD /opt/st/stm32cubeide_1.6.0/plugins/com.st.stm32cube.ide.mcu.externaltools.gnu-tools-for-stm32.9-2020-q2-update.linux64_1.5.0.202011040924/tools/bin/../lib/gcc/arm-none-eabi/9.3.1/thumb/v7e-m+fp/hard/libgcc.a

.debug_info     0x0000000000000000    0x276b4
 .debug_info    0x0000000000000000     0x1f70 Core/Src/GM6020.o
 .debug_info    0x0000000000001f70     0x1d26 Core/Src/app_serial.o
 .debug_info    0x0000000000003c96     0x223e Core/Src/can.o
 .debug_info    0x0000000000005ed4     0x1e1c Core/Src/can_app.o
 .debug_info    0x0000000000007cf0     0x1c82 Core/Src/definition.o
 .debug_info    0x0000000000009972     0x20a7 Core/Src/dma.o
 .debug_info    0x000000000000ba19     0x1eaf Core/Src/gpio.o
 .debug_info    0x000000000000d8c8     0x2049 Core/Src/main.o
 .debug_info    0x000000000000f911     0x1c66 Core/Src/mission.o
 .debug_info    0x0000000000011577     0x1c3a Core/Src/proj_init.o
 .debug_info    0x00000000000131b1     0x1e58 Core/Src/stm32f4xx_hal_msp.o
 .debug_info    0x0000000000015009     0x1d49 Core/Src/stm32f4xx_it.o
 .debug_info    0x0000000000016d52      0x5c0 Core/Src/system_stm32f4xx.o
 .debug_info    0x0000000000017312     0x21a9 Core/Src/tim.o
 .debug_info    0x00000000000194bb     0x20db Core/Src/usart.o
 .debug_info    0x000000000001b596       0x22 Core/Startup/startup_stm32f427iihx.o
 .debug_info    0x000000000001b5b8      0xa1e Drivers/STM32F4xx_HAL_Driver/Src/stm32f4xx_hal.o
 .debug_info    0x000000000001bfd6     0x1090 Drivers/STM32F4xx_HAL_Driver/Src/stm32f4xx_hal_can.o
 .debug_info    0x000000000001d066      0xf01 Drivers/STM32F4xx_HAL_Driver/Src/stm32f4xx_hal_cortex.o
 .debug_info    0x000000000001df67      0x9f1 Drivers/STM32F4xx_HAL_Driver/Src/stm32f4xx_hal_dma.o
 .debug_info    0x000000000001e958      0x85a Drivers/STM32F4xx_HAL_Driver/Src/stm32f4xx_hal_gpio.o
 .debug_info    0x000000000001f1b2      0x7ae Drivers/STM32F4xx_HAL_Driver/Src/stm32f4xx_hal_pwr_ex.o
 .debug_info    0x000000000001f960      0x9b2 Drivers/STM32F4xx_HAL_Driver/Src/stm32f4xx_hal_rcc.o
 .debug_info    0x0000000000020312     0x2c22 Drivers/STM32F4xx_HAL_Driver/Src/stm32f4xx_hal_tim.o
 .debug_info    0x0000000000022f34     0x15a2 Drivers/STM32F4xx_HAL_Driver/Src/stm32f4xx_hal_tim_ex.o
 .debug_info    0x00000000000244d6     0x31de Drivers/STM32F4xx_HAL_Driver/Src/stm32f4xx_hal_uart.o

.debug_abbrev   0x0000000000000000     0x3d16
 .debug_abbrev  0x0000000000000000      0x30c Core/Src/GM6020.o
 .debug_abbrev  0x000000000000030c      0x2bb Core/Src/app_serial.o
 .debug_abbrev  0x00000000000005c7      0x2a8 Core/Src/can.o
 .debug_abbrev  0x000000000000086f      0x29a Core/Src/can_app.o
 .debug_abbrev  0x0000000000000b09      0x238 Core/Src/definition.o
 .debug_abbrev  0x0000000000000d41      0x26c Core/Src/dma.o
 .debug_abbrev  0x0000000000000fad      0x26c Core/Src/gpio.o
 .debug_abbrev  0x0000000000001219      0x2c8 Core/Src/main.o
 .debug_abbrev  0x00000000000014e1      0x274 Core/Src/mission.o
 .debug_abbrev  0x0000000000001755      0x247 Core/Src/proj_init.o
 .debug_abbrev  0x000000000000199c      0x26c Core/Src/stm32f4xx_hal_msp.o
 .debug_abbrev  0x0000000000001c08      0x27b Core/Src/stm32f4xx_it.o
 .debug_abbrev  0x0000000000001e83      0x145 Core/Src/system_stm32f4xx.o
 .debug_abbrev  0x0000000000001fc8      0x29d Core/Src/tim.o
 .debug_abbrev  0x0000000000002265      0x2e8 Core/Src/usart.o
 .debug_abbrev  0x000000000000254d       0x12 Core/Startup/startup_stm32f427iihx.o
 .debug_abbrev  0x000000000000255f      0x1ed Drivers/STM32F4xx_HAL_Driver/Src/stm32f4xx_hal.o
 .debug_abbrev  0x000000000000274c      0x246 Drivers/STM32F4xx_HAL_Driver/Src/stm32f4xx_hal_can.o
 .debug_abbrev  0x0000000000002992      0x33c Drivers/STM32F4xx_HAL_Driver/Src/stm32f4xx_hal_cortex.o
 .debug_abbrev  0x0000000000002cce      0x259 Drivers/STM32F4xx_HAL_Driver/Src/stm32f4xx_hal_dma.o
 .debug_abbrev  0x0000000000002f27      0x1f1 Drivers/STM32F4xx_HAL_Driver/Src/stm32f4xx_hal_gpio.o
 .debug_abbrev  0x0000000000003118      0x1da Drivers/STM32F4xx_HAL_Driver/Src/stm32f4xx_hal_pwr_ex.o
 .debug_abbrev  0x00000000000032f2      0x275 Drivers/STM32F4xx_HAL_Driver/Src/stm32f4xx_hal_rcc.o
 .debug_abbrev  0x0000000000003567      0x25e Drivers/STM32F4xx_HAL_Driver/Src/stm32f4xx_hal_tim.o
 .debug_abbrev  0x00000000000037c5      0x266 Drivers/STM32F4xx_HAL_Driver/Src/stm32f4xx_hal_tim_ex.o
 .debug_abbrev  0x0000000000003a2b      0x2eb Drivers/STM32F4xx_HAL_Driver/Src/stm32f4xx_hal_uart.o

.debug_aranges  0x0000000000000000      0xf88
 .debug_aranges
                0x0000000000000000       0x60 Core/Src/GM6020.o
 .debug_aranges
                0x0000000000000060       0x38 Core/Src/app_serial.o
 .debug_aranges
                0x0000000000000098       0x30 Core/Src/can.o
 .debug_aranges
                0x00000000000000c8       0x30 Core/Src/can_app.o
 .debug_aranges
                0x00000000000000f8       0x18 Core/Src/definition.o
 .debug_aranges
                0x0000000000000110       0x20 Core/Src/dma.o
 .debug_aranges
                0x0000000000000130       0x20 Core/Src/gpio.o
 .debug_aranges
                0x0000000000000150       0x30 Core/Src/main.o
 .debug_aranges
                0x0000000000000180       0x28 Core/Src/mission.o
 .debug_aranges
                0x00000000000001a8       0x20 Core/Src/proj_init.o
 .debug_aranges
                0x00000000000001c8       0x20 Core/Src/stm32f4xx_hal_msp.o
 .debug_aranges
                0x00000000000001e8       0x88 Core/Src/stm32f4xx_it.o
 .debug_aranges
                0x0000000000000270       0x28 Core/Src/system_stm32f4xx.o
 .debug_aranges
                0x0000000000000298       0x30 Core/Src/tim.o
 .debug_aranges
                0x00000000000002c8       0x40 Core/Src/usart.o
 .debug_aranges
                0x0000000000000308       0x28 Core/Startup/startup_stm32f427iihx.o
 .debug_aranges
                0x0000000000000330      0x100 Drivers/STM32F4xx_HAL_Driver/Src/stm32f4xx_hal.o
 .debug_aranges
                0x0000000000000430      0x138 Drivers/STM32F4xx_HAL_Driver/Src/stm32f4xx_hal_can.o
 .debug_aranges
                0x0000000000000568      0x118 Drivers/STM32F4xx_HAL_Driver/Src/stm32f4xx_hal_cortex.o
 .debug_aranges
                0x0000000000000680       0x90 Drivers/STM32F4xx_HAL_Driver/Src/stm32f4xx_hal_dma.o
 .debug_aranges
                0x0000000000000710       0x58 Drivers/STM32F4xx_HAL_Driver/Src/stm32f4xx_hal_gpio.o
 .debug_aranges
                0x0000000000000768       0x60 Drivers/STM32F4xx_HAL_Driver/Src/stm32f4xx_hal_pwr_ex.o
 .debug_aranges
                0x00000000000007c8       0x88 Drivers/STM32F4xx_HAL_Driver/Src/stm32f4xx_hal_rcc.o
 .debug_aranges
                0x0000000000000850      0x3d0 Drivers/STM32F4xx_HAL_Driver/Src/stm32f4xx_hal_tim.o
 .debug_aranges
                0x0000000000000c20      0x168 Drivers/STM32F4xx_HAL_Driver/Src/stm32f4xx_hal_tim_ex.o
 .debug_aranges
                0x0000000000000d88      0x200 Drivers/STM32F4xx_HAL_Driver/Src/stm32f4xx_hal_uart.o

.debug_ranges   0x0000000000000000      0xe18
 .debug_ranges  0x0000000000000000       0x50 Core/Src/GM6020.o
 .debug_ranges  0x0000000000000050       0x28 Core/Src/app_serial.o
 .debug_ranges  0x0000000000000078       0x20 Core/Src/can.o
 .debug_ranges  0x0000000000000098       0x20 Core/Src/can_app.o
 .debug_ranges  0x00000000000000b8       0x10 Core/Src/dma.o
 .debug_ranges  0x00000000000000c8       0x10 Core/Src/gpio.o
 .debug_ranges  0x00000000000000d8       0x20 Core/Src/main.o
 .debug_ranges  0x00000000000000f8       0x18 Core/Src/mission.o
 .debug_ranges  0x0000000000000110       0x10 Core/Src/proj_init.o
 .debug_ranges  0x0000000000000120       0x10 Core/Src/stm32f4xx_hal_msp.o
 .debug_ranges  0x0000000000000130       0x78 Core/Src/stm32f4xx_it.o
 .debug_ranges  0x00000000000001a8       0x18 Core/Src/system_stm32f4xx.o
 .debug_ranges  0x00000000000001c0       0x20 Core/Src/tim.o
 .debug_ranges  0x00000000000001e0       0x30 Core/Src/usart.o
 .debug_ranges  0x0000000000000210       0x20 Core/Startup/startup_stm32f427iihx.o
 .debug_ranges  0x0000000000000230       0xf0 Drivers/STM32F4xx_HAL_Driver/Src/stm32f4xx_hal.o
 .debug_ranges  0x0000000000000320      0x128 Drivers/STM32F4xx_HAL_Driver/Src/stm32f4xx_hal_can.o
 .debug_ranges  0x0000000000000448      0x108 Drivers/STM32F4xx_HAL_Driver/Src/stm32f4xx_hal_cortex.o
 .debug_ranges  0x0000000000000550       0x80 Drivers/STM32F4xx_HAL_Driver/Src/stm32f4xx_hal_dma.o
 .debug_ranges  0x00000000000005d0       0x48 Drivers/STM32F4xx_HAL_Driver/Src/stm32f4xx_hal_gpio.o
 .debug_ranges  0x0000000000000618       0x50 Drivers/STM32F4xx_HAL_Driver/Src/stm32f4xx_hal_pwr_ex.o
 .debug_ranges  0x0000000000000668       0x78 Drivers/STM32F4xx_HAL_Driver/Src/stm32f4xx_hal_rcc.o
 .debug_ranges  0x00000000000006e0      0x3c0 Drivers/STM32F4xx_HAL_Driver/Src/stm32f4xx_hal_tim.o
 .debug_ranges  0x0000000000000aa0      0x158 Drivers/STM32F4xx_HAL_Driver/Src/stm32f4xx_hal_tim_ex.o
 .debug_ranges  0x0000000000000bf8      0x220 Drivers/STM32F4xx_HAL_Driver/Src/stm32f4xx_hal_uart.o

.debug_macro    0x0000000000000000    0x2667e
 .debug_macro   0x0000000000000000      0x3cd Core/Src/GM6020.o
 .debug_macro   0x00000000000003cd      0xaa8 Core/Src/GM6020.o
 .debug_macro   0x0000000000000e75       0x16 Core/Src/GM6020.o
 .debug_macro   0x0000000000000e8b      0x2a1 Core/Src/GM6020.o
 .debug_macro   0x000000000000112c       0x2e Core/Src/GM6020.o
 .debug_macro   0x000000000000115a       0x28 Core/Src/GM6020.o
 .debug_macro   0x0000000000001182       0x22 Core/Src/GM6020.o
 .debug_macro   0x00000000000011a4       0x8e Core/Src/GM6020.o
 .debug_macro   0x0000000000001232       0x51 Core/Src/GM6020.o
 .debug_macro   0x0000000000001283      0x103 Core/Src/GM6020.o
 .debug_macro   0x0000000000001386       0x6a Core/Src/GM6020.o
 .debug_macro   0x00000000000013f0      0x1df Core/Src/GM6020.o
 .debug_macro   0x00000000000015cf       0x1c Core/Src/GM6020.o
 .debug_macro   0x00000000000015eb       0x22 Core/Src/GM6020.o
 .debug_macro   0x000000000000160d       0xdf Core/Src/GM6020.o
 .debug_macro   0x00000000000016ec     0x102d Core/Src/GM6020.o
 .debug_macro   0x0000000000002719      0x11f Core/Src/GM6020.o
 .debug_macro   0x0000000000002838    0x17876 Core/Src/GM6020.o
 .debug_macro   0x000000000001a0ae       0x6d Core/Src/GM6020.o
 .debug_macro   0x000000000001a11b     0x36dd Core/Src/GM6020.o
 .debug_macro   0x000000000001d7f8      0x174 Core/Src/GM6020.o
 .debug_macro   0x000000000001d96c       0x5c Core/Src/GM6020.o
 .debug_macro   0x000000000001d9c8      0xc6d Core/Src/GM6020.o
 .debug_macro   0x000000000001e635      0x9fe Core/Src/GM6020.o
 .debug_macro   0x000000000001f033      0x116 Core/Src/GM6020.o
 .debug_macro   0x000000000001f149      0x16f Core/Src/GM6020.o
 .debug_macro   0x000000000001f2b8       0xa5 Core/Src/GM6020.o
 .debug_macro   0x000000000001f35d      0x182 Core/Src/GM6020.o
 .debug_macro   0x000000000001f4df      0x287 Core/Src/GM6020.o
 .debug_macro   0x000000000001f766       0x5f Core/Src/GM6020.o
 .debug_macro   0x000000000001f7c5      0x236 Core/Src/GM6020.o
 .debug_macro   0x000000000001f9fb      0x40f Core/Src/GM6020.o
 .debug_macro   0x000000000001fe0a      0x132 Core/Src/GM6020.o
 .debug_macro   0x000000000001ff3c      0x41d Core/Src/GM6020.o
 .debug_macro   0x0000000000020359       0x2e Core/Src/GM6020.o
 .debug_macro   0x0000000000020387      0x11a Core/Src/GM6020.o
 .debug_macro   0x00000000000204a1       0xe2 Core/Src/GM6020.o
 .debug_macro   0x0000000000020583       0x89 Core/Src/GM6020.o
 .debug_macro   0x000000000002060c      0x8d1 Core/Src/GM6020.o
 .debug_macro   0x0000000000020edd       0x47 Core/Src/GM6020.o
 .debug_macro   0x0000000000020f24      0x295 Core/Src/GM6020.o
 .debug_macro   0x00000000000211b9      0x134 Core/Src/GM6020.o
 .debug_macro   0x00000000000212ed       0x52 Core/Src/GM6020.o
 .debug_macro   0x000000000002133f       0x18 Core/Src/GM6020.o
 .debug_macro   0x0000000000021357       0x3c Core/Src/GM6020.o
 .debug_macro   0x0000000000021393       0x34 Core/Src/GM6020.o
 .debug_macro   0x00000000000213c7       0x16 Core/Src/GM6020.o
 .debug_macro   0x00000000000213dd       0x43 Core/Src/GM6020.o
 .debug_macro   0x0000000000021420       0x34 Core/Src/GM6020.o
 .debug_macro   0x0000000000021454       0x10 Core/Src/GM6020.o
 .debug_macro   0x0000000000021464       0x58 Core/Src/GM6020.o
 .debug_macro   0x00000000000214bc       0x71 Core/Src/GM6020.o
 .debug_macro   0x000000000002152d       0x1c Core/Src/GM6020.o
 .debug_macro   0x0000000000021549      0x12a Core/Src/GM6020.o
 .debug_macro   0x0000000000021673      0x333 Core/Src/GM6020.o
 .debug_macro   0x00000000000219a6      0x1a9 Core/Src/GM6020.o
 .debug_macro   0x0000000000021b4f       0x1c Core/Src/GM6020.o
 .debug_macro   0x0000000000021b6b       0x35 Core/Src/GM6020.o
 .debug_macro   0x0000000000021ba0       0x10 Core/Src/GM6020.o
 .debug_macro   0x0000000000021bb0       0x10 Core/Src/GM6020.o
 .debug_macro   0x0000000000021bc0       0x1c Core/Src/GM6020.o
 .debug_macro   0x0000000000021bdc       0x52 Core/Src/GM6020.o
 .debug_macro   0x0000000000021c2e       0x22 Core/Src/GM6020.o
 .debug_macro   0x0000000000021c50       0x10 Core/Src/GM6020.o
 .debug_macro   0x0000000000021c60       0x40 Core/Src/GM6020.o
 .debug_macro   0x0000000000021ca0       0xd5 Core/Src/GM6020.o
 .debug_macro   0x0000000000021d75       0x1c Core/Src/GM6020.o
 .debug_macro   0x0000000000021d91       0x3d Core/Src/GM6020.o
 .debug_macro   0x0000000000021dce       0x16 Core/Src/GM6020.o
 .debug_macro   0x0000000000021de4      0x145 Core/Src/GM6020.o
 .debug_macro   0x0000000000021f29       0xac Core/Src/GM6020.o
 .debug_macro   0x0000000000021fd5       0x10 Core/Src/GM6020.o
 .debug_macro   0x0000000000021fe5      0x3c7 Core/Src/app_serial.o
 .debug_macro   0x00000000000223ac       0x16 Core/Src/app_serial.o
 .debug_macro   0x00000000000223c2      0x3d1 Core/Src/can.o
 .debug_macro   0x0000000000022793      0x3d1 Core/Src/can_app.o
 .debug_macro   0x0000000000022b64      0x3c3 Core/Src/definition.o
 .debug_macro   0x0000000000022f27      0x3d1 Core/Src/dma.o
 .debug_macro   0x00000000000232f8      0x3d1 Core/Src/gpio.o
 .debug_macro   0x00000000000236c9      0x3e1 Core/Src/main.o
 .debug_macro   0x0000000000023aaa      0x3cd Core/Src/mission.o
 .debug_macro   0x0000000000023e77      0x3c7 Core/Src/proj_init.o
 .debug_macro   0x000000000002423e      0x3cd Core/Src/stm32f4xx_hal_msp.o
 .debug_macro   0x000000000002460b      0x3d7 Core/Src/stm32f4xx_it.o
 .debug_macro   0x00000000000249e2      0x1d8 Core/Src/system_stm32f4xx.o
 .debug_macro   0x0000000000024bba      0x3d1 Core/Src/tim.o
 .debug_macro   0x0000000000024f8b      0x3d1 Core/Src/usart.o
 .debug_macro   0x000000000002535c      0x238 Drivers/STM32F4xx_HAL_Driver/Src/stm32f4xx_hal.o
 .debug_macro   0x0000000000025594      0x1e0 Drivers/STM32F4xx_HAL_Driver/Src/stm32f4xx_hal_can.o
 .debug_macro   0x0000000000025774      0x1d8 Drivers/STM32F4xx_HAL_Driver/Src/stm32f4xx_hal_cortex.o
 .debug_macro   0x000000000002594c      0x1de Drivers/STM32F4xx_HAL_Driver/Src/stm32f4xx_hal_dma.o
 .debug_macro   0x0000000000025b2a      0x1de Drivers/STM32F4xx_HAL_Driver/Src/stm32f4xx_hal_gpio.o
 .debug_macro   0x0000000000025d08      0x1f0 Drivers/STM32F4xx_HAL_Driver/Src/stm32f4xx_hal_pwr_ex.o
 .debug_macro   0x0000000000025ef8      0x1fc Drivers/STM32F4xx_HAL_Driver/Src/stm32f4xx_hal_rcc.o
 .debug_macro   0x00000000000260f4      0x1d9 Drivers/STM32F4xx_HAL_Driver/Src/stm32f4xx_hal_tim.o
 .debug_macro   0x00000000000262cd      0x1d8 Drivers/STM32F4xx_HAL_Driver/Src/stm32f4xx_hal_tim_ex.o
 .debug_macro   0x00000000000264a5      0x1d9 Drivers/STM32F4xx_HAL_Driver/Src/stm32f4xx_hal_uart.o

.debug_line     0x0000000000000000    0x16301
 .debug_line    0x0000000000000000      0xcd7 Core/Src/GM6020.o
 .debug_line    0x0000000000000cd7      0xa30 Core/Src/app_serial.o
 .debug_line    0x0000000000001707      0x988 Core/Src/can.o
 .debug_line    0x000000000000208f      0x985 Core/Src/can_app.o
 .debug_line    0x0000000000002a14      0x901 Core/Src/definition.o
 .debug_line    0x0000000000003315      0x918 Core/Src/dma.o
 .debug_line    0x0000000000003c2d      0x916 Core/Src/gpio.o
 .debug_line    0x0000000000004543      0x99e Core/Src/main.o
 .debug_line    0x0000000000004ee1      0x9ba Core/Src/mission.o
 .debug_line    0x000000000000589b      0x918 Core/Src/proj_init.o
 .debug_line    0x00000000000061b3      0x921 Core/Src/stm32f4xx_hal_msp.o
 .debug_line    0x0000000000006ad4      0xa5b Core/Src/stm32f4xx_it.o
 .debug_line    0x000000000000752f      0x73b Core/Src/system_stm32f4xx.o
 .debug_line    0x0000000000007c6a      0x985 Core/Src/tim.o
 .debug_line    0x00000000000085ef      0xacb Core/Src/usart.o
 .debug_line    0x00000000000090ba       0x88 Core/Startup/startup_stm32f427iihx.o
 .debug_line    0x0000000000009142      0x9d7 Drivers/STM32F4xx_HAL_Driver/Src/stm32f4xx_hal.o
 .debug_line    0x0000000000009b19     0x110d Drivers/STM32F4xx_HAL_Driver/Src/stm32f4xx_hal_can.o
 .debug_line    0x000000000000ac26      0xc50 Drivers/STM32F4xx_HAL_Driver/Src/stm32f4xx_hal_cortex.o
 .debug_line    0x000000000000b876      0xf06 Drivers/STM32F4xx_HAL_Driver/Src/stm32f4xx_hal_dma.o
 .debug_line    0x000000000000c77c      0xb3f Drivers/STM32F4xx_HAL_Driver/Src/stm32f4xx_hal_gpio.o
 .debug_line    0x000000000000d2bb      0x8d0 Drivers/STM32F4xx_HAL_Driver/Src/stm32f4xx_hal_pwr_ex.o
 .debug_line    0x000000000000db8b      0xd1b Drivers/STM32F4xx_HAL_Driver/Src/stm32f4xx_hal_rcc.o
 .debug_line    0x000000000000e8a6     0x3695 Drivers/STM32F4xx_HAL_Driver/Src/stm32f4xx_hal_tim.o
 .debug_line    0x0000000000011f3b     0x199e Drivers/STM32F4xx_HAL_Driver/Src/stm32f4xx_hal_tim_ex.o
 .debug_line    0x00000000000138d9     0x2a28 Drivers/STM32F4xx_HAL_Driver/Src/stm32f4xx_hal_uart.o

.debug_str      0x0000000000000000    0xdb31c
 .debug_str     0x0000000000000000    0xd7686 Core/Src/GM6020.o
                                      0xd7ae6 (size before relaxing)
 .debug_str     0x00000000000d7686       0x61 Core/Src/app_serial.o
                                      0xd79c0 (size before relaxing)
 .debug_str     0x00000000000d76e7      0x6b0 Core/Src/can.o
                                      0xd804d (size before relaxing)
 .debug_str     0x00000000000d7d97      0x142 Core/Src/can_app.o
                                      0xd7afa (size before relaxing)
 .debug_str     0x00000000000d7ed9       0x19 Core/Src/definition.o
                                      0xd7978 (size before relaxing)
 .debug_str     0x00000000000d7ef2       0x1e Core/Src/dma.o
                                      0xd7f92 (size before relaxing)
 .debug_str     0x00000000000d7f10       0x20 Core/Src/gpio.o
                                      0xd7a59 (size before relaxing)
 .debug_str     0x00000000000d7f30      0x15c Core/Src/main.o
                                      0xd7bc0 (size before relaxing)
 .debug_str     0x00000000000d808c       0x4c Core/Src/mission.o
                                      0xd79ab (size before relaxing)
 .debug_str     0x00000000000d80d8       0x22 Core/Src/proj_init.o
                                      0xd7981 (size before relaxing)
 .debug_str     0x00000000000d80fa       0x2c Core/Src/stm32f4xx_hal_msp.o
                                      0xd7a65 (size before relaxing)
 .debug_str     0x00000000000d8126      0x155 Core/Src/stm32f4xx_it.o
                                      0xd7ab4 (size before relaxing)
 .debug_str     0x00000000000d827b       0xaf Core/Src/system_stm32f4xx.o
                                      0xd22f9 (size before relaxing)
 .debug_str     0x00000000000d832a       0xf7 Core/Src/tim.o
                                      0xd809d (size before relaxing)
 .debug_str     0x00000000000d8421       0x79 Core/Src/usart.o
                                      0xd7b6c (size before relaxing)
 .debug_str     0x00000000000d849a       0x36 Core/Startup/startup_stm32f427iihx.o
                                         0x7f (size before relaxing)
 .debug_str     0x00000000000d84d0      0x5b6 Drivers/STM32F4xx_HAL_Driver/Src/stm32f4xx_hal.o
                                      0xd2e63 (size before relaxing)
 .debug_str     0x00000000000d8a86      0x448 Drivers/STM32F4xx_HAL_Driver/Src/stm32f4xx_hal_can.o
                                      0xd29f2 (size before relaxing)
 .debug_str     0x00000000000d8ece      0x393 Drivers/STM32F4xx_HAL_Driver/Src/stm32f4xx_hal_cortex.o
                                      0xd2c04 (size before relaxing)
 .debug_str     0x00000000000d9261      0x315 Drivers/STM32F4xx_HAL_Driver/Src/stm32f4xx_hal_dma.o
                                      0xd2710 (size before relaxing)
 .debug_str     0x00000000000d9576      0x17b Drivers/STM32F4xx_HAL_Driver/Src/stm32f4xx_hal_gpio.o
                                      0xd24a0 (size before relaxing)
 .debug_str     0x00000000000d96f1      0x135 Drivers/STM32F4xx_HAL_Driver/Src/stm32f4xx_hal_pwr_ex.o
                                      0xd24f1 (size before relaxing)
 .debug_str     0x00000000000d9826      0x259 Drivers/STM32F4xx_HAL_Driver/Src/stm32f4xx_hal_rcc.o
                                      0xd26fb (size before relaxing)
 .debug_str     0x00000000000d9a7f      0xdc3 Drivers/STM32F4xx_HAL_Driver/Src/stm32f4xx_hal_tim.o
                                      0xd3615 (size before relaxing)
 .debug_str     0x00000000000da842      0x4ee Drivers/STM32F4xx_HAL_Driver/Src/stm32f4xx_hal_tim_ex.o
                                      0xd2dc6 (size before relaxing)
 .debug_str     0x00000000000dad30      0x5ec Drivers/STM32F4xx_HAL_Driver/Src/stm32f4xx_hal_uart.o
                                      0xd2c6e (size before relaxing)

.comment        0x0000000000000000       0x53
 .comment       0x0000000000000000       0x53 Core/Src/GM6020.o
                                         0x54 (size before relaxing)
 .comment       0x0000000000000053       0x54 Core/Src/app_serial.o
 .comment       0x0000000000000053       0x54 Core/Src/can.o
 .comment       0x0000000000000053       0x54 Core/Src/can_app.o
 .comment       0x0000000000000053       0x54 Core/Src/definition.o
 .comment       0x0000000000000053       0x54 Core/Src/dma.o
 .comment       0x0000000000000053       0x54 Core/Src/gpio.o
 .comment       0x0000000000000053       0x54 Core/Src/main.o
 .comment       0x0000000000000053       0x54 Core/Src/mission.o
 .comment       0x0000000000000053       0x54 Core/Src/proj_init.o
 .comment       0x0000000000000053       0x54 Core/Src/stm32f4xx_hal_msp.o
 .comment       0x0000000000000053       0x54 Core/Src/stm32f4xx_it.o
 .comment       0x0000000000000053       0x54 Core/Src/system_stm32f4xx.o
 .comment       0x0000000000000053       0x54 Core/Src/tim.o
 .comment       0x0000000000000053       0x54 Core/Src/usart.o
 .comment       0x0000000000000053       0x54 Drivers/STM32F4xx_HAL_Driver/Src/stm32f4xx_hal.o
 .comment       0x0000000000000053       0x54 Drivers/STM32F4xx_HAL_Driver/Src/stm32f4xx_hal_can.o
 .comment       0x0000000000000053       0x54 Drivers/STM32F4xx_HAL_Driver/Src/stm32f4xx_hal_cortex.o
 .comment       0x0000000000000053       0x54 Drivers/STM32F4xx_HAL_Driver/Src/stm32f4xx_hal_dma.o
 .comment       0x0000000000000053       0x54 Drivers/STM32F4xx_HAL_Driver/Src/stm32f4xx_hal_gpio.o
 .comment       0x0000000000000053       0x54 Drivers/STM32F4xx_HAL_Driver/Src/stm32f4xx_hal_pwr_ex.o
 .comment       0x0000000000000053       0x54 Drivers/STM32F4xx_HAL_Driver/Src/stm32f4xx_hal_rcc.o
 .comment       0x0000000000000053       0x54 Drivers/STM32F4xx_HAL_Driver/Src/stm32f4xx_hal_tim.o
 .comment       0x0000000000000053       0x54 Drivers/STM32F4xx_HAL_Driver/Src/stm32f4xx_hal_tim_ex.o
 .comment       0x0000000000000053       0x54 Drivers/STM32F4xx_HAL_Driver/Src/stm32f4xx_hal_uart.o

.debug_frame    0x0000000000000000     0x3f64
 .debug_frame   0x0000000000000000      0x16c Core/Src/GM6020.o
 .debug_frame   0x000000000000016c       0xa8 Core/Src/app_serial.o
 .debug_frame   0x0000000000000214       0x74 Core/Src/can.o
 .debug_frame   0x0000000000000288       0x84 Core/Src/can_app.o
 .debug_frame   0x000000000000030c       0x34 Core/Src/dma.o
 .debug_frame   0x0000000000000340       0x38 Core/Src/gpio.o
 .debug_frame   0x0000000000000378       0x68 Core/Src/main.o
 .debug_frame   0x00000000000003e0       0x50 Core/Src/mission.o
 .debug_frame   0x0000000000000430       0x2c Core/Src/proj_init.o
 .debug_frame   0x000000000000045c       0x38 Core/Src/stm32f4xx_hal_msp.o
 .debug_frame   0x0000000000000494      0x190 Core/Src/stm32f4xx_it.o
 .debug_frame   0x0000000000000624       0x58 Core/Src/system_stm32f4xx.o
 .debug_frame   0x000000000000067c       0x7c Core/Src/tim.o
 .debug_frame   0x00000000000006f8       0xb0 Core/Src/usart.o
 .debug_frame   0x00000000000007a8      0x3b4 Drivers/STM32F4xx_HAL_Driver/Src/stm32f4xx_hal.o
 .debug_frame   0x0000000000000b5c      0x5a0 Drivers/STM32F4xx_HAL_Driver/Src/stm32f4xx_hal_can.o
 .debug_frame   0x00000000000010fc      0x498 Drivers/STM32F4xx_HAL_Driver/Src/stm32f4xx_hal_cortex.o
 .debug_frame   0x0000000000001594      0x250 Drivers/STM32F4xx_HAL_Driver/Src/stm32f4xx_hal_dma.o
 .debug_frame   0x00000000000017e4      0x14c Drivers/STM32F4xx_HAL_Driver/Src/stm32f4xx_hal_gpio.o
 .debug_frame   0x0000000000001930      0x14c Drivers/STM32F4xx_HAL_Driver/Src/stm32f4xx_hal_pwr_ex.o
 .debug_frame   0x0000000000001a7c      0x1ec Drivers/STM32F4xx_HAL_Driver/Src/stm32f4xx_hal_rcc.o
 .debug_frame   0x0000000000001c68     0x11c4 Drivers/STM32F4xx_HAL_Driver/Src/stm32f4xx_hal_tim.o
 .debug_frame   0x0000000000002e2c      0x638 Drivers/STM32F4xx_HAL_Driver/Src/stm32f4xx_hal_tim_ex.o
 .debug_frame   0x0000000000003464      0x92c Drivers/STM32F4xx_HAL_Driver/Src/stm32f4xx_hal_uart.o
 .debug_frame   0x0000000000003d90       0x2c /opt/st/stm32cubeide_1.6.0/plugins/com.st.stm32cube.ide.mcu.externaltools.gnu-tools-for-stm32.9-2020-q2-update.linux64_1.5.0.202011040924/tools/bin/../lib/gcc/arm-none-eabi/9.3.1/../../../../arm-none-eabi/lib/thumb/v7e-m+fp/hard/libc_nano.a(lib_a-init.o)
 .debug_frame   0x0000000000003dbc       0x28 /opt/st/stm32cubeide_1.6.0/plugins/com.st.stm32cube.ide.mcu.externaltools.gnu-tools-for-stm32.9-2020-q2-update.linux64_1.5.0.202011040924/tools/bin/../lib/gcc/arm-none-eabi/9.3.1/../../../../arm-none-eabi/lib/thumb/v7e-m+fp/hard/libc_nano.a(lib_a-memcpy-stub.o)
 .debug_frame   0x0000000000003de4       0x20 /opt/st/stm32cubeide_1.6.0/plugins/com.st.stm32cube.ide.mcu.externaltools.gnu-tools-for-stm32.9-2020-q2-update.linux64_1.5.0.202011040924/tools/bin/../lib/gcc/arm-none-eabi/9.3.1/../../../../arm-none-eabi/lib/thumb/v7e-m+fp/hard/libc_nano.a(lib_a-memset.o)
 .debug_frame   0x0000000000003e04       0x30 /opt/st/stm32cubeide_1.6.0/plugins/com.st.stm32cube.ide.mcu.externaltools.gnu-tools-for-stm32.9-2020-q2-update.linux64_1.5.0.202011040924/tools/bin/../lib/gcc/arm-none-eabi/9.3.1/thumb/v7e-m+fp/hard/libgcc.a(_arm_muldf3.o)
 .debug_frame   0x0000000000003e34       0xac /opt/st/stm32cubeide_1.6.0/plugins/com.st.stm32cube.ide.mcu.externaltools.gnu-tools-for-stm32.9-2020-q2-update.linux64_1.5.0.202011040924/tools/bin/../lib/gcc/arm-none-eabi/9.3.1/thumb/v7e-m+fp/hard/libgcc.a(_arm_addsubdf3.o)
 .debug_frame   0x0000000000003ee0       0x24 /opt/st/stm32cubeide_1.6.0/plugins/com.st.stm32cube.ide.mcu.externaltools.gnu-tools-for-stm32.9-2020-q2-update.linux64_1.5.0.202011040924/tools/bin/../lib/gcc/arm-none-eabi/9.3.1/thumb/v7e-m+fp/hard/libgcc.a(_arm_truncdfsf2.o)
 .debug_frame   0x0000000000003f04       0x2c /opt/st/stm32cubeide_1.6.0/plugins/com.st.stm32cube.ide.mcu.externaltools.gnu-tools-for-stm32.9-2020-q2-update.linux64_1.5.0.202011040924/tools/bin/../lib/gcc/arm-none-eabi/9.3.1/thumb/v7e-m+fp/hard/libgcc.a(_aeabi_uldivmod.o)
 .debug_frame   0x0000000000003f30       0x34 /opt/st/stm32cubeide_1.6.0/plugins/com.st.stm32cube.ide.mcu.externaltools.gnu-tools-for-stm32.9-2020-q2-update.linux64_1.5.0.202011040924/tools/bin/../lib/gcc/arm-none-eabi/9.3.1/thumb/v7e-m+fp/hard/libgcc.a(_udivmoddi4.o)
